Microchip MPLAB XC8 Compiler V1.38 ()

Linker command line:

--edf=C:\Program Files (x86)\Microchip\xc8\v1.38\dat\en_msgs.txt -cs \
  -h+dist/16LF1459/production\USB-to-SPI.x.production.sym \
  --cmf=dist/16LF1459/production\USB-to-SPI.x.production.cmf -z -Q16LF1459 \
  -oC:\Users\nino\AppData\Local\Temp\s4ag.2 \
  -Mdist/16LF1459/production/USB-to-SPI.x.production.map -E1 -ver=XC8 \
  -ASTACK=02220h-023efh -pstack=STACK -ACODE=00h-07FFhx4 \
  -ASTRCODE=00h-01FFFh -ASTRING=00h-0FFhx32 -ACONST=00h-0FFhx32 \
  -AENTRY=00h-0FFhx32 -ACOMMON=070h-07Fh -ABANK0=020h-06Fh \
  -ABANK1=0A0h-0EFh -ABANK2=0120h-016Fh -ABANK3=01A0h-01EFh \
  -ABANK4=0220h-026Fh -ABANK5=02A0h-02EFh -ABANK6=0320h-036Fh \
  -ABANK7=03A0h-03EFh -ABANK8=0420h-046Fh -ABANK9=04A0h-04EFh \
  -ABANK10=0520h-056Fh -ABANK11=05A0h-05EFh -ABANK12=0620h-064Fh \
  -ABIGRAM=02000h-023EFh \
  -ARAM=020h-06Fh,0A0h-0EFh,0120h-016Fh,01A0h-01EFh,0220h-026Fh,02A0h-02EFh,0320h-036Fh,03A0h-03EFh,0420h-046Fh,04A0h-04EFh,0520h-056Fh,05A0h-05EFh,0620h-064Fh \
  -AABS1=020h-07Fh,0A0h-0EFh,0120h-016Fh,01A0h-01EFh,0220h-026Fh,02A0h-02EFh,0320h-036Fh,03A0h-03EFh,0420h-046Fh,04A0h-04EFh,0520h-056Fh,05A0h-05EFh,0620h-064Fh \
  -ASFR0=00h-01Fh -ASFR1=080h-09Fh -ASFR2=0100h-011Fh -ASFR3=0180h-019Fh \
  -ASFR4=0200h-021Fh -ASFR5=0280h-029Fh -ASFR6=0300h-031Fh \
  -ASFR7=0380h-039Fh -ASFR8=0400h-041Fh -ASFR9=0480h-049Fh \
  -ASFR10=0500h-051Fh -ASFR11=0580h-059Fh -ASFR12=0600h-061Fh \
  -ASFR13=0680h-06EFh -ASFR14=0700h-076Fh -ASFR15=0780h-07EFh \
  -ASFR16=0800h-086Fh -ASFR17=0880h-08EFh -ASFR18=0900h-096Fh \
  -ASFR19=0980h-09EFh -ASFR20=0A00h-0A6Fh -ASFR21=0A80h-0AEFh \
  -ASFR22=0B00h-0B6Fh -ASFR23=0B80h-0BEFh -ASFR24=0C00h-0C6Fh \
  -ASFR25=0C80h-0CEFh -ASFR26=0D00h-0D6Fh -ASFR27=0D80h-0DEFh \
  -ASFR28=0E00h-0E6Fh -ASFR29=0E80h-0EEFh -ASFR30=0F00h-0F6Fh \
  -ASFR31=0F80h-0FEFh -preset_vec=00h,intentry=04h,init,end_init \
  -ppowerup=CODE -pcinit=CODE -pfunctab=CODE -ACONFIG=08007h-08008h \
  -pconfig=CONFIG -DCONFIG=2 -AIDLOC=08000h-08003h -pidloc=IDLOC -DIDLOC=2 \
  -DCODE=2 -DSTRCODE=2 -DSTRING=2 -DCONST=2 -DENTRY=2 -k \
  C:\Users\nino\AppData\Local\Temp\s4ag.obj \
  dist/16LF1459/production\USB-to-SPI.x.production.obj 

Object code version is 3.11

Machine type is 16LF1459



                Name                               Link     Load   Length Selector   Space Scale
C:\Users\nino\AppData\Local\Temp\s4ag.obj
                end_init                             12       12        2        8       0
                reset_vec                             0        0        2        0       0
                config                             8007     8007        2    1000E       0
dist/16LF1459/production\USB-to-SPI.x.production.obj
                cinit                                14       14       2E        8       0
                intentry                              4        4        E        8       0
                text46                              CA1      CA1       6A     1942       0
                text45                              D0B      D0B       70     1A16       0
                text44                              D7B      D7B       72     1AF6       0
                text43                              5EF      5EF       A1      636       0
                text42                              997      997       37     132E       0
                text41                              BE0      BE0       5F     17C0       0
                text40                              A45      A45       42     148A       0
                text39                              880      880       20     1100       0
                text38                              E6C      E6C       83     1CD8       0
                text37                              961      961       36     12C2       0
                text36                             177A     177A       15     2EF4       0
                text35                              9CE      9CE       38     139C       0
                text34                               42       42      129        8       0
                text33                              DED      DED       7F     1BDA       0
                text32                              B2F      B2F       55     165E       0
                text31                             17D0     17D0       18     2FA0       0
                text30                              722      722       8E      636       0
                swtext1                             800      800       1A     1000       0
                text29                              C3F      C3F       62     187E       0
                text28                              B84      B84       5C     1708       0
                text27                              690      690       92      636       0
                text26                              A87      A87       54     150E       0
                text25                              ADB      ADB       54     15B6       0
                text24                             17E8     17E8       18     2FD0       0
                text23                              8E3      8E3       27     11C6       0
                text22                              861      861       1F     10C2       0
                text21                              8A0      8A0       20     1140       0
                text20                              49B      49B       AE      636       0
                text19                              16B      16B       E7        8       0
                text17                              7B0      7B0       43      636       0
                text16                              8C0      8C0       23     1180       0
                text15                              EEF      EEF       84     1DDE       0
                text14                              A06      A06       3F     140C       0
                text13                              31B      31B       C8      636       0
                text12                             1771     1771        9     2EE2       0
                text11                              935      935       2C     126A       0
                text10                             178F     178F       15     2F1E       0
                text9                              17A4     17A4       15     2F48       0
                text8                              17B9     17B9       17     2F72       0
                text7                               845      845       1C     108A       0
                text6                               3E3      3E3       B8      636       0
                text5                               90A      90A       2B     1214       0
                text4                               7F3      7F3        9      636       0
                text3                               81C      81C        F     1038       0
                text2                               F73      F73       8D     1EE6       0
                text1                               82B      82B       1A     1056       0
                maintext                            549      549       A6      636       0
                cstackBANK0                          60       60       10       60       1
                cstackCOMMON                         70       70        E       70       1
                cstackBANK1                          E6       E6        6       E0       1
                cstackBANK2                         160      160        D      160       1
                cstackBANK3                         1E7      1E7        8      1A0       1
                cstackBANK4                         232      232        6      220       1
                clrtext                            176B     176B        6     2ED6       0
                bssBANK6                            320      320       40      320       1
                bssBANK5                            2A0      2A0       40      2A0       1
                bssBANK4                            220      220       12      220       1
                bssBANK3                            1A0      1A0       47      1A0       1
                bssBANK2                            16D      16D        3      160       1
                bssBANK1                             E0       E0        6       E0       1
                stringtext                          252      252       C9      4A4       0

TOTAL           Name                               Link     Load   Length     Space
        CLASS   STACK          

        CLASS   CODE           
                end_init                             12       12        2         0
                cinit                                14       14       2E         0
                intentry                              4        4        E         0
                reset_vec                             0        0        2         0
                text46                              CA1      CA1       6A         0
                text45                              D0B      D0B       70         0
                text44                              D7B      D7B       72         0
                text43                              5EF      5EF       A1         0
                text42                              997      997       37         0
                text41                              BE0      BE0       5F         0
                text40                              A45      A45       42         0
                text39                              880      880       20         0
                text38                              E6C      E6C       83         0
                text37                              961      961       36         0
                text36                             177A     177A       15         0
                text35                              9CE      9CE       38         0
                text34                               42       42      129         0
                text33                              DED      DED       7F         0
                text32                              B2F      B2F       55         0
                text31                             17D0     17D0       18         0
                text30                              722      722       8E         0
                text29                              C3F      C3F       62         0
                text28                              B84      B84       5C         0
                text27                              690      690       92         0
                text26                              A87      A87       54         0
                text25                              ADB      ADB       54         0
                text24                             17E8     17E8       18         0
                text23                              8E3      8E3       27         0
                text22                              861      861       1F         0
                text21                              8A0      8A0       20         0
                text20                              49B      49B       AE         0
                text19                              16B      16B       E7         0
                text17                              7B0      7B0       43         0
                text16                              8C0      8C0       23         0
                text15                              EEF      EEF       84         0
                text14                              A06      A06       3F         0
                text13                              31B      31B       C8         0
                text12                             1771     1771        9         0
                text11                              935      935       2C         0
                text10                             178F     178F       15         0
                text9                              17A4     17A4       15         0
                text8                              17B9     17B9       17         0
                text7                               845      845       1C         0
                text6                               3E3      3E3       B8         0
                text5                               90A      90A       2B         0
                text4                               7F3      7F3        9         0
                text3                               81C      81C        F         0
                text2                               F73      F73       8D         0
                text1                               82B      82B       1A         0
                maintext                            549      549       A6         0
                clrtext                            176B     176B        6         0

        CLASS   STRCODE        
                stringtext                          252      252       C9         0

        CLASS   STRING         

        CLASS   CONST          
                swtext1                             800      800       1A         0

        CLASS   ENTRY          

        CLASS   COMMON         
                cstackCOMMON                         70       70        E         1

        CLASS   BANK0          
                cstackBANK0                          60       60       10         1

        CLASS   BANK1          
                cstackBANK1                          E6       E6        6         1
                bssBANK1                             E0       E0        6         1

        CLASS   BANK2          
                cstackBANK2                         160      160        D         1
                bssBANK2                            16D      16D        3         1

        CLASS   BANK3          
                cstackBANK3                         1E7      1E7        8         1
                bssBANK3                            1A0      1A0       47         1

        CLASS   BANK4          
                cstackBANK4                         232      232        6         1
                bssBANK4                            220      220       12         1

        CLASS   BANK5          
                bssBANK5                            2A0      2A0       40         1

        CLASS   BANK6          
                bssBANK6                            320      320       40         1

        CLASS   BANK7          

        CLASS   BANK8          

        CLASS   BANK9          

        CLASS   BANK10         

        CLASS   BANK11         

        CLASS   BANK12         

        CLASS   BIGRAM         

        CLASS   RAM            

        CLASS   ABS1           
                abs_s1                               20       20       40         1
                abs_s1                               7E       7E        2         1
                abs_s1                               A0       A0       40         1
                abs_s1                              120      120       40         1

        CLASS   SFR0           

        CLASS   SFR1           

        CLASS   SFR2           

        CLASS   SFR3           

        CLASS   SFR4           

        CLASS   SFR5           

        CLASS   SFR6           

        CLASS   SFR7           

        CLASS   SFR8           

        CLASS   SFR9           

        CLASS   SFR10          

        CLASS   SFR11          

        CLASS   SFR12          

        CLASS   SFR13          

        CLASS   SFR14          

        CLASS   SFR15          

        CLASS   SFR16          

        CLASS   SFR17          

        CLASS   SFR18          

        CLASS   SFR19          

        CLASS   SFR20          

        CLASS   SFR21          

        CLASS   SFR22          

        CLASS   SFR23          

        CLASS   SFR24          

        CLASS   SFR25          

        CLASS   SFR26          

        CLASS   SFR27          

        CLASS   SFR28          

        CLASS   SFR29          

        CLASS   SFR30          

        CLASS   SFR31          

        CLASS   CONFIG         
                config                             8007     8007        2         0

        CLASS   IDLOC          

        CLASS   BANK31         

        CLASS   BANK30         

        CLASS   BANK29         

        CLASS   BANK28         

        CLASS   BANK27         

        CLASS   BANK26         

        CLASS   BANK25         

        CLASS   BANK24         

        CLASS   BANK23         

        CLASS   BANK22         

        CLASS   BANK21         

        CLASS   BANK20         

        CLASS   BANK19         

        CLASS   BANK18         

        CLASS   BANK17         

        CLASS   BANK16         

        CLASS   BANK15         

        CLASS   BANK14         

        CLASS   BANK13         

        CLASS   EEDATA         



SEGMENTS        Name                           Load    Length   Top    Selector   Space  Class     Delta

                reset_vec                      000000  000002  000002         0       0  CODE        2
                intentry                       000004  00024E  000252         8       0  CODE        2
                cstackBANK0                    000060  000010  000070        60       1  BANK0       1
                cstackCOMMON                   000070  00000E  00007E        70       1  COMMON      1
                bssBANK1                       0000E0  00000C  0000EC        E0       1  BANK1       1
                cstackBANK2                    000160  000010  000170       160       1  BANK2       1
                bssBANK3                       0001A0  00004F  0001EF       1A0       1  BANK3       1
                bssBANK4                       000220  000018  000238       220       1  BANK4       1
                bssBANK5                       0002A0  000040  0002E0       2A0       1  BANK5       1
                bssBANK6                       000320  000040  000360       320       1  BANK6       1
                stringtext                     000252  0000C9  00031B       4A4       0  STRCODE     2
                text13                         00031B  0004E1  0007FC       636       0  CODE        2
                swtext1                        000800  00001A  00081A      1000       0  CONST       2
                text3                          00081C  00000F  00082B      1038       0  CODE        2
                text1                          00082B  00001A  000845      1056       0  CODE        2
                text7                          000845  00001C  000861      108A       0  CODE        2
                text22                         000861  00001F  000880      10C2       0  CODE        2
                text39                         000880  000020  0008A0      1100       0  CODE        2
                text21                         0008A0  000020  0008C0      1140       0  CODE        2
                text16                         0008C0  000023  0008E3      1180       0  CODE        2
                text23                         0008E3  000027  00090A      11C6       0  CODE        2
                text5                          00090A  00002B  000935      1214       0  CODE        2
                text11                         000935  00002C  000961      126A       0  CODE        2
                text37                         000961  000036  000997      12C2       0  CODE        2
                text42                         000997  000037  0009CE      132E       0  CODE        2
                text35                         0009CE  000038  000A06      139C       0  CODE        2
                text14                         000A06  00003F  000A45      140C       0  CODE        2
                text40                         000A45  000042  000A87      148A       0  CODE        2
                text26                         000A87  000054  000ADB      150E       0  CODE        2
                text25                         000ADB  000054  000B2F      15B6       0  CODE        2
                text32                         000B2F  000055  000B84      165E       0  CODE        2
                text28                         000B84  00005C  000BE0      1708       0  CODE        2
                text41                         000BE0  00005F  000C3F      17C0       0  CODE        2
                text29                         000C3F  000062  000CA1      187E       0  CODE        2
                text46                         000CA1  00006A  000D0B      1942       0  CODE        2
                text45                         000D0B  000070  000D7B      1A16       0  CODE        2
                text44                         000D7B  000072  000DED      1AF6       0  CODE        2
                text33                         000DED  00007F  000E6C      1BDA       0  CODE        2
                text38                         000E6C  000083  000EEF      1CD8       0  CODE        2
                text15                         000EEF  000084  000F73      1DDE       0  CODE        2
                text2                          000F73  00008D  001000      1EE6       0  CODE        2
                clrtext                        00176B  000006  001771      2ED6       0  CODE        2
                text12                         001771  000009  00177A      2EE2       0  CODE        2
                text36                         00177A  000015  00178F      2EF4       0  CODE        2
                text10                         00178F  000015  0017A4      2F1E       0  CODE        2
                text9                          0017A4  000015  0017B9      2F48       0  CODE        2
                text8                          0017B9  000017  0017D0      2F72       0  CODE        2
                text31                         0017D0  000018  0017E8      2FA0       0  CODE        2
                text24                         0017E8  000018  001800      2FD0       0  CODE        2
                config                         008007  000002  008009     1000E       0  CONFIG      2


UNUSED ADDRESS RANGES

        Name                Unused          Largest block    Delta
        BANK1            000EC-000EF               4           1
        BANK10           00520-0056F              50           1
        BANK11           005A0-005EF              50           1
        BANK12           00620-0064F              30           1
        BANK3            001EF-001EF               1           1
        BANK4            00238-0026F              38           1
        BANK5            002E0-002EF              10           1
        BANK6            00360-0036F              10           1
        BANK7            003A0-003EF              50           1
        BANK8            00420-0046F              50           1
        BANK9            004A0-004EF              50           1
        BIGRAM           02000-023EF             3F0           1
        CODE             00002-00003               2           2
                         007FC-007FF               4
                         0081A-0081B               2
                         01000-0176A             76B
                         01800-01FFF             800
        CONST            00002-00003               2           2
                         007FC-007FF               4
                         0081A-0081B               2
                         01000-0176A             100
                         01800-01FFF             100
        ENTRY            00002-00003               2           2
                         007FC-007FF               4
                         0081A-0081B               2
                         01000-0176A             100
                         01800-01FFF             100
        IDLOC            08000-08003               4           2
        RAM              000EC-000EF               4           1
                         001EF-001EF               1
                         00238-0026F              38
                         002E0-002EF              10
                         00360-0036F              10
                         003A0-003EF              50
                         00420-0046F              50
                         004A0-004EF              50
                         00520-0056F              50
                         005A0-005EF              50
                         00620-0064F              30
        SFR0             00000-0001F              20           1
        SFR1             00080-0009F              20           1
        SFR10            00500-0051F              20           1
        SFR11            00580-0059F              20           1
        SFR12            00600-0061F              20           1
        SFR13            00680-006EF              70           1
        SFR14            00700-0076F              70           1
        SFR15            00780-007EF              70           1
        SFR16            00800-0086F              70           1
        SFR17            00880-008EF              70           1
        SFR18            00900-0096F              70           1
        SFR19            00980-009EF              70           1
        SFR2             00100-0011F              20           1
        SFR20            00A00-00A6F              70           1
        SFR21            00A80-00AEF              70           1
        SFR22            00B00-00B6F              70           1
        SFR23            00B80-00BEF              70           1
        SFR24            00C00-00C6F              70           1
        SFR25            00C80-00CEF              70           1
        SFR26            00D00-00D6F              70           1
        SFR27            00D80-00DEF              70           1
        SFR28            00E00-00E6F              70           1
        SFR29            00E80-00EEF              70           1
        SFR3             00180-0019F              20           1
        SFR30            00F00-00F6F              70           1
        SFR31            00F80-00FEF              70           1
        SFR4             00200-0021F              20           1
        SFR5             00280-0029F              20           1
        SFR6             00300-0031F              20           1
        SFR7             00380-0039F              20           1
        SFR8             00400-0041F              20           1
        SFR9             00480-0049F              20           1
        STACK            02220-023EF             1D0           1
        STRCODE          00002-00003               2           2
                         007FC-007FF               4
                         0081A-0081B               2
                         01000-0176A             76B
                         01800-01FFF             800
        STRING           00002-00003               2           2
                         007FC-007FF               4
                         0081A-0081B               2
                         01000-0176A             100
                         01800-01FFF             100

                                  Symbol Table

?_USBTransferOnePacket                    cstackBANK2  00160
?i1_USBTransferOnePacket                  cstackCOMMON 00070
CDCTxService@byte_to_send                 cstackBANK3  001E8
CDCTxService@i                            cstackBANK3  001E7
ReadPayload@data                          cstackBANK2  00161
ReadPayload@i                             cstackBANK2  00165
ReadPayload@num                           cstackBANK2  00164
ReadRegister@reg                          cstackBANK2  00162
ReadRegister@temp                         cstackBANK2  00163
ReadRegister@temp1                        cstackBANK2  00164
SPI_transfer@data                         cstackBANK2  00160
SYSTEM_Initialize@state                   cstackBANK2  00160
USBConfigureEndpoint@EPNum                cstackBANK2  00165
USBConfigureEndpoint@direction            cstackBANK2  00160
USBConfigureEndpoint@handle               cstackBANK2  00166
USBCtrlTrfInHandler@lastDTS               cstackCOMMON 00075
USBCtrlTrfRxService@byteToRead            cstackCOMMON 00075
USBCtrlTrfRxService@i                     cstackCOMMON 00074
USBCtrlTrfTxService@byteToSend            cstackCOMMON 00072
USBDeviceInit@i                           cstackBANK2  00164
USBDeviceInit@i_821                       cstackBANK2  00163
USBDeviceInit@p                           cstackBANK2  00161
USBDeviceTasks@i                          cstackBANK0  0006F
USBEnableEndpoint@ep                      cstackBANK2  0016C
USBEnableEndpoint@options                 cstackBANK2  00167
USBEnableEndpoint@p                       cstackBANK2  0016A
USBStdFeatureReqHandler@current_ep_data   cstackBANK0  0006A
USBStdFeatureReqHandler@p                 cstackBANK0  0006B
USBStdFeatureReqHandler@pUEP              cstackBANK0  00068
USBStdGetStatusHandler@p                  cstackCOMMON 00071
USBStdSetCfgHandler@i                     cstackBANK0  0006A
USBStdSetCfgHandler@i_1174                cstackBANK0  00069
USBStdSetCfgHandler@p                     cstackBANK0  00067
USBTransferOnePacket@data                 cstackBANK2  00161
USBTransferOnePacket@dir                  cstackBANK2  00160
USBTransferOnePacket@ep                   cstackBANK2  00168
USBTransferOnePacket@handle               cstackBANK2  00169
USBTransferOnePacket@len                  cstackBANK2  00163
USER_USB_CALLBACK_EVENT_HANDLER@event     cstackBANK0  00060
USER_USB_CALLBACK_EVENT_HANDLER@pdata     cstackBANK0  00062
USER_USB_CALLBACK_EVENT_HANDLER@size      cstackBANK0  00064
WriteAddress@addr                         cstackBANK2  00162
WriteAddress@i                            cstackBANK2  00165
WriteAddress@num                          cstackBANK2  00161
WriteAddress@reg                          cstackBANK2  00164
WriteCommand@command                      cstackBANK2  00161
WriteRegister@reg                         cstackBANK2  00162
WriteRegister@val                         cstackBANK2  00161
_ACTCON                                   (abs)        0039B
_ANSELA                                   (abs)        0018C
_ANSELB                                   (abs)        0018D
_ANSELC                                   (abs)        0018E
_BDT                                      (abs)        00020
_BothEP0OutUOWNsSet                       bssBANK3     001CE
_CDCDataInHandle                          bssBANK3     001C6
_CDCDataOutHandle                         bssBANK3     001C8
_CDCInitEP                                text14       00A06
_CDCTxService                             text13       0031B
_CtrlTrfData                              (abs)        00058
_INTCONbits                               (abs)        0000B
_LATAbits                                 (abs)        0010C
_LATCbits                                 (abs)        0010E
_OSCCON                                   (abs)        00099
_PIE2bits                                 (abs)        00092
_PIR2bits                                 (abs)        00012
_ReadPayload                              text11       00935
_ReadRegister                             text10       0178F
_RemoteWakeup                             bssBANK3     001CF
_SPI_init                                 text9        017A4
_SPI_transfer                             text12       01771
_SSPBUF                                   (abs)        00211
_SSPCON1bits                              (abs)        00215
_SSPSTATbits                              (abs)        00214
_SYSTEM_Initialize                        text8        017B9
_SYS_InterruptHigh                        intentry     00004
_SetupPkt                                 (abs)        00050
_TRISAbits                                (abs)        0008C
_TRISBbits                                (abs)        0008D
_TRISCbits                                (abs)        0008E
_UADDR                                    (abs)        00E96
_UCFG                                     (abs)        00E91
_UCON                                     (abs)        00E8E
_UCONbits                                 (abs)        00E8E
_UEIE                                     (abs)        00E97
_UEIR                                     (abs)        00E93
_UEP0                                     (abs)        00E98
_UEP0bits                                 (abs)        00E98
_UEP1                                     (abs)        00E99
_UIE                                      (abs)        00E92
_UIEbits                                  (abs)        00E92
_UIR                                      (abs)        00E90
_UIRbits                                  (abs)        00E90
_USB1msTickCount                          bssBANK3     001BC
_USBActiveConfiguration                   bssBANK2     0016F
_USBAlternateInterface                    bssBANK3     001E5
_USBBusIsSuspended                        bssBANK3     001D0
_USBCheckCDCRequest                       text41       00BE0
_USBCheckStdRequest                       text29       00C3F
_USBConfigureEndpoint                     text17       007B0
_USBCtrlEPAllowDataStage                  text28       00B84
_USBCtrlEPAllowStatusStage                text44       00D7B
_USBCtrlEPService                         text25       00ADB
_USBCtrlEPServiceComplete                 text27       00690
_USBCtrlTrfInHandler                      text45       00D0B
_USBCtrlTrfOutHandler                     text42       00997
_USBCtrlTrfRxService                      text43       005EF
_USBCtrlTrfSetupHandler                   text26       00A87
_USBCtrlTrfTxService                      text46       00CA1
_USBDeferINDataStagePackets               bssBANK3     001D1
_USBDeferOUTDataStagePackets              bssBANK3     001D2
_USBDeferStatusStagePacket                bssBANK3     001D3
_USBDeviceAttach                          text7        00845
_USBDeviceInit                            text6        003E3
_USBDeviceState                           bssBANK2     0016D
_USBDeviceTasks                           text19       0016B
_USBEnableEndpoint                        text16       008C0
_USBIncrement1msInternalTimers            text24       017E8
_USBStallHandler                          text23       008E3
_USBStatusStageEnabledFlag1               bssBANK3     001D4
_USBStatusStageEnabledFlag2               bssBANK3     001D5
_USBStatusStageTimeoutCounter             bssBANK3     001D6
_USBStdFeatureReqHandler                  text34       00042
_USBStdGetDscHandler                      text33       00DED
_USBStdGetStatusHandler                   text32       00B2F
_USBStdSetCfgHandler                      text30       00722
_USBSuspend                               text22       00861
_USBTicksSinceSuspendEnd                  bssBANK3     001D7
_USBTransferOnePacket                     text15       00EEF
_USBWakeFromSuspend                       text21       008A0
_USB_CD_Ptr                               stringtext   00258
_USB_SD_Ptr                               stringtext   00252
_USER_USB_CALLBACK_EVENT_HANDLER          text35       009CE
_USTAT                                    (abs)        00E8F
_USTATcopy                                bssBANK1     000E5
_WriteAddress                             text5        0090A
_WriteCommand                             text4        007F3
_WriteRegister                            text3        0081C
__CFG_BOREN$OFF                           (abs)        00000
__CFG_BORV$LO                             (abs)        00000
__CFG_CLKOUTEN$OFF                        (abs)        00000
__CFG_CP$OFF                              (abs)        00000
__CFG_CPUDIV$NOCLKDIV                     (abs)        00000
__CFG_FCMEN$OFF                           (abs)        00000
__CFG_FOSC$INTOSC                         (abs)        00000
__CFG_IESO$OFF                            (abs)        00000
__CFG_LPBOR$OFF                           (abs)        00000
__CFG_LVP$OFF                             (abs)        00000
__CFG_MCLRE$ON                            (abs)        00000
__CFG_PLLEN$DISABLED                      (abs)        00000
__CFG_PLLMULT$3x                          (abs)        00000
__CFG_PWRTE$OFF                           (abs)        00000
__CFG_STVREN$OFF                          (abs)        00000
__CFG_USBLSCLK$48MHz                      (abs)        00000
__CFG_WDTE$OFF                            (abs)        00000
__CFG_WRT$OFF                             (abs)        00000
__Habs1                                   abs1         00000
__Hbank0                                  bank0        00000
__Hbank1                                  bank1        00000
__Hbank10                                 bank10       00000
__Hbank11                                 bank11       00000
__Hbank12                                 bank12       00000
__Hbank13                                 bank13       00000
__Hbank14                                 bank14       00000
__Hbank15                                 bank15       00000
__Hbank16                                 bank16       00000
__Hbank17                                 bank17       00000
__Hbank18                                 bank18       00000
__Hbank19                                 bank19       00000
__Hbank2                                  bank2        00000
__Hbank20                                 bank20       00000
__Hbank21                                 bank21       00000
__Hbank22                                 bank22       00000
__Hbank23                                 bank23       00000
__Hbank24                                 bank24       00000
__Hbank25                                 bank25       00000
__Hbank26                                 bank26       00000
__Hbank27                                 bank27       00000
__Hbank28                                 bank28       00000
__Hbank29                                 bank29       00000
__Hbank3                                  bank3        00000
__Hbank30                                 bank30       00000
__Hbank31                                 bank31       00000
__Hbank4                                  bank4        00000
__Hbank5                                  bank5        00000
__Hbank6                                  bank6        00000
__Hbank7                                  bank7        00000
__Hbank8                                  bank8        00000
__Hbank9                                  bank9        00000
__Hbigram                                 bigram       00000
__HbssBANK1                               bssBANK1     00000
__HbssBANK2                               bssBANK2     00000
__HbssBANK3                               bssBANK3     00000
__HbssBANK4                               bssBANK4     00000
__HbssBANK5                               bssBANK5     00000
__HbssBANK6                               bssBANK6     00000
__Hcinit                                  cinit        00042
__Hclrtext                                clrtext      00000
__Hcode                                   code         00000
__Hcommon                                 common       00000
__Hconfig                                 config       08009
__HcstackBANK0                            cstackBANK0  00000
__HcstackBANK1                            cstackBANK1  00000
__HcstackBANK2                            cstackBANK2  00000
__HcstackBANK3                            cstackBANK3  00000
__HcstackBANK4                            cstackBANK4  00000
__HcstackCOMMON                           cstackCOMMON 00000
__Heeprom_data                            eeprom_data  00000
__Hend_init                               end_init     00014
__Hfunctab                                functab      00000
__Hidloc                                  idloc        00000
__Hinit                                   init         00012
__Hintentry                               intentry     00012
__Hmaintext                               maintext     00000
__Hpowerup                                powerup      00000
__Hram                                    ram          00000
__Hreset_vec                              reset_vec    00002
__Hsfr0                                   sfr0         00000
__Hsfr1                                   sfr1         00000
__Hsfr10                                  sfr10        00000
__Hsfr11                                  sfr11        00000
__Hsfr12                                  sfr12        00000
__Hsfr13                                  sfr13        00000
__Hsfr14                                  sfr14        00000
__Hsfr15                                  sfr15        00000
__Hsfr16                                  sfr16        00000
__Hsfr17                                  sfr17        00000
__Hsfr18                                  sfr18        00000
__Hsfr19                                  sfr19        00000
__Hsfr2                                   sfr2         00000
__Hsfr20                                  sfr20        00000
__Hsfr21                                  sfr21        00000
__Hsfr22                                  sfr22        00000
__Hsfr23                                  sfr23        00000
__Hsfr24                                  sfr24        00000
__Hsfr25                                  sfr25        00000
__Hsfr26                                  sfr26        00000
__Hsfr27                                  sfr27        00000
__Hsfr28                                  sfr28        00000
__Hsfr29                                  sfr29        00000
__Hsfr3                                   sfr3         00000
__Hsfr30                                  sfr30        00000
__Hsfr31                                  sfr31        00000
__Hsfr4                                   sfr4         00000
__Hsfr5                                   sfr5         00000
__Hsfr6                                   sfr6         00000
__Hsfr7                                   sfr7         00000
__Hsfr8                                   sfr8         00000
__Hsfr9                                   sfr9         00000
__Hspace_0                                (abs)        08009
__Hspace_1                                (abs)        00360
__Hspace_2                                (abs)        00000
__Hspace_3                                (abs)        00000
__Hstack                                  stack        00000
__Hstrings                                strings      00000
__Hstringtext                             stringtext   00000
__Htext                                   text         00000
__Labs1                                   abs1         00000
__Lbank0                                  bank0        00000
__Lbank1                                  bank1        00000
__Lbank10                                 bank10       00000
__Lbank11                                 bank11       00000
__Lbank12                                 bank12       00000
__Lbank13                                 bank13       00000
__Lbank14                                 bank14       00000
__Lbank15                                 bank15       00000
__Lbank16                                 bank16       00000
__Lbank17                                 bank17       00000
__Lbank18                                 bank18       00000
__Lbank19                                 bank19       00000
__Lbank2                                  bank2        00000
__Lbank20                                 bank20       00000
__Lbank21                                 bank21       00000
__Lbank22                                 bank22       00000
__Lbank23                                 bank23       00000
__Lbank24                                 bank24       00000
__Lbank25                                 bank25       00000
__Lbank26                                 bank26       00000
__Lbank27                                 bank27       00000
__Lbank28                                 bank28       00000
__Lbank29                                 bank29       00000
__Lbank3                                  bank3        00000
__Lbank30                                 bank30       00000
__Lbank31                                 bank31       00000
__Lbank4                                  bank4        00000
__Lbank5                                  bank5        00000
__Lbank6                                  bank6        00000
__Lbank7                                  bank7        00000
__Lbank8                                  bank8        00000
__Lbank9                                  bank9        00000
__Lbigram                                 bigram       00000
__LbssBANK1                               bssBANK1     00000
__LbssBANK2                               bssBANK2     00000
__LbssBANK3                               bssBANK3     00000
__LbssBANK4                               bssBANK4     00000
__LbssBANK5                               bssBANK5     00000
__LbssBANK6                               bssBANK6     00000
__Lcinit                                  cinit        00014
__Lclrtext                                clrtext      00000
__Lcode                                   code         00000
__Lcommon                                 common       00000
__Lconfig                                 config       08007
__LcstackBANK0                            cstackBANK0  00000
__LcstackBANK1                            cstackBANK1  00000
__LcstackBANK2                            cstackBANK2  00000
__LcstackBANK3                            cstackBANK3  00000
__LcstackBANK4                            cstackBANK4  00000
__LcstackCOMMON                           cstackCOMMON 00000
__Leeprom_data                            eeprom_data  00000
__Lend_init                               end_init     00012
__Lfunctab                                functab      00000
__Lidloc                                  idloc        00000
__Linit                                   init         00012
__Lintentry                               intentry     00004
__Lmaintext                               maintext     00000
__Lpowerup                                powerup      00000
__Lram                                    ram          00000
__Lreset_vec                              reset_vec    00000
__Lsfr0                                   sfr0         00000
__Lsfr1                                   sfr1         00000
__Lsfr10                                  sfr10        00000
__Lsfr11                                  sfr11        00000
__Lsfr12                                  sfr12        00000
__Lsfr13                                  sfr13        00000
__Lsfr14                                  sfr14        00000
__Lsfr15                                  sfr15        00000
__Lsfr16                                  sfr16        00000
__Lsfr17                                  sfr17        00000
__Lsfr18                                  sfr18        00000
__Lsfr19                                  sfr19        00000
__Lsfr2                                   sfr2         00000
__Lsfr20                                  sfr20        00000
__Lsfr21                                  sfr21        00000
__Lsfr22                                  sfr22        00000
__Lsfr23                                  sfr23        00000
__Lsfr24                                  sfr24        00000
__Lsfr25                                  sfr25        00000
__Lsfr26                                  sfr26        00000
__Lsfr27                                  sfr27        00000
__Lsfr28                                  sfr28        00000
__Lsfr29                                  sfr29        00000
__Lsfr3                                   sfr3         00000
__Lsfr30                                  sfr30        00000
__Lsfr31                                  sfr31        00000
__Lsfr4                                   sfr4         00000
__Lsfr5                                   sfr5         00000
__Lsfr6                                   sfr6         00000
__Lsfr7                                   sfr7         00000
__Lsfr8                                   sfr8         00000
__Lsfr9                                   sfr9         00000
__Lspace_0                                (abs)        00000
__Lspace_1                                (abs)        00000
__Lspace_2                                (abs)        00000
__Lspace_3                                (abs)        00000
__Lstack                                  stack        00000
__Lstrings                                strings      00000
__Lstringtext                             stringtext   00000
__Ltext                                   text         00000
__S0                                      (abs)        08009
__S1                                      (abs)        00360
__S2                                      (abs)        00000
___int_sp                                 stack        00000
___latbits                                (abs)        00002
___sp                                     stack        00000
__end_of_CDCInitEP                        text14       00A45
__end_of_CDCTxService                     text13       003E3
__end_of_ReadPayload                      text11       00961
__end_of_ReadRegister                     text10       017A4
__end_of_SPI_init                         text9        017B9
__end_of_SPI_transfer                     text12       0177A
__end_of_SYSTEM_Initialize                text8        017D0
__end_of_SYS_InterruptHigh                intentry     00012
__end_of_USBCheckCDCRequest               text41       00C3F
__end_of_USBCheckStdRequest               text29       00CA1
__end_of_USBConfigureEndpoint             text17       007F3
__end_of_USBCtrlEPAllowDataStage          text28       00BE0
__end_of_USBCtrlEPAllowStatusStage        text44       00DED
__end_of_USBCtrlEPService                 text25       00B2F
__end_of_USBCtrlEPServiceComplete         text27       00722
__end_of_USBCtrlTrfInHandler              text45       00D7B
__end_of_USBCtrlTrfOutHandler             text42       009CE
__end_of_USBCtrlTrfRxService              text43       00690
__end_of_USBCtrlTrfSetupHandler           text26       00ADB
__end_of_USBCtrlTrfTxService              text46       00D0B
__end_of_USBDeviceAttach                  text7        00861
__end_of_USBDeviceInit                    text6        0049B
__end_of_USBDeviceTasks                   text19       00252
__end_of_USBEnableEndpoint                text16       008E3
__end_of_USBIncrement1msInternalTimers    text24       01800
__end_of_USBStallHandler                  text23       0090A
__end_of_USBStdFeatureReqHandler          text34       0016B
__end_of_USBStdGetDscHandler              text33       00E6C
__end_of_USBStdGetStatusHandler           text32       00B84
__end_of_USBStdSetCfgHandler              text30       007B0
__end_of_USBSuspend                       text22       00880
__end_of_USBTransferOnePacket             text15       00F73
__end_of_USBWakeFromSuspend               text21       008C0
__end_of_USB_CD_Ptr                       stringtext   0025A
__end_of_USB_SD_Ptr                       stringtext   00258
__end_of_USER_USB_CALLBACK_EVENT_HANDLER  text35       00A06
__end_of_WriteAddress                     text5        00935
__end_of_WriteCommand                     text4        007FC
__end_of_WriteRegister                    text3        0082B
__end_of__initialization                  cinit        0003E
__end_of_configDescriptor1                stringtext   0029D
__end_of_device_dsc                       stringtext   00317
__end_of_main                             maintext     005EF
__end_of_memset                           text31       017E8
__end_of_nRF_Setup                        text2        01000
__end_of_putUSBUSART                      text1        00845
__end_of_sd000                            stringtext   0031B
__end_of_sd001                            stringtext   002D1
__end_of_sd002                            stringtext   00305
__end_ofi1_CDCInitEP                      text37       00997
__end_ofi1_SYSTEM_Initialize              text36       0178F
__end_ofi1_USBConfigureEndpoint           text40       00A87
__end_ofi1_USBDeviceInit                  text20       00549
__end_ofi1_USBEnableEndpoint              text39       008A0
__end_ofi1_USBTransferOnePacket           text38       00EEF
__initialization                          cinit        00014
__pbssBANK1                               bssBANK1     000E0
__pbssBANK2                               bssBANK2     0016D
__pbssBANK3                               bssBANK3     001A0
__pbssBANK4                               bssBANK4     00220
__pbssBANK5                               bssBANK5     002A0
__pbssBANK6                               bssBANK6     00320
__pcstackBANK0                            cstackBANK0  00060
__pcstackBANK1                            cstackBANK1  000E6
__pcstackBANK2                            cstackBANK2  00160
__pcstackBANK3                            cstackBANK3  001E7
__pcstackBANK4                            cstackBANK4  00232
__pcstackCOMMON                           cstackCOMMON 00070
__pintentry                               intentry     00004
__pmaintext                               maintext     00549
__pstringtext                             stringtext   00252
__pswtext1                                swtext1      00800
__ptext1                                  text1        0082B
__ptext10                                 text10       0178F
__ptext11                                 text11       00935
__ptext12                                 text12       01771
__ptext13                                 text13       0031B
__ptext14                                 text14       00A06
__ptext15                                 text15       00EEF
__ptext16                                 text16       008C0
__ptext17                                 text17       007B0
__ptext19                                 text19       0016B
__ptext2                                  text2        00F73
__ptext20                                 text20       0049B
__ptext21                                 text21       008A0
__ptext22                                 text22       00861
__ptext23                                 text23       008E3
__ptext24                                 text24       017E8
__ptext25                                 text25       00ADB
__ptext26                                 text26       00A87
__ptext27                                 text27       00690
__ptext28                                 text28       00B84
__ptext29                                 text29       00C3F
__ptext3                                  text3        0081C
__ptext30                                 text30       00722
__ptext31                                 text31       017D0
__ptext32                                 text32       00B2F
__ptext33                                 text33       00DED
__ptext34                                 text34       00042
__ptext35                                 text35       009CE
__ptext36                                 text36       0177A
__ptext37                                 text37       00961
__ptext38                                 text38       00E6C
__ptext39                                 text39       00880
__ptext4                                  text4        007F3
__ptext40                                 text40       00A45
__ptext41                                 text41       00BE0
__ptext42                                 text42       00997
__ptext43                                 text43       005EF
__ptext44                                 text44       00D7B
__ptext45                                 text45       00D0B
__ptext46                                 text46       00CA1
__ptext5                                  text5        0090A
__ptext6                                  text6        003E3
__ptext7                                  text7        00845
__ptext8                                  text8        017B9
__ptext9                                  text9        017A4
__size_of_CDCInitEP                       (abs)        00000
__size_of_CDCTxService                    (abs)        00000
__size_of_ReadPayload                     (abs)        00000
__size_of_ReadRegister                    (abs)        00000
__size_of_SPI_init                        (abs)        00000
__size_of_SPI_transfer                    (abs)        00000
__size_of_SYSTEM_Initialize               (abs)        00000
__size_of_SYS_InterruptHigh               (abs)        00000
__size_of_USBCheckCDCRequest              (abs)        00000
__size_of_USBCheckStdRequest              (abs)        00000
__size_of_USBConfigureEndpoint            (abs)        00000
__size_of_USBCtrlEPAllowDataStage         (abs)        00000
__size_of_USBCtrlEPAllowStatusStage       (abs)        00000
__size_of_USBCtrlEPService                (abs)        00000
__size_of_USBCtrlEPServiceComplete        (abs)        00000
__size_of_USBCtrlTrfInHandler             (abs)        00000
__size_of_USBCtrlTrfOutHandler            (abs)        00000
__size_of_USBCtrlTrfRxService             (abs)        00000
__size_of_USBCtrlTrfSetupHandler          (abs)        00000
__size_of_USBCtrlTrfTxService             (abs)        00000
__size_of_USBDeviceAttach                 (abs)        00000
__size_of_USBDeviceInit                   (abs)        00000
__size_of_USBDeviceTasks                  (abs)        00000
__size_of_USBEnableEndpoint               (abs)        00000
__size_of_USBIncrement1msInternalTimers   (abs)        00000
__size_of_USBStallHandler                 (abs)        00000
__size_of_USBStdFeatureReqHandler         (abs)        00000
__size_of_USBStdGetDscHandler             (abs)        00000
__size_of_USBStdGetStatusHandler          (abs)        00000
__size_of_USBStdSetCfgHandler             (abs)        00000
__size_of_USBSuspend                      (abs)        00000
__size_of_USBTransferOnePacket            (abs)        00000
__size_of_USBWakeFromSuspend              (abs)        00000
__size_of_USER_USB_CALLBACK_EVENT_HANDLER (abs)        00000
__size_of_WriteAddress                    (abs)        00000
__size_of_WriteCommand                    (abs)        00000
__size_of_WriteRegister                   (abs)        00000
__size_of_main                            (abs)        00000
__size_of_memset                          (abs)        00000
__size_of_nRF_Setup                       (abs)        00000
__size_of_putUSBUSART                     (abs)        00000
__size_ofi1_CDCInitEP                     (abs)        00000
__size_ofi1_SYSTEM_Initialize             (abs)        00000
__size_ofi1_USBConfigureEndpoint          (abs)        00000
__size_ofi1_USBDeviceInit                 (abs)        00000
__size_ofi1_USBEnableEndpoint             (abs)        00000
__size_ofi1_USBTransferOnePacket          (abs)        00000
_cdc_data_rx                              (abs)        00120
_cdc_data_tx                              (abs)        000A0
_cdc_mem_type                             bssBANK3     001D8
_cdc_rx_len                               bssBANK3     001D9
_cdc_trf_state                            bssBANK1     000E2
_cdc_tx_len                               bssBANK3     001DA
_configDescriptor1                        stringtext   0025A
_controlTransferState                     bssBANK1     000E3
_control_signal_bitmap                    bssBANK3     001DB
_device_dsc                               stringtext   00305
_dummy_encapsulated_cmd_response          bssBANK4     0022A
_endpoint_number                          bssBANK3     001DC
_ep_data_in                               bssBANK3     001C0
_ep_data_out                              bssBANK3     001C3
_inPipes                                  bssBANK3     001B3
_line_coding                              bssBANK3     001DE
_main                                     maintext     00549
_memset                                   text31       017D0
_nRF_Setup                                text2        00F73
_outPipes                                 bssBANK3     001A0
_pBDTEntryEP0OutCurrent                   bssBANK1     000E4
_pBDTEntryEP0OutNext                      bssBANK1     000E0
_pBDTEntryIn                              bssBANK3     001A7
_pBDTEntryOut                             bssBANK3     001AD
_pCDCDst                                  bssBANK3     001CA
_pCDCSrc                                  bssBANK3     001CC
_pDst                                     bssBANK3     001DD
_putUSBUSART                              text1        0082B
_sd000                                    stringtext   00317
_sd001                                    stringtext   0029D
_sd002                                    stringtext   002D1
_shortPacketStatus                        bssBANK2     0016E
btemp                                     (abs)        0007E
clear_ram0                                clrtext      0176B
end_of_initialization                     cinit        0003E
i1SYSTEM_Initialize@state                 cstackCOMMON 00070
i1USBConfigureEndpoint@EPNum              cstackCOMMON 00075
i1USBConfigureEndpoint@direction          cstackCOMMON 00070
i1USBConfigureEndpoint@handle             cstackCOMMON 00076
i1USBDeviceInit@i                         cstackCOMMON 00074
i1USBDeviceInit@i_821                     cstackCOMMON 00073
i1USBDeviceInit@p                         cstackCOMMON 00071
i1USBEnableEndpoint@ep                    cstackCOMMON 0007C
i1USBEnableEndpoint@options               cstackCOMMON 00077
i1USBEnableEndpoint@p                     cstackCOMMON 0007A
i1USBTransferOnePacket@data               cstackCOMMON 00071
i1USBTransferOnePacket@dir                cstackCOMMON 00070
i1USBTransferOnePacket@ep                 cstackCOMMON 00078
i1USBTransferOnePacket@handle             cstackCOMMON 00079
i1USBTransferOnePacket@len                cstackCOMMON 00073
i1_CDCInitEP                              text37       00961
i1_SYSTEM_Initialize                      text36       0177A
i1_USBConfigureEndpoint                   text40       00A45
i1_USBDeviceInit                          text20       0049B
i1_USBEnableEndpoint                      text39       00880
i1_USBTransferOnePacket                   text38       00E6C
int$flags                                 (abs)        0007E
intlevel0                                 functab      00000
intlevel1                                 functab      00000
intlevel2                                 functab      00000
intlevel3                                 functab      00000
intlevel4                                 functab      00000
intlevel5                                 functab      00000
ltemp                                     (abs)        0007E
ltemp0                                    (abs)        0007E
ltemp1                                    (abs)        00082
ltemp2                                    (abs)        00086
ltemp3                                    (abs)        00080
main@podatak                              cstackBANK4  00234
main@pom2                                 cstackBANK4  00233
main@status1                              cstackBANK4  00237
main@status2                              cstackBANK4  00232
memset@c                                  cstackCOMMON 00072
memset@n                                  cstackCOMMON 00074
memset@p                                  cstackCOMMON 00076
memset@p1                                 cstackCOMMON 00070
nRF_Setup@RXTX_ADDR                       cstackBANK3  001E7
putUSBUSART@data                          cstackBANK2  00162
putUSBUSART@length                        cstackBANK2  00160
reset_vec                                 reset_vec    00000
stackhi                                   (abs)        023EF
stacklo                                   (abs)        02220
start                                     init         00012
start_initialization                      cinit        00014
ttemp                                     (abs)        0007E
ttemp0                                    (abs)        0007E
ttemp1                                    (abs)        00081
ttemp2                                    (abs)        00084
ttemp3                                    (abs)        00087
ttemp4                                    (abs)        0007F
wtemp                                     (abs)        0007E
wtemp0                                    (abs)        0007E
wtemp1                                    (abs)        00080
wtemp2                                    (abs)        00082
wtemp3                                    (abs)        00084
wtemp4                                    (abs)        00086
wtemp5                                    (abs)        00088
wtemp6                                    (abs)        0007F


FUNCTION INFORMATION:

 *************** function _main *****************
 Defined at:
		line 21 in file "../src/main.c"
 Parameters:    Size  Location     Type
		None
 Auto vars:     Size  Location     Type
  podatak         3    2[BANK4 ] unsigned char [3]
  status1         1    5[BANK4 ] unsigned char 
  pom2            1    1[BANK4 ] unsigned char 
  status2         1    0[BANK4 ] unsigned char 
  pom             1    0        unsigned char 
  fifostatus      1    0        unsigned char 
 Return value:  Size  Location     Type
                  1    wreg      void 
 Registers used:
		wreg, fsr0l, fsr0h, fsr1l, fsr1h, status,2, status,0, pclath, cstack
 Tracked objects:
		On entry : 
		On exit  : 
		Unchanged: 
 Data sizes:     COMMON   BANK0   BANK1   BANK2   BANK3   BANK4   BANK5   BANK6   BANK7   BANK8   BANK9  BANK10  BANK11  BANK12
      Params:         0       0       0       0       0       0       0       0       0       0       0       0       0       0
      Locals:         0       0       0       0       0       6       0       0       0       0       0       0       0       0
      Temps:          0       0       0       0       3       0       0       0       0       0       0       0       0       0
      Totals:         0       0       0       0       3       6       0       0       0       0       0       0       0       0
Total ram usage:        9 bytes
 Hardware stack levels required when called:   13
 This function calls:
		_CDCInitEP
		_CDCTxService
		_ReadPayload
		_ReadRegister
		_SPI_init
		_SYSTEM_Initialize
		_USBDeviceAttach
		_USBDeviceInit
		_WriteRegister
		_nRF_Setup
		_putUSBUSART
 This function is called by:
		Startup code after reset
 This function uses a non-reentrant model


 *************** function _putUSBUSART *****************
 Defined at:
		line 556 in file "../lib/usb/src/usb_device_cdc.c"
 Parameters:    Size  Location     Type
  data            1    wreg     PTR unsigned char 
		 -> main@podatak(3), 
  length          1    0[BANK2 ] unsigned char 
 Auto vars:     Size  Location     Type
  data            1    2[BANK2 ] PTR unsigned char 
		 -> main@podatak(3), 
 Return value:  Size  Location     Type
                  1    wreg      void 
 Registers used:
		wreg, status,2, status,0
 Tracked objects:
		On entry : 
		On exit  : 
		Unchanged: 
 Data sizes:     COMMON   BANK0   BANK1   BANK2   BANK3   BANK4   BANK5   BANK6   BANK7   BANK8   BANK9  BANK10  BANK11  BANK12
      Params:         0       0       0       1       0       0       0       0       0       0       0       0       0       0
      Locals:         0       0       0       1       0       0       0       0       0       0       0       0       0       0
      Temps:          0       0       0       1       0       0       0       0       0       0       0       0       0       0
      Totals:         0       0       0       3       0       0       0       0       0       0       0       0       0       0
Total ram usage:        3 bytes
 Hardware stack levels used:    1
 Hardware stack levels required when called:   10
 This function calls:
		Nothing
 This function is called by:
		_main
 This function uses a non-reentrant model


 *************** function _nRF_Setup *****************
 Defined at:
		line 15 in file "nRF24L01P.c"
 Parameters:    Size  Location     Type
		None
 Auto vars:     Size  Location     Type
  RXTX_ADDR       5    0[BANK3 ] unsigned char [5]
  status          1    0        unsigned char 
 Return value:  Size  Location     Type
                  2  592[None  ] int 
 Registers used:
		wreg, fsr1l, fsr1h, status,2, status,0, pclath, cstack
 Tracked objects:
		On entry : 
		On exit  : 
		Unchanged: 
 Data sizes:     COMMON   BANK0   BANK1   BANK2   BANK3   BANK4   BANK5   BANK6   BANK7   BANK8   BANK9  BANK10  BANK11  BANK12
      Params:         0       0       0       0       0       0       0       0       0       0       0       0       0       0
      Locals:         0       0       0       0       5       0       0       0       0       0       0       0       0       0
      Temps:          0       0       0       2       0       0       0       0       0       0       0       0       0       0
      Totals:         0       0       0       2       5       0       0       0       0       0       0       0       0       0
Total ram usage:        7 bytes
 Hardware stack levels used:    1
 Hardware stack levels required when called:   12
 This function calls:
		_WriteAddress
		_WriteCommand
		_WriteRegister
 This function is called by:
		_main
 This function uses a non-reentrant model


 *************** function _WriteRegister *****************
 Defined at:
		line 84 in file "nRF24L01P.c"
 Parameters:    Size  Location     Type
  reg             1    wreg     unsigned char 
  val             1    1[BANK2 ] unsigned char 
 Auto vars:     Size  Location     Type
  reg             1    2[BANK2 ] unsigned char 
 Return value:  Size  Location     Type
                  1    wreg      void 
 Registers used:
		wreg, status,2, status,0, pclath, cstack
 Tracked objects:
		On entry : 
		On exit  : 
		Unchanged: 
 Data sizes:     COMMON   BANK0   BANK1   BANK2   BANK3   BANK4   BANK5   BANK6   BANK7   BANK8   BANK9  BANK10  BANK11  BANK12
      Params:         0       0       0       1       0       0       0       0       0       0       0       0       0       0
      Locals:         0       0       0       1       0       0       0       0       0       0       0       0       0       0
      Temps:          0       0       0       0       0       0       0       0       0       0       0       0       0       0
      Totals:         0       0       0       2       0       0       0       0       0       0       0       0       0       0
Total ram usage:        2 bytes
 Hardware stack levels used:    1
 Hardware stack levels required when called:   11
 This function calls:
		_SPI_transfer
 This function is called by:
		_main
		_nRF_Setup
		_FlushTXRX
 This function uses a non-reentrant model


 *************** function _WriteCommand *****************
 Defined at:
		line 130 in file "nRF24L01P.c"
 Parameters:    Size  Location     Type
  command         1    wreg     unsigned char 
 Auto vars:     Size  Location     Type
  command         1    1[BANK2 ] unsigned char 
 Return value:  Size  Location     Type
                  1    wreg      void 
 Registers used:
		wreg, status,2, status,0, pclath, cstack
 Tracked objects:
		On entry : 
		On exit  : 
		Unchanged: 
 Data sizes:     COMMON   BANK0   BANK1   BANK2   BANK3   BANK4   BANK5   BANK6   BANK7   BANK8   BANK9  BANK10  BANK11  BANK12
      Params:         0       0       0       0       0       0       0       0       0       0       0       0       0       0
      Locals:         0       0       0       1       0       0       0       0       0       0       0       0       0       0
      Temps:          0       0       0       0       0       0       0       0       0       0       0       0       0       0
      Totals:         0       0       0       1       0       0       0       0       0       0       0       0       0       0
Total ram usage:        1 bytes
 Hardware stack levels used:    1
 Hardware stack levels required when called:   11
 This function calls:
		_SPI_transfer
 This function is called by:
		_nRF_Setup
		_FlushTXRX
 This function uses a non-reentrant model


 *************** function _WriteAddress *****************
 Defined at:
		line 106 in file "nRF24L01P.c"
 Parameters:    Size  Location     Type
  reg             1    wreg     unsigned char 
  num             1    1[BANK2 ] unsigned char 
  addr            1    2[BANK2 ] PTR unsigned char 
		 -> nRF_Setup@RXTX_ADDR(5), 
 Auto vars:     Size  Location     Type
  reg             1    4[BANK2 ] unsigned char 
  i               2    5[BANK2 ] int 
 Return value:  Size  Location     Type
                  1    wreg      void 
 Registers used:
		wreg, fsr1l, fsr1h, status,2, status,0, pclath, cstack
 Tracked objects:
		On entry : 
		On exit  : 
		Unchanged: 
 Data sizes:     COMMON   BANK0   BANK1   BANK2   BANK3   BANK4   BANK5   BANK6   BANK7   BANK8   BANK9  BANK10  BANK11  BANK12
      Params:         0       0       0       2       0       0       0       0       0       0       0       0       0       0
      Locals:         0       0       0       3       0       0       0       0       0       0       0       0       0       0
      Temps:          0       0       0       1       0       0       0       0       0       0       0       0       0       0
      Totals:         0       0       0       6       0       0       0       0       0       0       0       0       0       0
Total ram usage:        6 bytes
 Hardware stack levels used:    1
 Hardware stack levels required when called:   11
 This function calls:
		_SPI_transfer
 This function is called by:
		_nRF_Setup
 This function uses a non-reentrant model


 *************** function _USBDeviceInit *****************
 Defined at:
		line 277 in file "../lib/usb/src/usb_device.c"
 Parameters:    Size  Location     Type
		None
 Auto vars:     Size  Location     Type
  p               2    1[BANK2 ] PTR unsigned char 
		 -> UEP1(1), 
  i               1    3[BANK2 ] unsigned char 
  i               1    4[BANK2 ] unsigned char 
 Return value:  Size  Location     Type
                  1    wreg      void 
 Registers used:
		wreg, fsr1l, fsr1h, status,2, status,0
 Tracked objects:
		On entry : 
		On exit  : 
		Unchanged: 
 Data sizes:     COMMON   BANK0   BANK1   BANK2   BANK3   BANK4   BANK5   BANK6   BANK7   BANK8   BANK9  BANK10  BANK11  BANK12
      Params:         0       0       0       0       0       0       0       0       0       0       0       0       0       0
      Locals:         0       0       0       4       0       0       0       0       0       0       0       0       0       0
      Temps:          0       0       0       1       0       0       0       0       0       0       0       0       0       0
      Totals:         0       0       0       5       0       0       0       0       0       0       0       0       0       0
Total ram usage:        5 bytes
 Hardware stack levels used:    1
 Hardware stack levels required when called:   10
 This function calls:
		Nothing
 This function is called by:
		_main
 This function uses a non-reentrant model


 *************** function _USBDeviceAttach *****************
 Defined at:
		line 1352 in file "../lib/usb/src/usb_device.c"
 Parameters:    Size  Location     Type
		None
 Auto vars:     Size  Location     Type
		None
 Return value:  Size  Location     Type
                  1    wreg      void 
 Registers used:
		wreg, status,2, status,0
 Tracked objects:
		On entry : 
		On exit  : 
		Unchanged: 
 Data sizes:     COMMON   BANK0   BANK1   BANK2   BANK3   BANK4   BANK5   BANK6   BANK7   BANK8   BANK9  BANK10  BANK11  BANK12
      Params:         0       0       0       0       0       0       0       0       0       0       0       0       0       0
      Locals:         0       0       0       0       0       0       0       0       0       0       0       0       0       0
      Temps:          0       0       0       1       0       0       0       0       0       0       0       0       0       0
      Totals:         0       0       0       1       0       0       0       0       0       0       0       0       0       0
Total ram usage:        1 bytes
 Hardware stack levels used:    1
 Hardware stack levels required when called:   10
 This function calls:
		Nothing
 This function is called by:
		_main
 This function uses a non-reentrant model


 *************** function _SYSTEM_Initialize *****************
 Defined at:
		line 82 in file "system.c"
 Parameters:    Size  Location     Type
  state           1    wreg     enum E2598
 Auto vars:     Size  Location     Type
  state           1    0[BANK2 ] enum E2598
 Return value:  Size  Location     Type
                  1    wreg      void 
 Registers used:
		wreg, fsr0l, fsr0h, status,2, status,0
 Tracked objects:
		On entry : 
		On exit  : 
		Unchanged: 
 Data sizes:     COMMON   BANK0   BANK1   BANK2   BANK3   BANK4   BANK5   BANK6   BANK7   BANK8   BANK9  BANK10  BANK11  BANK12
      Params:         0       0       0       0       0       0       0       0       0       0       0       0       0       0
      Locals:         0       0       0       1       0       0       0       0       0       0       0       0       0       0
      Temps:          0       0       0       0       0       0       0       0       0       0       0       0       0       0
      Totals:         0       0       0       1       0       0       0       0       0       0       0       0       0       0
Total ram usage:        1 bytes
 Hardware stack levels used:    1
 Hardware stack levels required when called:   10
 This function calls:
		Nothing
 This function is called by:
		_main
 This function uses a non-reentrant model


 *************** function _SPI_init *****************
 Defined at:
		line 13 in file "spi.c"
 Parameters:    Size  Location     Type
[...]
      Temps:          0       0       0       0       0       0       0       0       0       0       0       0       0       0
      Totals:         0       6       0       0       0       0       0       0       0       0       0       0       0       0
Total ram usage:        6 bytes
 Hardware stack levels used:    1
 Hardware stack levels required when called:    3
 This function calls:
		_USBCheckCDCRequest
		i1_CDCInitEP
		i1_SYSTEM_Initialize
 This function is called by:
		_USBDeviceTasks
		_USBStdSetCfgHandler
		_USBSuspend
		_USBWakeFromSuspend
		_USBCtrlTrfSetupHandler
		_USBCheckStdRequest
		_USBStdFeatureReqHandler
 This function uses a non-reentrant model


 *************** function i1_SYSTEM_Initialize *****************
 Defined at:
		line 82 in file "system.c"
 Parameters:    Size  Location     Type
  state           1    wreg     enum E2598
 Auto vars:     Size  Location     Type
  state           1    0[COMMON] enum E2598
 Return value:  Size  Location     Type
                  1    wreg      void 
 Registers used:
		wreg, fsr0l, fsr0h, status,2, status,0
 Tracked objects:
		On entry : 
		On exit  : 
		Unchanged: 
 Data sizes:     COMMON   BANK0   BANK1   BANK2   BANK3   BANK4   BANK5   BANK6   BANK7   BANK8   BANK9  BANK10  BANK11  BANK12
      Params:         0       0       0       0       0       0       0       0       0       0       0       0       0       0
      Locals:         1       0       0       0       0       0       0       0       0       0       0       0       0       0
      Temps:          0       0       0       0       0       0       0       0       0       0       0       0       0       0
      Totals:         1       0       0       0       0       0       0       0       0       0       0       0       0       0
Total ram usage:        1 bytes
 Hardware stack levels used:    1
 This function calls:
		Nothing
 This function is called by:
		_USER_USB_CALLBACK_EVENT_HANDLER
 This function uses a non-reentrant model


 *************** function i1_CDCInitEP *****************
 Defined at:
		line 294 in file "../lib/usb/src/usb_device_cdc.c"
 Parameters:    Size  Location     Type
		None
 Auto vars:     Size  Location     Type
		None
 Return value:  Size  Location     Type
                  1    wreg      void 
 Registers used:
		wreg, fsr1l, fsr1h, status,2, status,0, pclath, cstack
 Tracked objects:
		On entry : 
		On exit  : 
		Unchanged: 
 Data sizes:     COMMON   BANK0   BANK1   BANK2   BANK3   BANK4   BANK5   BANK6   BANK7   BANK8   BANK9  BANK10  BANK11  BANK12
      Params:         0       0       0       0       0       0       0       0       0       0       0       0       0       0
      Locals:         0       0       0       0       0       0       0       0       0       0       0       0       0       0
      Temps:          1       0       0       0       0       0       0       0       0       0       0       0       0       0
      Totals:         1       0       0       0       0       0       0       0       0       0       0       0       0       0
Total ram usage:        1 bytes
 Hardware stack levels used:    1
 Hardware stack levels required when called:    2
 This function calls:
		i1_USBEnableEndpoint
		i1_USBTransferOnePacket
 This function is called by:
		_USER_USB_CALLBACK_EVENT_HANDLER
 This function uses a non-reentrant model


 *************** function i1_USBTransferOnePacket *****************
 Defined at:
		line 995 in file "../lib/usb/src/usb_device.c"
 Parameters:    Size  Location     Type
  ep              1    wreg     unsigned char 
  dir             1    0[COMMON] unsigned char 
  data            2    1[COMMON] PTR unsigned char 
		 -> cdc_data_tx(64), cdc_data_rx(64), NULL(0), 
  len             1    3[COMMON] unsigned char 
 Auto vars:     Size  Location     Type
  ep              1    8[COMMON] unsigned char 
  USBTransferO    2    9[COMMON] PTR volatile struct __BD
		 -> RAM(4096), NULL(0), BDT(48), 
 Return value:  Size  Location     Type
                  2    0[COMMON] PTR void 
 Registers used:
		wreg, fsr1l, fsr1h, status,2, status,0
 Tracked objects:
		On entry : 
		On exit  : 
		Unchanged: 
 Data sizes:     COMMON   BANK0   BANK1   BANK2   BANK3   BANK4   BANK5   BANK6   BANK7   BANK8   BANK9  BANK10  BANK11  BANK12
      Params:         4       0       0       0       0       0       0       0       0       0       0       0       0       0
      Locals:         3       0       0       0       0       0       0       0       0       0       0       0       0       0
      Temps:          4       0       0       0       0       0       0       0       0       0       0       0       0       0
      Totals:        11       0       0       0       0       0       0       0       0       0       0       0       0       0
Total ram usage:       11 bytes
 Hardware stack levels used:    1
 This function calls:
		Nothing
 This function is called by:
		i1_CDCInitEP
 This function uses a non-reentrant model


 *************** function i1_USBEnableEndpoint *****************
 Defined at:
		line 878 in file "../lib/usb/src/usb_device.c"
 Parameters:    Size  Location     Type
  ep              1    wreg     unsigned char 
  options         1    7[COMMON] unsigned char 
 Auto vars:     Size  Location     Type
  ep              1   12[COMMON] unsigned char 
  USBEnableEnd    2   10[COMMON] PTR unsigned char 
		 -> UEP0(1), 
 Return value:  Size  Location     Type
                  1    wreg      void 
 Registers used:
		wreg, fsr1l, fsr1h, status,2, status,0, pclath, cstack
 Tracked objects:
		On entry : 
		On exit  : 
		Unchanged: 
 Data sizes:     COMMON   BANK0   BANK1   BANK2   BANK3   BANK4   BANK5   BANK6   BANK7   BANK8   BANK9  BANK10  BANK11  BANK12
      Params:         1       0       0       0       0       0       0       0       0       0       0       0       0       0
      Locals:         3       0       0       0       0       0       0       0       0       0       0       0       0       0
      Temps:          2       0       0       0       0       0       0       0       0       0       0       0       0       0
      Totals:         6       0       0       0       0       0       0       0       0       0       0       0       0       0
Total ram usage:        6 bytes
 Hardware stack levels used:    1
 Hardware stack levels required when called:    1
 This function calls:
		i1_USBConfigureEndpoint
 This function is called by:
		i1_CDCInitEP
 This function uses a non-reentrant model


 *************** function i1_USBConfigureEndpoint *****************
 Defined at:
		line 1543 in file "../lib/usb/src/usb_device.c"
 Parameters:    Size  Location     Type
  EPNum           1    wreg     unsigned char 
  direction       1    0[COMMON] unsigned char 
 Auto vars:     Size  Location     Type
  EPNum           1    5[COMMON] unsigned char 
  USBConfigure    1    6[COMMON] PTR volatile struct __BD
		 -> BDT(48), 
 Return value:  Size  Location     Type
                  1    wreg      void 
 Registers used:
		wreg, fsr1l, fsr1h, status,2, status,0
 Tracked objects:
		On entry : 
		On exit  : 
		Unchanged: 
 Data sizes:     COMMON   BANK0   BANK1   BANK2   BANK3   BANK4   BANK5   BANK6   BANK7   BANK8   BANK9  BANK10  BANK11  BANK12
      Params:         1       0       0       0       0       0       0       0       0       0       0       0       0       0
      Locals:         2       0       0       0       0       0       0       0       0       0       0       0       0       0
      Temps:          4       0       0       0       0       0       0       0       0       0       0       0       0       0
      Totals:         7       0       0       0       0       0       0       0       0       0       0       0       0       0
Total ram usage:        7 bytes
 Hardware stack levels used:    1
 This function calls:
		Nothing
 This function is called by:
		i1_USBEnableEndpoint
 This function uses a non-reentrant model


 *************** function _USBCheckCDCRequest *****************
 Defined at:
		line 147 in file "../lib/usb/src/usb_device_cdc.c"
 Parameters:    Size  Location     Type
		None
 Auto vars:     Size  Location     Type
		None
 Return value:  Size  Location     Type
                  1    wreg      void 
 Registers used:
		wreg, fsr0l, fsr0h, status,2, status,0
 Tracked objects:
		On entry : 
		On exit  : 
		Unchanged: 
 Data sizes:     COMMON   BANK0   BANK1   BANK2   BANK3   BANK4   BANK5   BANK6   BANK7   BANK8   BANK9  BANK10  BANK11  BANK12
      Params:         0       0       0       0       0       0       0       0       0       0       0       0       0       0
      Locals:         0       0       0       0       0       0       0       0       0       0       0       0       0       0
      Temps:          1       0       0       0       0       0       0       0       0       0       0       0       0       0
      Totals:         1       0       0       0       0       0       0       0       0       0       0       0       0       0
Total ram usage:        1 bytes
 Hardware stack levels used:    1
 This function calls:
		Nothing
 This function is called by:
		_USER_USB_CALLBACK_EVENT_HANDLER
 This function uses a non-reentrant model


 *************** function _USBCtrlTrfOutHandler *****************
 Defined at:
		line 2538 in file "../lib/usb/src/usb_device.c"
 Parameters:    Size  Location     Type
		None
 Auto vars:     Size  Location     Type
		None
 Return value:  Size  Location     Type
                  1    wreg      void 
 Registers used:
		wreg, fsr1l, fsr1h, status,2, status,0, pclath, cstack
 Tracked objects:
		On entry : 
		On exit  : 
		Unchanged: 
 Data sizes:     COMMON   BANK0   BANK1   BANK2   BANK3   BANK4   BANK5   BANK6   BANK7   BANK8   BANK9  BANK10  BANK11  BANK12
      Params:         0       0       0       0       0       0       0       0       0       0       0       0       0       0
      Locals:         0       0       0       0       0       0       0       0       0       0       0       0       0       0
      Temps:          2       0       0       0       0       0       0       0       0       0       0       0       0       0
      Totals:         2       0       0       0       0       0       0       0       0       0       0       0       0       0
Total ram usage:        2 bytes
 Hardware stack levels used:    1
 Hardware stack levels required when called:    2
 This function calls:
		_USBCtrlTrfRxService
 This function is called by:
		_USBCtrlEPService
 This function uses a non-reentrant model


 *************** function _USBCtrlTrfRxService *****************
 Defined at:
		line 1852 in file "../lib/usb/src/usb_device.c"
 Parameters:    Size  Location     Type
		None
 Auto vars:     Size  Location     Type
  byteToRead      1    5[COMMON] unsigned char 
  i               1    4[COMMON] unsigned char 
 Return value:  Size  Location     Type
                  1    wreg      void 
 Registers used:
		wreg, fsr1l, fsr1h, status,2, status,0, pclath, cstack
 Tracked objects:
		On entry : 
		On exit  : 
		Unchanged: 
 Data sizes:     COMMON   BANK0   BANK1   BANK2   BANK3   BANK4   BANK5   BANK6   BANK7   BANK8   BANK9  BANK10  BANK11  BANK12
      Params:         0       0       0       0       0       0       0       0       0       0       0       0       0       0
      Locals:         2       0       0       0       0       0       0       0       0       0       0       0       0       0
      Temps:          2       0       0       0       0       0       0       0       0       0       0       0       0       0
      Totals:         4       0       0       0       0       0       0       0       0       0       0       0       0       0
Total ram usage:        4 bytes
 Hardware stack levels used:    1
 Hardware stack levels required when called:    1
 This function calls:
		_USBCtrlEPAllowStatusStage
 This function is called by:
		_USBCtrlTrfOutHandler
 This function uses a non-reentrant model


 *************** function _USBCtrlEPAllowStatusStage *****************
 Defined at:
		line 1416 in file "../lib/usb/src/usb_device.c"
 Parameters:    Size  Location     Type
		None
 Auto vars:     Size  Location     Type
		None
 Return value:  Size  Location     Type
                  1    wreg      void 
 Registers used:
		wreg, fsr1l, fsr1h, status,2, status,0
 Tracked objects:
		On entry : 
		On exit  : 
		Unchanged: 
 Data sizes:     COMMON   BANK0   BANK1   BANK2   BANK3   BANK4   BANK5   BANK6   BANK7   BANK8   BANK9  BANK10  BANK11  BANK12
      Params:         0       0       0       0       0       0       0       0       0       0       0       0       0       0
      Locals:         0       0       0       0       0       0       0       0       0       0       0       0       0       0
      Temps:          2       0       0       0       0       0       0       0       0       0       0       0       0       0
      Totals:         2       0       0       0       0       0       0       0       0       0       0       0       0       0
Total ram usage:        2 bytes
 Hardware stack levels used:    1
 This function calls:
		Nothing
 This function is called by:
		_USBDeviceTasks
		_USBCtrlEPServiceComplete
		_USBCtrlTrfRxService
 This function uses a non-reentrant model


 *************** function _USBCtrlTrfInHandler *****************
 Defined at:
		line 2592 in file "../lib/usb/src/usb_device.c"
 Parameters:    Size  Location     Type
		None
 Auto vars:     Size  Location     Type
  lastDTS         1    5[COMMON] unsigned char 
 Return value:  Size  Location     Type
                  1    wreg      void 
 Registers used:
		wreg, fsr0l, fsr0h, fsr1l, fsr1h, status,2, status,0, pclath, cstack
 Tracked objects:
		On entry : 
		On exit  : 
		Unchanged: 
 Data sizes:     COMMON   BANK0   BANK1   BANK2   BANK3   BANK4   BANK5   BANK6   BANK7   BANK8   BANK9  BANK10  BANK11  BANK12
      Params:         0       0       0       0       0       0       0       0       0       0       0       0       0       0
      Locals:         1       0       0       0       0       0       0       0       0       0       0       0       0       0
      Temps:          2       0       0       0       0       0       0       0       0       0       0       0       0       0
      Totals:         3       0       0       0       0       0       0       0       0       0       0       0       0       0
Total ram usage:        3 bytes
 Hardware stack levels used:    1
 Hardware stack levels required when called:    1
 This function calls:
		_USBCtrlTrfTxService
 This function is called by:
		_USBCtrlEPService
 This function uses a non-reentrant model


 *************** function _USBCtrlTrfTxService *****************
 Defined at:
		line 1771 in file "../lib/usb/src/usb_device.c"
 Parameters:    Size  Location     Type
		None
 Auto vars:     Size  Location     Type
  byteToSend      1    2[COMMON] unsigned char 
 Return value:  Size  Location     Type
                  1    wreg      void 
 Registers used:
		wreg, fsr0l, fsr0h, fsr1l, fsr1h, status,2, status,0, pclath
 Tracked objects:
		On entry : 
		On exit  : 
		Unchanged: 
 Data sizes:     COMMON   BANK0   BANK1   BANK2   BANK3   BANK4   BANK5   BANK6   BANK7   BANK8   BANK9  BANK10  BANK11  BANK12
      Params:         0       0       0       0       0       0       0       0       0       0       0       0       0       0
      Locals:         1       0       0       0       0       0       0       0       0       0       0       0       0       0
      Temps:          2       0       0       0       0       0       0       0       0       0       0       0       0       0
      Totals:         3       0       0       0       0       0       0       0       0       0       0       0       0       0
Total ram usage:        3 bytes
 Hardware stack levels used:    1
 This function calls:
		Nothing
 This function is called by:
		_USBCtrlEPAllowDataStage
		_USBCtrlTrfInHandler
 This function uses a non-reentrant model



MODULE INFORMATION

Module		Function		Class		Link	Load	Size
../lib/usb/src/usb_device_cdc.c
		_CDCTxService  		CODE           	031B	0000	201
		_CDCInitEP     		CODE           	0A06	0000	64
		_putUSBUSART   		CODE           	082B	0000	27
		_USBCheckCDCRequest		CODE           	0BE0	0000	96

../lib/usb/src/usb_device_cdc.c estimated size: 388

../src/usb_events.c
		_USER_USB_CALLBACK_EVENT_HANDLER		CODE           	09CE	0000	57

../src/usb_events.c estimated size: 57

../lib/usb/src/usb_device.c
		_USBCtrlTrfInHandler		CODE           	0D0B	0000	113
		_USBTransferOnePacket		CODE           	0EEF	0000	133
		_USBDeviceAttach		CODE           	0845	0000	29
		_USBStdGetDscHandler		CODE           	0DED	0000	128
		_USBCtrlEPAllowDataStage		CODE           	0B84	0000	93
		_USBStdFeatureReqHandler		CODE           	0042	0000	298
		_USBCtrlEPAllowStatusStage		CODE           	0D7B	0000	115
		_USBCtrlTrfSetupHandler		CODE           	0A87	0000	85
		_USBCtrlTrfOutHandler		CODE           	0997	0000	56
		_USBCtrlEPServiceComplete		CODE           	0690	0000	147
		_USBSuspend    		CODE           	0861	0000	32
		_USBStdSetCfgHandler		CODE           	0722	0000	143
		_USBStdGetStatusHandler		CODE           	0B2F	0000	86
		_USBWakeFromSuspend		CODE           	08A0	0000	33
		_USBCtrlTrfRxService		CODE           	05EF	0000	162
		_USBCtrlTrfTxService		CODE           	0CA1	0000	107
		_USBEnableEndpoint		CODE           	08C0	0000	36
		_USBConfigureEndpoint		CODE           	07B0	0000	68
		_USBDeviceInit 		CODE           	03E3	0000	185
		_USBIncrement1msInternalTimers		CODE           	17E8	0000	25
		_USBCtrlEPService		CODE           	0ADB	0000	85
		_USBStallHandler		CODE           	08E3	0000	40
		_USBDeviceTasks		CODE           	016B	0000	232
		_USBCheckStdRequest		CODE           	0C3F	0000	99

../lib/usb/src/usb_device.c estimated size: 2530

nRF24L01P.c
		_nRF_Setup     		CODE           	0F73	0000	142
		_WriteRegister 		CODE           	081C	0000	16
		_ReadPayload   		CODE           	0935	0000	45
		_WriteAddress  		CODE           	090A	0000	44
		_ReadRegister  		CODE           	178F	0000	22
		_WriteCommand  		CODE           	07F3	0000	10

nRF24L01P.c estimated size: 279

spi.c
		_SPI_init      		CODE           	17A4	0000	22
		_SPI_transfer  		CODE           	1771	0000	10

spi.c estimated size: 32

shared
		_configDescriptor1		STRCODE        	025A	0000	68
		_USB_CD_Ptr    		STRCODE        	0258	0000	3
		_sd001         		STRCODE        	029D	0000	53
		_sd002         		STRCODE        	02D1	0000	53
		i1_USBDeviceInit		CODE           	049B	0000	175
		i1_USBConfigureEndpoint		CODE           	0A45	0000	67
		__initialization		CODE           	0014	0000	43
		_device_dsc    		STRCODE        	0305	0000	19
		i1_CDCInitEP   		CODE           	0961	0000	55
		i1_SYSTEM_Initialize		CODE           	177A	0000	22
		_USB_SD_Ptr    		STRCODE        	0252	0000	7
		i1_USBEnableEndpoint		CODE           	0880	0000	33
		_sd000         		STRCODE        	0317	0000	5
		i1_USBTransferOnePacket		CODE           	0E6C	0000	132

shared estimated size: 735

C:\Program Files (x86)\Microchip\xc8\v1.38\sources\common\memset.c
		_memset        		CODE           	17D0	0000	25

C:\Program Files (x86)\Microchip\xc8\v1.38\sources\common\memset.c estimated size: 25

../src/main.c
		_main          		CODE           	0549	0000	167

../src/main.c estimated size: 167

system.c
		_SYS_InterruptHigh		CODE           	0004	0000	15
		_SYSTEM_Initialize		CODE           	17B9	0000	24

system.c estimated size: 39

