Microchip MPLAB XC8 Compiler V1.38 ()

Linker command line:

--edf=C:\Program Files (x86)\Microchip\xc8\v1.38\dat\en_msgs.txt -cs \
  -h+dist/16LF1459/debug\USB-to-SPI.x.debug.sym \
  --cmf=dist/16LF1459/debug\USB-to-SPI.x.debug.cmf -z -Q16LF1459 \
  -oC:\Users\nino\AppData\Local\Temp\s42o.2 \
  -Mdist/16LF1459/debug/USB-to-SPI.x.debug.map -E1 -ver=XC8 \
  -ASTACK=02220h-023efh -pstack=STACK -ACODE=00h-07FFhx4 \
  -ASTRCODE=00h-01FFFh -ASTRING=00h-0FFhx32 -ACONST=00h-0FFhx32 \
  -AENTRY=00h-0FFhx32 -ACOMMON=070h-07Fh -ABANK0=020h-06Fh \
  -ABANK1=0A0h-0EFh -ABANK2=0120h-016Fh -ABANK3=01A0h-01EFh \
  -ABANK4=0220h-026Fh -ABANK5=02A0h-02EFh -ABANK6=0320h-036Fh \
  -ABANK7=03A0h-03EFh -ABANK8=0420h-046Fh -ABANK9=04A0h-04EFh \
  -ABANK10=0520h-056Fh -ABANK11=05A0h-05EFh -ABANK12=0620h-064Fh \
  -ABIGRAM=02000h-023EFh \
  -ARAM=020h-06Fh,0A0h-0EFh,0120h-016Fh,01A0h-01EFh,0220h-026Fh,02A0h-02EFh,0320h-036Fh,03A0h-03EFh,0420h-046Fh,04A0h-04EFh,0520h-056Fh,05A0h-05EFh,0620h-064Fh \
  -AABS1=020h-07Fh,0A0h-0EFh,0120h-016Fh,01A0h-01EFh,0220h-026Fh,02A0h-02EFh,0320h-036Fh,03A0h-03EFh,0420h-046Fh,04A0h-04EFh,0520h-056Fh,05A0h-05EFh,0620h-064Fh \
  -ASFR0=00h-01Fh -ASFR1=080h-09Fh -ASFR2=0100h-011Fh -ASFR3=0180h-019Fh \
  -ASFR4=0200h-021Fh -ASFR5=0280h-029Fh -ASFR6=0300h-031Fh \
  -ASFR7=0380h-039Fh -ASFR8=0400h-041Fh -ASFR9=0480h-049Fh \
  -ASFR10=0500h-051Fh -ASFR11=0580h-059Fh -ASFR12=0600h-061Fh \
  -ASFR13=0680h-06EFh -ASFR14=0700h-076Fh -ASFR15=0780h-07EFh \
  -ASFR16=0800h-086Fh -ASFR17=0880h-08EFh -ASFR18=0900h-096Fh \
  -ASFR19=0980h-09EFh -ASFR20=0A00h-0A6Fh -ASFR21=0A80h-0AEFh \
  -ASFR22=0B00h-0B6Fh -ASFR23=0B80h-0BEFh -ASFR24=0C00h-0C6Fh \
  -ASFR25=0C80h-0CEFh -ASFR26=0D00h-0D6Fh -ASFR27=0D80h-0DEFh \
  -ASFR28=0E00h-0E6Fh -ASFR29=0E80h-0EEFh -ASFR30=0F00h-0F6Fh \
  -ASFR31=0F80h-0FEFh -preset_vec=00h,intentry=04h,init,end_init \
  -ppowerup=CODE -pcinit=CODE -pfunctab=CODE -ACONFIG=08007h-08008h \
  -pconfig=CONFIG -DCONFIG=2 -AIDLOC=08000h-08003h -pidloc=IDLOC -DIDLOC=2 \
  -DCODE=2 -DSTRCODE=2 -DSTRING=2 -DCONST=2 -DENTRY=2 -k \
  C:\Users\nino\AppData\Local\Temp\s42o.obj \
  dist/16LF1459/debug\USB-to-SPI.x.debug.obj 

Object code version is 3.11

Machine type is 16LF1459



                Name                               Link     Load   Length Selector   Space Scale
C:\Users\nino\AppData\Local\Temp\s42o.obj
                end_init                             12       12        2        8       0
                reset_vec                             0        0        3        0       0
                config                             8007     8007        2    1000E       0
dist/16LF1459/debug\USB-to-SPI.x.debug.obj
                cinit                                14       14       30        8       0
                intentry                              4        4        E        8       0
                text46                              789      789       74      634       0
                text45                              D0F      D0F       6C     1A1E       0
                text44                              D7B      D7B       72     1AF6       0
                text43                              531      531       A1      634       0
                text42                              9C2      9C2       37     1384       0
                text41                              C4D      C4D       60     189A       0
                text40                              A6F      A6F       42     14DE       0
                text39                              8A4      8A4       20     1148       0
                text38                              E6C      E6C       83     1CD8       0
                text37                              98D      98D       35     131A       0
                text36                             17AA     17AA       15     2F54       0
                text35                              9F9      9F9       38     13F2       0
                text34                               44       44      129        8       0
                text33                              DED      DED       7F     1BDA       0
                text32                              B9C      B9C       55     1738       0
                text31                              81D      81D       18     103A       0
                text30                              6FB      6FB       8E      634       0
                swtext1                             800      800       1A     1000       0
                text29                              CAD      CAD       62     195A       0
                text28                              BF1      BF1       5C     17E2       0
                text27                              668      668       93      634       0
                text26                              AF4      AF4       54     15E8       0
                text25                              B48      B48       54     1690       0
                text24                              835      835       18     106A       0
                text23                              8E4      8E4       27     11C8       0
                text22                              885      885       1F     110A       0
                text21                              8C4      8C4       20     1188       0
                text20                              483      483       AE      634       0
                text19                              16D      16D       E4        8       0
                text17                              AB1      AB1       43     1562       0
                text16                              90B      90B       2B     1216       0
                text15                              EEF      EEF       84     1DDE       0
                text14                              A31      A31       3E     1462       0
                text13                              3D2      3D2       B1      634       0
                text12                             1789     1789        9     2F12       0
                text11                              961      961       2C     12C2       0
                text10                             17BF     17BF       15     2F7E       0
                text9                              17D4     17D4       15     2FA8       0
                text8                              17E9     17E9       17     2FD2       0
                text7                               868      868       1D     10D0       0
                text6                               31A      31A       B8      634       0
                text5                               936      936       2B     126C       0
                text4                              1792     1792        9     2F24       0
                text3                              179B     179B        F     2F36       0
                text2                               F73      F73       8D     1EE6       0
                text1                               84D      84D       1B     109A       0
                maintext                            5D2      5D2       96      634       0
                cstackBANK0                          60       60       10       60       1
                cstackCOMMON                         70       70        E       70       1
                cstackBANK1                          E6       E6        6       E0       1
                cstackBANK2                         160      160        B      160       1
                cstackBANK3                         1E5      1E5        6      1A0       1
                cstackBANK4                         232      232        7      220       1
                clrtext                            1783     1783        6     2F06       0
                bssBANK6                            320      320       40      320       1
                bssBANK5                            2A0      2A0       40      2A0       1
                bssBANK4                            220      220       12      220       1
                bssBANK3                            1A0      1A0       45      1A0       1
                bssBANK2                            16B      16B        5      160       1
                bssBANK1                             E0       E0        6       E0       1
                stringtext                          251      251       C9      4A2       0

TOTAL           Name                               Link     Load   Length     Space
        CLASS   STACK          

        CLASS   CODE           
                end_init                             12       12        2         0
                cinit                                14       14       30         0
                intentry                              4        4        E         0
                reset_vec                             0        0        3         0
                text46                              789      789       74         0
                text45                              D0F      D0F       6C         0
                text44                              D7B      D7B       72         0
                text43                              531      531       A1         0
                text42                              9C2      9C2       37         0
                text41                              C4D      C4D       60         0
                text40                              A6F      A6F       42         0
                text39                              8A4      8A4       20         0
                text38                              E6C      E6C       83         0
                text37                              98D      98D       35         0
                text36                             17AA     17AA       15         0
                text35                              9F9      9F9       38         0
                text34                               44       44      129         0
                text33                              DED      DED       7F         0
                text32                              B9C      B9C       55         0
                text31                              81D      81D       18         0
                text30                              6FB      6FB       8E         0
                text29                              CAD      CAD       62         0
                text28                              BF1      BF1       5C         0
                text27                              668      668       93         0
                text26                              AF4      AF4       54         0
                text25                              B48      B48       54         0
                text24                              835      835       18         0
                text23                              8E4      8E4       27         0
                text22                              885      885       1F         0
                text21                              8C4      8C4       20         0
                text20                              483      483       AE         0
                text19                              16D      16D       E4         0
                text17                              AB1      AB1       43         0
                text16                              90B      90B       2B         0
                text15                              EEF      EEF       84         0
                text14                              A31      A31       3E         0
                text13                              3D2      3D2       B1         0
                text12                             1789     1789        9         0
                text11                              961      961       2C         0
                text10                             17BF     17BF       15         0
                text9                              17D4     17D4       15         0
                text8                              17E9     17E9       17         0
                text7                               868      868       1D         0
                text6                               31A      31A       B8         0
                text5                               936      936       2B         0
                text4                              1792     1792        9         0
                text3                              179B     179B        F         0
                text2                               F73      F73       8D         0
                text1                               84D      84D       1B         0
                maintext                            5D2      5D2       96         0
                clrtext                            1783     1783        6         0

        CLASS   STRCODE        
                stringtext                          251      251       C9         0

        CLASS   STRING         

        CLASS   CONST          
                swtext1                             800      800       1A         0

        CLASS   ENTRY          

        CLASS   COMMON         
                cstackCOMMON                         70       70        E         1

        CLASS   BANK0          
                cstackBANK0                          60       60       10         1

        CLASS   BANK1          
                cstackBANK1                          E6       E6        6         1
                bssBANK1                             E0       E0        6         1

        CLASS   BANK2          
                cstackBANK2                         160      160        B         1
                bssBANK2                            16B      16B        5         1

        CLASS   BANK3          
                cstackBANK3                         1E5      1E5        6         1
                bssBANK3                            1A0      1A0       45         1

        CLASS   BANK4          
                cstackBANK4                         232      232        7         1
                bssBANK4                            220      220       12         1

        CLASS   BANK5          
                bssBANK5                            2A0      2A0       40         1

        CLASS   BANK6          
                bssBANK6                            320      320       40         1

        CLASS   BANK7          

        CLASS   BANK8          

        CLASS   BANK9          

        CLASS   BANK10         

        CLASS   BANK11         

        CLASS   BANK12         

        CLASS   BIGRAM         

        CLASS   RAM            

        CLASS   ABS1           
                abs_s1                               20       20       40         1
                abs_s1                               7E       7E        2         1
                abs_s1                               A0       A0       40         1
                abs_s1                              120      120       40         1

        CLASS   SFR0           

        CLASS   SFR1           

        CLASS   SFR2           

        CLASS   SFR3           

        CLASS   SFR4           

        CLASS   SFR5           

        CLASS   SFR6           

        CLASS   SFR7           

        CLASS   SFR8           

        CLASS   SFR9           

        CLASS   SFR10          

        CLASS   SFR11          

        CLASS   SFR12          

        CLASS   SFR13          

        CLASS   SFR14          

        CLASS   SFR15          

        CLASS   SFR16          

        CLASS   SFR17          

        CLASS   SFR18          

        CLASS   SFR19          

        CLASS   SFR20          

        CLASS   SFR21          

        CLASS   SFR22          

        CLASS   SFR23          

        CLASS   SFR24          

        CLASS   SFR25          

        CLASS   SFR26          

        CLASS   SFR27          

        CLASS   SFR28          

        CLASS   SFR29          

        CLASS   SFR30          

        CLASS   SFR31          

        CLASS   CONFIG         
                config                             8007     8007        2         0

        CLASS   IDLOC          

        CLASS   BANK31         

        CLASS   BANK30         

        CLASS   BANK29         

        CLASS   BANK28         

        CLASS   BANK27         

        CLASS   BANK26         

        CLASS   BANK25         

        CLASS   BANK24         

        CLASS   BANK23         

        CLASS   BANK22         

        CLASS   BANK21         

        CLASS   BANK20         

        CLASS   BANK19         

        CLASS   BANK18         

        CLASS   BANK17         

        CLASS   BANK16         

        CLASS   BANK15         

        CLASS   BANK14         

        CLASS   BANK13         

        CLASS   EEDATA         



SEGMENTS        Name                           Load    Length   Top    Selector   Space  Class     Delta

                reset_vec                      000000  000003  000003         0       0  CODE        2
                intentry                       000004  00024D  000251         8       0  CODE        2
                cstackBANK0                    000060  000010  000070        60       1  BANK0       1
                cstackCOMMON                   000070  00000E  00007E        70       1  COMMON      1
                bssBANK1                       0000E0  00000C  0000EC        E0       1  BANK1       1
                cstackBANK2                    000160  000010  000170       160       1  BANK2       1
                bssBANK3                       0001A0  00004B  0001EB       1A0       1  BANK3       1
                bssBANK4                       000220  000019  000239       220       1  BANK4       1
                bssBANK5                       0002A0  000040  0002E0       2A0       1  BANK5       1
                bssBANK6                       000320  000040  000360       320       1  BANK6       1
                stringtext                     000251  0000C9  00031A       4A2       0  STRCODE     2
                text6                          00031A  0004E3  0007FD       634       0  CODE        2
                swtext1                        000800  00001A  00081A      1000       0  CONST       2
                text31                         00081D  000018  000835      103A       0  CODE        2
                text24                         000835  000018  00084D      106A       0  CODE        2
                text1                          00084D  00001B  000868      109A       0  CODE        2
                text7                          000868  00001D  000885      10D0       0  CODE        2
                text22                         000885  00001F  0008A4      110A       0  CODE        2
                text39                         0008A4  000020  0008C4      1148       0  CODE        2
                text21                         0008C4  000020  0008E4      1188       0  CODE        2
                text23                         0008E4  000027  00090B      11C8       0  CODE        2
                text16                         00090B  00002B  000936      1216       0  CODE        2
                text5                          000936  00002B  000961      126C       0  CODE        2
                text11                         000961  00002C  00098D      12C2       0  CODE        2
                text37                         00098D  000035  0009C2      131A       0  CODE        2
                text42                         0009C2  000037  0009F9      1384       0  CODE        2
                text35                         0009F9  000038  000A31      13F2       0  CODE        2
                text14                         000A31  00003E  000A6F      1462       0  CODE        2
                text40                         000A6F  000042  000AB1      14DE       0  CODE        2
                text17                         000AB1  000043  000AF4      1562       0  CODE        2
                text26                         000AF4  000054  000B48      15E8       0  CODE        2
                text25                         000B48  000054  000B9C      1690       0  CODE        2
                text32                         000B9C  000055  000BF1      1738       0  CODE        2
                text28                         000BF1  00005C  000C4D      17E2       0  CODE        2
                text41                         000C4D  000060  000CAD      189A       0  CODE        2
                text29                         000CAD  000062  000D0F      195A       0  CODE        2
                text45                         000D0F  00006C  000D7B      1A1E       0  CODE        2
                text44                         000D7B  000072  000DED      1AF6       0  CODE        2
                text33                         000DED  00007F  000E6C      1BDA       0  CODE        2
                text38                         000E6C  000083  000EEF      1CD8       0  CODE        2
                text15                         000EEF  000084  000F73      1DDE       0  CODE        2
                text2                          000F73  00008D  001000      1EE6       0  CODE        2
                clrtext                        001783  000006  001789      2F06       0  CODE        2
                text12                         001789  000009  001792      2F12       0  CODE        2
                text4                          001792  000009  00179B      2F24       0  CODE        2
                text3                          00179B  00000F  0017AA      2F36       0  CODE        2
                text36                         0017AA  000015  0017BF      2F54       0  CODE        2
                text10                         0017BF  000015  0017D4      2F7E       0  CODE        2
                text9                          0017D4  000015  0017E9      2FA8       0  CODE        2
                text8                          0017E9  000017  001800      2FD2       0  CODE        2
                config                         008007  000002  008009     1000E       0  CONFIG      2


UNUSED ADDRESS RANGES

        Name                Unused          Largest block    Delta
        BANK1            000EC-000EF               4           1
        BANK10           00520-0056F              50           1
        BANK11           005A0-005EF              50           1
        BANK12           00620-0064F              30           1
        BANK3            001EB-001EF               5           1
        BANK4            00239-0026F              37           1
        BANK5            002E0-002EF              10           1
        BANK6            00360-0036F              10           1
        BANK7            003A0-003EF              50           1
        BANK8            00420-0046F              50           1
        BANK9            004A0-004EF              50           1
        BIGRAM           02000-023EF             3F0           1
        CODE             00003-00003               1           2
                         007FD-007FF               3
                         0081A-0081C               3
                         01000-01782             783
                         01800-01FFF             800
        CONST            00003-00003               1           2
                         007FD-007FF               3
                         0081A-0081C               3
                         01000-01782             100
                         01800-01FFF             100
        ENTRY            00003-00003               1           2
                         007FD-007FF               3
                         0081A-0081C               3
                         01000-01782             100
                         01800-01FFF             100
        IDLOC            08000-08003               4           2
        RAM              000EC-000EF               4           1
                         001EB-001EF               5
                         00239-0026F              37
                         002E0-002EF              10
                         00360-0036F              10
                         003A0-003EF              50
                         00420-0046F              50
                         004A0-004EF              50
                         00520-0056F              50
                         005A0-005EF              50
                         00620-0064F              30
        SFR0             00000-0001F              20           1
        SFR1             00080-0009F              20           1
        SFR10            00500-0051F              20           1
        SFR11            00580-0059F              20           1
        SFR12            00600-0061F              20           1
        SFR13            00680-006EF              70           1
        SFR14            00700-0076F              70           1
        SFR15            00780-007EF              70           1
        SFR16            00800-0086F              70           1
        SFR17            00880-008EF              70           1
        SFR18            00900-0096F              70           1
        SFR19            00980-009EF              70           1
        SFR2             00100-0011F              20           1
        SFR20            00A00-00A6F              70           1
        SFR21            00A80-00AEF              70           1
        SFR22            00B00-00B6F              70           1
        SFR23            00B80-00BEF              70           1
        SFR24            00C00-00C6F              70           1
        SFR25            00C80-00CEF              70           1
        SFR26            00D00-00D6F              70           1
        SFR27            00D80-00DEF              70           1
        SFR28            00E00-00E6F              70           1
        SFR29            00E80-00EEF              70           1
        SFR3             00180-0019F              20           1
        SFR30            00F00-00F6F              70           1
        SFR31            00F80-00FEF              70           1
        SFR4             00200-0021F              20           1
        SFR5             00280-0029F              20           1
        SFR6             00300-0031F              20           1
        SFR7             00380-0039F              20           1
        SFR8             00400-0041F              20           1
        SFR9             00480-0049F              20           1
        STACK            02220-023EF             1D0           1
        STRCODE          00003-00003               1           2
                         007FD-007FF               3
                         0081A-0081C               3
                         01000-01782             783
                         01800-01FFF             800
        STRING           00003-00003               1           2
                         007FD-007FF               3
                         0081A-0081C               3
                         01000-01782             100
                         01800-01FFF             100

                                  Symbol Table

?_USBTransferOnePacket                    cstackBANK2  00160
?i1_USBTransferOnePacket                  cstackCOMMON 00070
CDCTxService@byte_to_send                 cstackBANK3  001E7
CDCTxService@i                            cstackBANK3  001E6
ReadPayload@data                          cstackBANK2  00161
ReadPayload@i                             cstackBANK2  00165
ReadPayload@num                           cstackBANK2  00164
ReadRegister@reg                          cstackBANK2  00162
ReadRegister@temp                         cstackBANK2  00163
ReadRegister@temp1                        cstackBANK2  00164
SPI_transfer@data                         cstackBANK2  00160
SYSTEM_Initialize@state                   cstackBANK2  00160
USBConfigureEndpoint@EPNum                cstackBANK2  00165
USBConfigureEndpoint@direction            cstackBANK2  00160
USBConfigureEndpoint@handle               cstackBANK2  00166
USBCtrlTrfInHandler@lastDTS               cstackCOMMON 00075
USBCtrlTrfRxService@byteToRead            cstackCOMMON 00075
USBCtrlTrfRxService@i                     cstackCOMMON 00074
USBCtrlTrfTxService@byteToSend            cstackCOMMON 00072
USBDeviceInit@i                           cstackBANK2  00164
USBDeviceInit@i_821                       cstackBANK2  00163
USBDeviceInit@p                           cstackBANK2  00161
USBDeviceTasks@i                          cstackBANK0  0006F
USBEnableEndpoint@ep                      cstackBANK3  001E7
USBEnableEndpoint@options                 cstackBANK2  00167
USBEnableEndpoint@p                       cstackBANK3  001E5
USBStdFeatureReqHandler@current_ep_data   cstackBANK0  0006A
USBStdFeatureReqHandler@p                 cstackBANK0  0006B
USBStdFeatureReqHandler@pUEP              cstackBANK0  00068
USBStdGetStatusHandler@p                  cstackCOMMON 00071
USBStdSetCfgHandler@i                     cstackBANK0  0006A
USBStdSetCfgHandler@i_1174                cstackBANK0  00069
USBStdSetCfgHandler@p                     cstackBANK0  00067
USBTransferOnePacket@data                 cstackBANK2  00161
USBTransferOnePacket@dir                  cstackBANK2  00160
USBTransferOnePacket@ep                   cstackBANK2  00168
USBTransferOnePacket@handle               cstackBANK2  00169
USBTransferOnePacket@len                  cstackBANK2  00163
USER_USB_CALLBACK_EVENT_HANDLER@event     cstackBANK0  00060
USER_USB_CALLBACK_EVENT_HANDLER@pdata     cstackBANK0  00062
USER_USB_CALLBACK_EVENT_HANDLER@size      cstackBANK0  00064
WriteAddress@addr                         cstackBANK2  00162
WriteAddress@i                            cstackBANK2  00165
WriteAddress@num                          cstackBANK2  00161
WriteAddress@reg                          cstackBANK2  00164
WriteCommand@command                      cstackBANK2  00161
WriteRegister@reg                         cstackBANK2  00162
WriteRegister@val                         cstackBANK2  00161
_ACTCON                                   (abs)        0039B
_ANSELA                                   (abs)        0018C
_ANSELB                                   (abs)        0018D
_ANSELC                                   (abs)        0018E
_BDT                                      (abs)        00020
_BothEP0OutUOWNsSet                       bssBANK3     001C9
_CDCDataInHandle                          bssBANK3     001C1
_CDCDataOutHandle                         bssBANK3     001C3
_CDCInitEP                                text14       00A31
_CDCTxService                             text13       003D2
_CtrlTrfData                              (abs)        00058
_INTCONbits                               (abs)        0000B
_LATAbits                                 (abs)        0010C
_LATCbits                                 (abs)        0010E
_OSCCON                                   (abs)        00099
_PIE2bits                                 (abs)        00092
_PIR2bits                                 (abs)        00012
_ReadPayload                              text11       00961
_ReadRegister                             text10       017BF
_RemoteWakeup                             bssBANK3     001CA
_SPI_init                                 text9        017D4
_SPI_transfer                             text12       01789
_SSPBUF                                   (abs)        00211
_SSPCON1bits                              (abs)        00215
_SSPSTATbits                              (abs)        00214
_SYSTEM_Initialize                        text8        017E9
_SYS_InterruptHigh                        intentry     00004
_SetupPkt                                 (abs)        00050
_TRISAbits                                (abs)        0008C
_TRISBbits                                (abs)        0008D
_TRISCbits                                (abs)        0008E
_UADDR                                    (abs)        00E96
_UCFG                                     (abs)        00E91
_UCON                                     (abs)        00E8E
_UCONbits                                 (abs)        00E8E
_UEIE                                     (abs)        00E97
_UEIR                                     (abs)        00E93
_UEP0                                     (abs)        00E98
_UEP0bits                                 (abs)        00E98
_UEP1                                     (abs)        00E99
_UIE                                      (abs)        00E92
_UIEbits                                  (abs)        00E92
_UIR                                      (abs)        00E90
_UIRbits                                  (abs)        00E90
_USB1msTickCount                          bssBANK3     001B7
_USBActiveConfiguration                   bssBANK3     001E4
_USBAlternateInterface                    bssBANK3     001E2
_USBBusIsSuspended                        bssBANK3     001CB
_USBCheckCDCRequest                       text41       00C4D
_USBCheckStdRequest                       text29       00CAD
_USBConfigureEndpoint                     text17       00AB1
_USBCtrlEPAllowDataStage                  text28       00BF1
_USBCtrlEPAllowStatusStage                text44       00D7B
_USBCtrlEPService                         text25       00B48
_USBCtrlEPServiceComplete                 text27       00668
_USBCtrlTrfInHandler                      text45       00D0F
_USBCtrlTrfOutHandler                     text42       009C2
_USBCtrlTrfRxService                      text43       00531
_USBCtrlTrfSetupHandler                   text26       00AF4
_USBCtrlTrfTxService                      text46       00789
_USBDeferINDataStagePackets               bssBANK3     001CC
_USBDeferOUTDataStagePackets              bssBANK3     001CD
_USBDeferStatusStagePacket                bssBANK3     001CE
_USBDeviceAttach                          text7        00868
_USBDeviceInit                            text6        0031A
_USBDeviceState                           bssBANK1     000E2
_USBDeviceTasks                           text19       0016D
_USBEnableEndpoint                        text16       0090B
_USBIncrement1msInternalTimers            text24       00835
_USBStallHandler                          text23       008E4
_USBStatusStageEnabledFlag1               bssBANK3     001CF
_USBStatusStageEnabledFlag2               bssBANK3     001D0
_USBStatusStageTimeoutCounter             bssBANK3     001D1
_USBStdFeatureReqHandler                  text34       00044
_USBStdGetDscHandler                      text33       00DED
_USBStdGetStatusHandler                   text32       00B9C
_USBStdSetCfgHandler                      text30       006FB
_USBSuspend                               text22       00885
_USBTicksSinceSuspendEnd                  bssBANK3     001D2
_USBTransferOnePacket                     text15       00EEF
_USBWakeFromSuspend                       text21       008C4
_USB_CD_Ptr                               stringtext   00257
_USB_SD_Ptr                               stringtext   00251
_USER_USB_CALLBACK_EVENT_HANDLER          text35       009F9
_USTAT                                    (abs)        00E8F
_USTATcopy                                bssBANK1     000E5
_WriteAddress                             text5        00936
_WriteCommand                             text4        01792
_WriteRegister                            text3        0179B
__CFG_BOREN$OFF                           (abs)        00000
__CFG_BORV$LO                             (abs)        00000
__CFG_CLKOUTEN$OFF                        (abs)        00000
__CFG_CP$OFF                              (abs)        00000
__CFG_CPUDIV$NOCLKDIV                     (abs)        00000
__CFG_FCMEN$OFF                           (abs)        00000
__CFG_FOSC$INTOSC                         (abs)        00000
__CFG_IESO$OFF                            (abs)        00000
__CFG_LPBOR$OFF                           (abs)        00000
__CFG_LVP$OFF                             (abs)        00000
__CFG_MCLRE$ON                            (abs)        00000
__CFG_PLLEN$DISABLED                      (abs)        00000
__CFG_PLLMULT$3x                          (abs)        00000
__CFG_PWRTE$OFF                           (abs)        00000
__CFG_STVREN$OFF                          (abs)        00000
__CFG_USBLSCLK$48MHz                      (abs)        00000
__CFG_WDTE$OFF                            (abs)        00000
__CFG_WRT$OFF                             (abs)        00000
__Habs1                                   abs1         00000
__Hbank0                                  bank0        00000
__Hbank1                                  bank1        00000
__Hbank10                                 bank10       00000
__Hbank11                                 bank11       00000
__Hbank12                                 bank12       00000
__Hbank13                                 bank13       00000
__Hbank14                                 bank14       00000
__Hbank15                                 bank15       00000
__Hbank16                                 bank16       00000
__Hbank17                                 bank17       00000
__Hbank18                                 bank18       00000
__Hbank19                                 bank19       00000
__Hbank2                                  bank2        00000
__Hbank20                                 bank20       00000
__Hbank21                                 bank21       00000
__Hbank22                                 bank22       00000
__Hbank23                                 bank23       00000
__Hbank24                                 bank24       00000
__Hbank25                                 bank25       00000
__Hbank26                                 bank26       00000
__Hbank27                                 bank27       00000
__Hbank28                                 bank28       00000
__Hbank29                                 bank29       00000
__Hbank3                                  bank3        00000
__Hbank30                                 bank30       00000
__Hbank31                                 bank31       00000
__Hbank4                                  bank4        00000
__Hbank5                                  bank5        00000
__Hbank6                                  bank6        00000
__Hbank7                                  bank7        00000
__Hbank8                                  bank8        00000
__Hbank9                                  bank9        00000
__Hbigram                                 bigram       00000
__HbssBANK1                               bssBANK1     00000
__HbssBANK2                               bssBANK2     00000
__HbssBANK3                               bssBANK3     00000
__HbssBANK4                               bssBANK4     00000
__HbssBANK5                               bssBANK5     00000
__HbssBANK6                               bssBANK6     00000
__Hcinit                                  cinit        00044
__Hclrtext                                clrtext      00000
__Hcode                                   code         00000
__Hcommon                                 common       00000
__Hconfig                                 config       08009
__HcstackBANK0                            cstackBANK0  00000
__HcstackBANK1                            cstackBANK1  00000
__HcstackBANK2                            cstackBANK2  00000
__HcstackBANK3                            cstackBANK3  00000
__HcstackBANK4                            cstackBANK4  00000
__HcstackCOMMON                           cstackCOMMON 00000
__Heeprom_data                            eeprom_data  00000
__Hend_init                               end_init     00014
__Hfunctab                                functab      00000
__Hidloc                                  idloc        00000
__Hinit                                   init         00012
__Hintentry                               intentry     00012
__Hmaintext                               maintext     00000
__Hpowerup                                powerup      00000
__Hram                                    ram          00000
__Hreset_vec                              reset_vec    00003
__Hsfr0                                   sfr0         00000
__Hsfr1                                   sfr1         00000
__Hsfr10                                  sfr10        00000
__Hsfr11                                  sfr11        00000
__Hsfr12                                  sfr12        00000
__Hsfr13                                  sfr13        00000
__Hsfr14                                  sfr14        00000
__Hsfr15                                  sfr15        00000
__Hsfr16                                  sfr16        00000
__Hsfr17                                  sfr17        00000
__Hsfr18                                  sfr18        00000
__Hsfr19                                  sfr19        00000
__Hsfr2                                   sfr2         00000
__Hsfr20                                  sfr20        00000
__Hsfr21                                  sfr21        00000
__Hsfr22                                  sfr22        00000
__Hsfr23                                  sfr23        00000
__Hsfr24                                  sfr24        00000
__Hsfr25                                  sfr25        00000
__Hsfr26                                  sfr26        00000
__Hsfr27                                  sfr27        00000
__Hsfr28                                  sfr28        00000
__Hsfr29                                  sfr29        00000
__Hsfr3                                   sfr3         00000
__Hsfr30                                  sfr30        00000
__Hsfr31                                  sfr31        00000
__Hsfr4                                   sfr4         00000
__Hsfr5                                   sfr5         00000
__Hsfr6                                   sfr6         00000
__Hsfr7                                   sfr7         00000
__Hsfr8                                   sfr8         00000
__Hsfr9                                   sfr9         00000
__Hspace_0                                (abs)        08009
__Hspace_1                                (abs)        00360
__Hspace_2                                (abs)        00000
__Hspace_3                                (abs)        00000
__Hstack                                  stack        00000
__Hstrings                                strings      00000
__Hstringtext                             stringtext   00000
__Htext                                   text         00000
__Labs1                                   abs1         00000
__Lbank0                                  bank0        00000
__Lbank1                                  bank1        00000
__Lbank10                                 bank10       00000
__Lbank11                                 bank11       00000
__Lbank12                                 bank12       00000
__Lbank13                                 bank13       00000
__Lbank14                                 bank14       00000
__Lbank15                                 bank15       00000
__Lbank16                                 bank16       00000
__Lbank17                                 bank17       00000
__Lbank18                                 bank18       00000
__Lbank19                                 bank19       00000
__Lbank2                                  bank2        00000
__Lbank20                                 bank20       00000
__Lbank21                                 bank21       00000
__Lbank22                                 bank22       00000
__Lbank23                                 bank23       00000
__Lbank24                                 bank24       00000
__Lbank25                                 bank25       00000
__Lbank26                                 bank26       00000
__Lbank27                                 bank27       00000
__Lbank28                                 bank28       00000
__Lbank29                                 bank29       00000
__Lbank3                                  bank3        00000
__Lbank30                                 bank30       00000
__Lbank31                                 bank31       00000
__Lbank4                                  bank4        00000
__Lbank5                                  bank5        00000
__Lbank6                                  bank6        00000
__Lbank7                                  bank7        00000
__Lbank8                                  bank8        00000
__Lbank9                                  bank9        00000
__Lbigram                                 bigram       00000
__LbssBANK1                               bssBANK1     00000
__LbssBANK2                               bssBANK2     00000
__LbssBANK3                               bssBANK3     00000
__LbssBANK4                               bssBANK4     00000
__LbssBANK5                               bssBANK5     00000
__LbssBANK6                               bssBANK6     00000
__Lcinit                                  cinit        00014
__Lclrtext                                clrtext      00000
__Lcode                                   code         00000
__Lcommon                                 common       00000
__Lconfig                                 config       08007
__LcstackBANK0                            cstackBANK0  00000
__LcstackBANK1                            cstackBANK1  00000
__LcstackBANK2                            cstackBANK2  00000
__LcstackBANK3                            cstackBANK3  00000
__LcstackBANK4                            cstackBANK4  00000
__LcstackCOMMON                           cstackCOMMON 00000
__Leeprom_data                            eeprom_data  00000
__Lend_init                               end_init     00012
__Lfunctab                                functab      00000
__Lidloc                                  idloc        00000
__Linit                                   init         00012
__Lintentry                               intentry     00004
__Lmaintext                               maintext     00000
__Lpowerup                                powerup      00000
__Lram                                    ram          00000
__Lreset_vec                              reset_vec    00000
__Lsfr0                                   sfr0         00000
__Lsfr1                                   sfr1         00000
__Lsfr10                                  sfr10        00000
__Lsfr11                                  sfr11        00000
__Lsfr12                                  sfr12        00000
__Lsfr13                                  sfr13        00000
__Lsfr14                                  sfr14        00000
__Lsfr15                                  sfr15        00000
__Lsfr16                                  sfr16        00000
__Lsfr17                                  sfr17        00000
__Lsfr18                                  sfr18        00000
__Lsfr19                                  sfr19        00000
__Lsfr2                                   sfr2         00000
__Lsfr20                                  sfr20        00000
__Lsfr21                                  sfr21        00000
__Lsfr22                                  sfr22        00000
__Lsfr23                                  sfr23        00000
__Lsfr24                                  sfr24        00000
__Lsfr25                                  sfr25        00000
__Lsfr26                                  sfr26        00000
__Lsfr27                                  sfr27        00000
__Lsfr28                                  sfr28        00000
__Lsfr29                                  sfr29        00000
__Lsfr3                                   sfr3         00000
__Lsfr30                                  sfr30        00000
__Lsfr31                                  sfr31        00000
__Lsfr4                                   sfr4         00000
__Lsfr5                                   sfr5         00000
__Lsfr6                                   sfr6         00000
__Lsfr7                                   sfr7         00000
__Lsfr8                                   sfr8         00000
__Lsfr9                                   sfr9         00000
__Lspace_0                                (abs)        00000
__Lspace_1                                (abs)        00000
__Lspace_2                                (abs)        00000
__Lspace_3                                (abs)        00000
__Lstack                                  stack        00000
__Lstrings                                strings      00000
__Lstringtext                             stringtext   00000
__Ltext                                   text         00000
__S0                                      (abs)        08009
__S1                                      (abs)        00360
__S2                                      (abs)        00000
___int_sp                                 stack        00000
___latbits                                (abs)        00002
___sp                                     stack        00000
__end_of_CDCInitEP                        text14       00A6F
__end_of_CDCTxService                     text13       00483
__end_of_ReadPayload                      text11       0098D
__end_of_ReadRegister                     text10       017D4
__end_of_SPI_init                         text9        017E9
__end_of_SPI_transfer                     text12       01792
__end_of_SYSTEM_Initialize                text8        01800
__end_of_SYS_InterruptHigh                intentry     00012
__end_of_USBCheckCDCRequest               text41       00CAD
__end_of_USBCheckStdRequest               text29       00D0F
__end_of_USBConfigureEndpoint             text17       00AF4
__end_of_USBCtrlEPAllowDataStage          text28       00C4D
__end_of_USBCtrlEPAllowStatusStage        text44       00DED
__end_of_USBCtrlEPService                 text25       00B9C
__end_of_USBCtrlEPServiceComplete         text27       006FB
__end_of_USBCtrlTrfInHandler              text45       00D7B
__end_of_USBCtrlTrfOutHandler             text42       009F9
__end_of_USBCtrlTrfRxService              text43       005D2
__end_of_USBCtrlTrfSetupHandler           text26       00B48
__end_of_USBCtrlTrfTxService              text46       007FD
__end_of_USBDeviceAttach                  text7        00885
__end_of_USBDeviceInit                    text6        003D2
__end_of_USBDeviceTasks                   text19       00251
__end_of_USBEnableEndpoint                text16       00936
__end_of_USBIncrement1msInternalTimers    text24       0084D
__end_of_USBStallHandler                  text23       0090B
__end_of_USBStdFeatureReqHandler          text34       0016D
__end_of_USBStdGetDscHandler              text33       00E6C
__end_of_USBStdGetStatusHandler           text32       00BF1
__end_of_USBStdSetCfgHandler              text30       00789
__end_of_USBSuspend                       text22       008A4
__end_of_USBTransferOnePacket             text15       00F73
__end_of_USBWakeFromSuspend               text21       008E4
__end_of_USB_CD_Ptr                       stringtext   00259
__end_of_USB_SD_Ptr                       stringtext   00257
__end_of_USER_USB_CALLBACK_EVENT_HANDLER  text35       00A31
__end_of_WriteAddress                     text5        00961
__end_of_WriteCommand                     text4        0179B
__end_of_WriteRegister                    text3        017AA
__end_of__initialization                  cinit        00040
__end_of_configDescriptor1                stringtext   0029C
__end_of_device_dsc                       stringtext   00316
__end_of_main                             maintext     00668
__end_of_memset                           text31       00835
__end_of_nRF_Setup                        text2        01000
__end_of_putUSBUSART                      text1        00868
__end_of_sd000                            stringtext   0031A
__end_of_sd001                            stringtext   002D0
__end_of_sd002                            stringtext   00304
__end_ofi1_CDCInitEP                      text37       009C2
__end_ofi1_SYSTEM_Initialize              text36       017BF
__end_ofi1_USBConfigureEndpoint           text40       00AB1
__end_ofi1_USBDeviceInit                  text20       00531
__end_ofi1_USBEnableEndpoint              text39       008C4
__end_ofi1_USBTransferOnePacket           text38       00EEF
__initialization                          cinit        00014
__pbssBANK1                               bssBANK1     000E0
__pbssBANK2                               bssBANK2     0016B
__pbssBANK3                               bssBANK3     001A0
__pbssBANK4                               bssBANK4     00220
__pbssBANK5                               bssBANK5     002A0
__pbssBANK6                               bssBANK6     00320
__pcstackBANK0                            cstackBANK0  00060
__pcstackBANK1                            cstackBANK1  000E6
__pcstackBANK2                            cstackBANK2  00160
__pcstackBANK3                            cstackBANK3  001E5
__pcstackBANK4                            cstackBANK4  00232
__pcstackCOMMON                           cstackCOMMON 00070
__pintentry                               intentry     00004
__pmaintext                               maintext     005D2
__pstringtext                             stringtext   00251
__pswtext1                                swtext1      00800
__ptext1                                  text1        0084D
__ptext10                                 text10       017BF
__ptext11                                 text11       00961
__ptext12                                 text12       01789
__ptext13                                 text13       003D2
__ptext14                                 text14       00A31
__ptext15                                 text15       00EEF
__ptext16                                 text16       0090B
__ptext17                                 text17       00AB1
__ptext19                                 text19       0016D
__ptext2                                  text2        00F73
__ptext20                                 text20       00483
__ptext21                                 text21       008C4
__ptext22                                 text22       00885
__ptext23                                 text23       008E4
__ptext24                                 text24       00835
__ptext25                                 text25       00B48
__ptext26                                 text26       00AF4
__ptext27                                 text27       00668
__ptext28                                 text28       00BF1
__ptext29                                 text29       00CAD
__ptext3                                  text3        0179B
__ptext30                                 text30       006FB
__ptext31                                 text31       0081D
__ptext32                                 text32       00B9C
__ptext33                                 text33       00DED
__ptext34                                 text34       00044
__ptext35                                 text35       009F9
__ptext36                                 text36       017AA
__ptext37                                 text37       0098D
__ptext38                                 text38       00E6C
__ptext39                                 text39       008A4
__ptext4                                  text4        01792
__ptext40                                 text40       00A6F
__ptext41                                 text41       00C4D
__ptext42                                 text42       009C2
__ptext43                                 text43       00531
__ptext44                                 text44       00D7B
__ptext45                                 text45       00D0F
__ptext46                                 text46       00789
__ptext5                                  text5        00936
__ptext6                                  text6        0031A
__ptext7                                  text7        00868
__ptext8                                  text8        017E9
__ptext9                                  text9        017D4
__size_of_CDCInitEP                       (abs)        00000
__size_of_CDCTxService                    (abs)        00000
__size_of_ReadPayload                     (abs)        00000
__size_of_ReadRegister                    (abs)        00000
__size_of_SPI_init                        (abs)        00000
__size_of_SPI_transfer                    (abs)        00000
__size_of_SYSTEM_Initialize               (abs)        00000
__size_of_SYS_InterruptHigh               (abs)        00000
__size_of_USBCheckCDCRequest              (abs)        00000
__size_of_USBCheckStdRequest              (abs)        00000
__size_of_USBConfigureEndpoint            (abs)        00000
__size_of_USBCtrlEPAllowDataStage         (abs)        00000
__size_of_USBCtrlEPAllowStatusStage       (abs)        00000
__size_of_USBCtrlEPService                (abs)        00000
__size_of_USBCtrlEPServiceComplete        (abs)        00000
__size_of_USBCtrlTrfInHandler             (abs)        00000
__size_of_USBCtrlTrfOutHandler            (abs)        00000
__size_of_USBCtrlTrfRxService             (abs)        00000
__size_of_USBCtrlTrfSetupHandler          (abs)        00000
__size_of_USBCtrlTrfTxService             (abs)        00000
__size_of_USBDeviceAttach                 (abs)        00000
__size_of_USBDeviceInit                   (abs)        00000
__size_of_USBDeviceTasks                  (abs)        00000
__size_of_USBEnableEndpoint               (abs)        00000
__size_of_USBIncrement1msInternalTimers   (abs)        00000
__size_of_USBStallHandler                 (abs)        00000
__size_of_USBStdFeatureReqHandler         (abs)        00000
__size_of_USBStdGetDscHandler             (abs)        00000
__size_of_USBStdGetStatusHandler          (abs)        00000
__size_of_USBStdSetCfgHandler             (abs)        00000
__size_of_USBSuspend                      (abs)        00000
__size_of_USBTransferOnePacket            (abs)        00000
__size_of_USBWakeFromSuspend              (abs)        00000
__size_of_USER_USB_CALLBACK_EVENT_HANDLER (abs)        00000
__size_of_WriteAddress                    (abs)        00000
__size_of_WriteCommand                    (abs)        00000
__size_of_WriteRegister                   (abs)        00000
__size_of_main                            (abs)        00000
__size_of_memset                          (abs)        00000
__size_of_nRF_Setup                       (abs)        00000
__size_of_putUSBUSART                     (abs)        00000
__size_ofi1_CDCInitEP                     (abs)        00000
__size_ofi1_SYSTEM_Initialize             (abs)        00000
__size_ofi1_USBConfigureEndpoint          (abs)        00000
__size_ofi1_USBDeviceInit                 (abs)        00000
__size_ofi1_USBEnableEndpoint             (abs)        00000
__size_ofi1_USBTransferOnePacket          (abs)        00000
_cdc_data_rx                              (abs)        00120
_cdc_data_tx                              (abs)        000A0
_cdc_mem_type                             bssBANK3     001D3
_cdc_rx_len                               bssBANK3     001D4
_cdc_trf_state                            bssBANK3     001D5
_cdc_tx_len                               bssBANK3     001D6
_configDescriptor1                        stringtext   00259
_controlTransferState                     bssBANK1     000E3
_control_signal_bitmap                    bssBANK3     001D7
_device_dsc                               stringtext   00304
_dummy_encapsulated_cmd_response          bssBANK4     0022A
_endpoint_number                          bssBANK3     001D8
_ep_data_in                               bssBANK3     001BB
_ep_data_out                              bssBANK3     001BE
_inPipes                                  bssBANK2     0016B
_line_coding                              bssBANK3     001DB
_main                                     maintext     005D2
_memset                                   text31       0081D
_nRF_Setup                                text2        00F73
_outPipes                                 bssBANK3     001A0
_pBDTEntryEP0OutCurrent                   bssBANK1     000E4
_pBDTEntryEP0OutNext                      bssBANK1     000E0
_pBDTEntryIn                              bssBANK3     001A7
_pBDTEntryOut                             bssBANK3     001AD
_pCDCDst                                  bssBANK3     001C5
_pCDCSrc                                  bssBANK3     001C7
_pDst                                     bssBANK3     001D9
_putUSBUSART                              text1        0084D
_sd000                                    stringtext   00316
_sd001                                    stringtext   0029C
_sd002                                    stringtext   002D0
_shortPacketStatus                        bssBANK3     001DA
btemp                                     (abs)        0007E
clear_ram0                                clrtext      01783
end_of_initialization                     cinit        00040
i1SYSTEM_Initialize@state                 cstackCOMMON 00070
i1USBConfigureEndpoint@EPNum              cstackCOMMON 00075
i1USBConfigureEndpoint@direction          cstackCOMMON 00070
i1USBConfigureEndpoint@handle             cstackCOMMON 00076
i1USBDeviceInit@i                         cstackCOMMON 00074
i1USBDeviceInit@i_821                     cstackCOMMON 00073
i1USBDeviceInit@p                         cstackCOMMON 00071
i1USBEnableEndpoint@ep                    cstackCOMMON 0007C
i1USBEnableEndpoint@options               cstackCOMMON 00077
i1USBEnableEndpoint@p                     cstackCOMMON 0007A
i1USBTransferOnePacket@data               cstackCOMMON 00071
i1USBTransferOnePacket@dir                cstackCOMMON 00070
i1USBTransferOnePacket@ep                 cstackCOMMON 00078
i1USBTransferOnePacket@handle             cstackCOMMON 00079
i1USBTransferOnePacket@len                cstackCOMMON 00073
i1_CDCInitEP                              text37       0098D
i1_SYSTEM_Initialize                      text36       017AA
i1_USBConfigureEndpoint                   text40       00A6F
i1_USBDeviceInit                          text20       00483
i1_USBEnableEndpoint                      text39       008A4
i1_USBTransferOnePacket                   text38       00E6C
int$flags                                 (abs)        0007E
intlevel0                                 functab      00000
intlevel1                                 functab      00000
intlevel2                                 functab      00000
intlevel3                                 functab      00000
intlevel4                                 functab      00000
intlevel5                                 functab      00000
ltemp                                     (abs)        0007E
ltemp0                                    (abs)        0007E
ltemp1                                    (abs)        00082
ltemp2                                    (abs)        00086
ltemp3                                    (abs)        00080
main@nino1                                cstackBANK4  00234
main@nino2                                cstackBANK4  00235
main@podatak                              cstackBANK4  00237
main@pom2                                 cstackBANK4  00233
main@status1                              cstackBANK4  00236
main@status2                              cstackBANK4  00232
memset@c                                  cstackCOMMON 00072
memset@n                                  cstackCOMMON 00074
memset@p                                  cstackCOMMON 00076
memset@p1                                 cstackCOMMON 00070
nRF_Setup@RXTX_ADDR                       cstackBANK3  001E5
putUSBUSART@data                          cstackBANK2  00162
putUSBUSART@length                        cstackBANK2  00160
reset_vec                                 reset_vec    00000
stackhi                                   (abs)        023EF
stacklo                                   (abs)        02220
start                                     init         00012
start_initialization                      cinit        00014
ttemp                                     (abs)        0007E
ttemp0                                    (abs)        0007E
ttemp1                                    (abs)        00081
ttemp2                                    (abs)        00084
ttemp3                                    (abs)        00087
ttemp4                                    (abs)        0007F
wtemp                                     (abs)        0007E
wtemp0                                    (abs)        0007E
wtemp1                                    (abs)        00080
wtemp2                                    (abs)        00082
wtemp3                                    (abs)        00084
wtemp4                                    (abs)        00086
wtemp5                                    (abs)        00088
wtemp6                                    (abs)        0007F


FUNCTION INFORMATION:

 *************** function _main *****************
 Defined at:
		line 21 in file "../src/main.c"
 Parameters:    Size  Location     Type
		None
 Auto vars:     Size  Location     Type
  nino2           1    3[BANK4 ] unsigned char 
  nino1           1    2[BANK4 ] unsigned char 
  podatak         2    5[BANK4 ] unsigned char [2]
  status1         1    4[BANK4 ] unsigned char 
  pom2            1    1[BANK4 ] unsigned char 
  status2         1    0[BANK4 ] unsigned char 
  pom             1    0        unsigned char 
  fifostatus      1    0        unsigned char 
 Return value:  Size  Location     Type
                  1    wreg      void 
 Registers used:
		wreg, fsr0l, fsr0h, fsr1l, fsr1h, status,2, status,0, pclath, cstack
 Tracked objects:
		On entry : 
		On exit  : 
		Unchanged: 
 Data sizes:     COMMON   BANK0   BANK1   BANK2   BANK3   BANK4   BANK5   BANK6   BANK7   BANK8   BANK9  BANK10  BANK11  BANK12
      Params:         0       0       0       0       0       0       0       0       0       0       0       0       0       0
      Locals:         0       0       0       0       0       7       0       0       0       0       0       0       0       0
      Temps:          0       0       0       0       1       0       0       0       0       0       0       0       0       0
      Totals:         0       0       0       0       1       7       0       0       0       0       0       0       0       0
Total ram usage:        8 bytes
 Hardware stack levels required when called:   13
 This function calls:
		_CDCInitEP
		_CDCTxService
		_ReadPayload
		_ReadRegister
		_SPI_init
		_SYSTEM_Initialize
		_USBDeviceAttach
		_USBDeviceInit
		_WriteRegister
		_nRF_Setup
		_putUSBUSART
 This function is called by:
		Startup code after reset
 This function uses a non-reentrant model


 *************** function _putUSBUSART *****************
 Defined at:
		line 556 in file "../lib/usb/src/usb_device_cdc.c"
 Parameters:    Size  Location     Type
  data            1    wreg     PTR unsigned char 
		 -> main@podatak(2), 
  length          1    0[BANK2 ] unsigned char 
 Auto vars:     Size  Location     Type
  data            1    2[BANK2 ] PTR unsigned char 
		 -> main@podatak(2), 
 Return value:  Size  Location     Type
                  1    wreg      void 
 Registers used:
		wreg, status,2, status,0
 Tracked objects:
		On entry : 
		On exit  : 
		Unchanged: 
 Data sizes:     COMMON   BANK0   BANK1   BANK2   BANK3   BANK4   BANK5   BANK6   BANK7   BANK8   BANK9  BANK10  BANK11  BANK12
      Params:         0       0       0       1       0       0       0       0       0       0       0       0       0       0
      Locals:         0       0       0       1       0       0       0       0       0       0       0       0       0       0
      Temps:          0       0       0       1       0       0       0       0       0       0       0       0       0       0
      Totals:         0       0       0       3       0       0       0       0       0       0       0       0       0       0
Total ram usage:        3 bytes
 Hardware stack levels used:    1
 Hardware stack levels required when called:   10
 This function calls:
		Nothing
 This function is called by:
		_main
 This function uses a non-reentrant model


 *************** function _nRF_Setup *****************
 Defined at:
		line 15 in file "nRF24L01P.c"
 Parameters:    Size  Location     Type
		None
 Auto vars:     Size  Location     Type
  RXTX_ADDR       5    0[BANK3 ] unsigned char [5]
  status          1    0        unsigned char 
 Return value:  Size  Location     Type
                  2  590[None  ] int 
 Registers used:
		wreg, fsr1l, fsr1h, status,2, status,0, pclath, cstack
 Tracked objects:
		On entry : 
		On exit  : 
		Unchanged: 
 Data sizes:     COMMON   BANK0   BANK1   BANK2   BANK3   BANK4   BANK5   BANK6   BANK7   BANK8   BANK9  BANK10  BANK11  BANK12
      Params:         0       0       0       0       0       0       0       0       0       0       0       0       0       0
      Locals:         0       0       0       0       5       0       0       0       0       0       0       0       0       0
      Temps:          0       0       0       2       0       0       0       0       0       0       0       0       0       0
      Totals:         0       0       0       2       5       0       0       0       0       0       0       0       0       0
Total ram usage:        7 bytes
 Hardware stack levels used:    1
 Hardware stack levels required when called:   12
 This function calls:
		_WriteAddress
		_WriteCommand
		_WriteRegister
 This function is called by:
		_main
 This function uses a non-reentrant model


 *************** function _WriteRegister *****************
 Defined at:
		line 84 in file "nRF24L01P.c"
 Parameters:    Size  Location     Type
  reg             1    wreg     unsigned char 
  val             1    1[BANK2 ] unsigned char 
 Auto vars:     Size  Location     Type
  reg             1    2[BANK2 ] unsigned char 
 Return value:  Size  Location     Type
                  1    wreg      void 
 Registers used:
		wreg, status,2, status,0, pclath, cstack
 Tracked objects:
		On entry : 
		On exit  : 
		Unchanged: 
 Data sizes:     COMMON   BANK0   BANK1   BANK2   BANK3   BANK4   BANK5   BANK6   BANK7   BANK8   BANK9  BANK10  BANK11  BANK12
      Params:         0       0       0       1       0       0       0       0       0       0       0       0       0       0
      Locals:         0       0       0       1       0       0       0       0       0       0       0       0       0       0
      Temps:          0       0       0       0       0       0       0       0       0       0       0       0       0       0
      Totals:         0       0       0       2       0       0       0       0       0       0       0       0       0       0
Total ram usage:        2 bytes
 Hardware stack levels used:    1
 Hardware stack levels required when called:   11
 This function calls:
		_SPI_transfer
 This function is called by:
		_main
		_nRF_Setup
		_FlushTXRX
 This function uses a non-reentrant model


 *************** function _WriteCommand *****************
 Defined at:
		line 130 in file "nRF24L01P.c"
 Parameters:    Size  Location     Type
  command         1    wreg     unsigned char 
 Auto vars:     Size  Location     Type
  command         1    1[BANK2 ] unsigned char 
 Return value:  Size  Location     Type
                  1    wreg      void 
 Registers used:
		wreg, status,2, status,0, pclath, cstack
 Tracked objects:
		On entry : 
		On exit  : 
		Unchanged: 
 Data sizes:     COMMON   BANK0   BANK1   BANK2   BANK3   BANK4   BANK5   BANK6   BANK7   BANK8   BANK9  BANK10  BANK11  BANK12
      Params:         0       0       0       0       0       0       0       0       0       0       0       0       0       0
      Locals:         0       0       0       1       0       0       0       0       0       0       0       0       0       0
      Temps:          0       0       0       0       0       0       0       0       0       0       0       0       0       0
      Totals:         0       0       0       1       0       0       0       0       0       0       0       0       0       0
Total ram usage:        1 bytes
 Hardware stack levels used:    1
 Hardware stack levels required when called:   11
 This function calls:
		_SPI_transfer
 This function is called by:
		_nRF_Setup
		_FlushTXRX
 This function uses a non-reentrant model


 *************** function _WriteAddress *****************
 Defined at:
		line 106 in file "nRF24L01P.c"
 Parameters:    Size  Location     Type
  reg             1    wreg     unsigned char 
  num             1    1[BANK2 ] unsigned char 
  addr            1    2[BANK2 ] PTR unsigned char 
		 -> nRF_Setup@RXTX_ADDR(5), 
 Auto vars:     Size  Location     Type
  reg             1    4[BANK2 ] unsigned char 
  i               2    5[BANK2 ] int 
 Return value:  Size  Location     Type
                  1    wreg      void 
 Registers used:
		wreg, fsr1l, fsr1h, status,2, status,0, pclath, cstack
 Tracked objects:
		On entry : 
		On exit  : 
		Unchanged: 
 Data sizes:     COMMON   BANK0   BANK1   BANK2   BANK3   BANK4   BANK5   BANK6   BANK7   BANK8   BANK9  BANK10  BANK11  BANK12
      Params:         0       0       0       2       0       0       0       0       0       0       0       0       0       0
      Locals:         0       0       0       3       0       0       0       0       0       0       0       0       0       0
      Temps:          0       0       0       1       0       0       0       0       0       0       0       0       0       0
      Totals:         0       0       0       6       0       0       0       0       0       0       0       0       0       0
Total ram usage:        6 bytes
 Hardware stack levels used:    1
 Hardware stack levels required when called:   11
 This function calls:
		_SPI_transfer
 This function is called by:
		_nRF_Setup
 This function uses a non-reentrant model


 *************** function _USBDeviceInit *****************
 Defined at:
		line 277 in file "../lib/usb/src/usb_device.c"
 Parameters:    Size  Location     Type
		None
 Auto vars:     Size  Location     Type
  p               2    1[BANK2 ] PTR unsigned char 
		 -> UEP1(1), 
  i               1    3[BANK2 ] unsigned char 
  i               1    4[BANK2 ] unsigned char 
 Return value:  Size  Location     Type
                  1    wreg      void 
 Registers used:
		wreg, fsr1l, fsr1h, status,2, status,0
 Tracked objects:
		On entry : 
		On exit  : 
		Unchanged: 
 Data sizes:     COMMON   BANK0   BANK1   BANK2   BANK3   BANK4   BANK5   BANK6   BANK7   BANK8   BANK9  BANK10  BANK11  BANK12
      Params:         0       0       0       0       0       0       0       0       0       0       0       0       0       0
      Locals:         0       0       0       4       0       0       0       0       0       0       0       0       0       0
      Temps:          0       0       0       1       0       0       0       0       0       0       0       0       0       0
      Totals:         0       0       0       5       0       0       0       0       0       0       0       0       0       0
Total ram usage:        5 bytes
 Hardware stack levels used:    1
 Hardware stack levels required when called:   10
 This function calls:
		Nothing
 This function is called by:
		_main
 This function uses a non-reentrant model


 *************** function _USBDeviceAttach *****************
 Defined at:
		line 1352 in file "../lib/usb/src/usb_device.c"
 Parameters:    Size  Location     Type
		None
 Auto vars:     Size  Location     Type
		None
 Return value:  Size  Location     Type
                  1    wreg      void 
 Registers used:
		wreg, status,2, status,0
 Tracked objects:
		On entry : 
		On exit  : 
		Unchanged: 
 Data sizes:     COMMON   BANK0   BANK1   BANK2   BANK3   BANK4   BANK5   BANK6   BANK7   BANK8   BANK9  BANK10  BANK11  BANK12
      Params:         0       0       0       0       0       0       0       0       0       0       0       0       0       0
      Locals:         0       0       0       0       0       0       0       0       0       0       0       0       0       0
      Temps:          0       0       0       1       0       0       0       0       0       0       0       0       0       0
      Totals:         0       0       0       1       0       0       0       0       0       0       0       0       0       0
Total ram usage:        1 bytes
 Hardware stack levels used:    1
 Hardware stack levels required when called:   10
 This function calls:
		Nothing
 This function is called by:
		_main
 This function uses a non-reentrant model


 *************** function _SYSTEM_Initialize *****************
 Defined at:
		line 82 in file "system.c"
 Parameters:    Size  Location     Type
  state           1    wreg     enum E2598
 Auto vars:     Size  Location     Type
  state           1    0[BANK2 ] enum E2598
 Return value:  Size  Location     Type
                  1    wreg      void 
 Registers used:
		wreg, fsr0l, fsr0h, status,2, status,0
 Tracked objects:
		On entry : 
		On exit  : 
		Unchanged: 
 Data sizes:     COMMON   BANK0   BANK1   BANK2   BANK3   BANK4   BANK5   BANK6   BANK7   BANK8   BANK9  BANK10  BANK11  BANK12
      Params:         0       0       0       0       0       0       0       0       0       0       0       0       0       0
      Locals:         0       0       0       1       0       0       0       0       0       0       0       0       0       0
      Temps:          0       0       0       0       0       0       0       0       0       0       0       0       0       0
      Totals:         0       0       0       1       0       0       0       0       0       0       0       0       0       0
Total ram usage:        1 bytes
 Hardware stack levels used:    1
[...]
      Temps:          0       0       0       0       0       0       0       0       0       0       0       0       0       0
      Totals:         0       6       0       0       0       0       0       0       0       0       0       0       0       0
Total ram usage:        6 bytes
 Hardware stack levels used:    1
 Hardware stack levels required when called:    3
 This function calls:
		_USBCheckCDCRequest
		i1_CDCInitEP
		i1_SYSTEM_Initialize
 This function is called by:
		_USBDeviceTasks
		_USBStdSetCfgHandler
		_USBSuspend
		_USBWakeFromSuspend
		_USBCtrlTrfSetupHandler
		_USBCheckStdRequest
		_USBStdFeatureReqHandler
 This function uses a non-reentrant model


 *************** function i1_SYSTEM_Initialize *****************
 Defined at:
		line 82 in file "system.c"
 Parameters:    Size  Location     Type
  state           1    wreg     enum E2598
 Auto vars:     Size  Location     Type
  state           1    0[COMMON] enum E2598
 Return value:  Size  Location     Type
                  1    wreg      void 
 Registers used:
		wreg, fsr0l, fsr0h, status,2, status,0
 Tracked objects:
		On entry : 
		On exit  : 
		Unchanged: 
 Data sizes:     COMMON   BANK0   BANK1   BANK2   BANK3   BANK4   BANK5   BANK6   BANK7   BANK8   BANK9  BANK10  BANK11  BANK12
      Params:         0       0       0       0       0       0       0       0       0       0       0       0       0       0
      Locals:         1       0       0       0       0       0       0       0       0       0       0       0       0       0
      Temps:          0       0       0       0       0       0       0       0       0       0       0       0       0       0
      Totals:         1       0       0       0       0       0       0       0       0       0       0       0       0       0
Total ram usage:        1 bytes
 Hardware stack levels used:    1
 This function calls:
		Nothing
 This function is called by:
		_USER_USB_CALLBACK_EVENT_HANDLER
 This function uses a non-reentrant model


 *************** function i1_CDCInitEP *****************
 Defined at:
		line 294 in file "../lib/usb/src/usb_device_cdc.c"
 Parameters:    Size  Location     Type
		None
 Auto vars:     Size  Location     Type
		None
 Return value:  Size  Location     Type
                  1    wreg      void 
 Registers used:
		wreg, fsr1l, fsr1h, status,2, status,0, pclath, cstack
 Tracked objects:
		On entry : 
		On exit  : 
		Unchanged: 
 Data sizes:     COMMON   BANK0   BANK1   BANK2   BANK3   BANK4   BANK5   BANK6   BANK7   BANK8   BANK9  BANK10  BANK11  BANK12
      Params:         0       0       0       0       0       0       0       0       0       0       0       0       0       0
      Locals:         0       0       0       0       0       0       0       0       0       0       0       0       0       0
      Temps:          1       0       0       0       0       0       0       0       0       0       0       0       0       0
      Totals:         1       0       0       0       0       0       0       0       0       0       0       0       0       0
Total ram usage:        1 bytes
 Hardware stack levels used:    1
 Hardware stack levels required when called:    2
 This function calls:
		i1_USBEnableEndpoint
		i1_USBTransferOnePacket
 This function is called by:
		_USER_USB_CALLBACK_EVENT_HANDLER
 This function uses a non-reentrant model


 *************** function i1_USBTransferOnePacket *****************
 Defined at:
		line 995 in file "../lib/usb/src/usb_device.c"
 Parameters:    Size  Location     Type
  ep              1    wreg     unsigned char 
  dir             1    0[COMMON] unsigned char 
  data            2    1[COMMON] PTR unsigned char 
		 -> cdc_data_tx(64), cdc_data_rx(64), NULL(0), 
  len             1    3[COMMON] unsigned char 
 Auto vars:     Size  Location     Type
  ep              1    8[COMMON] unsigned char 
  USBTransferO    2    9[COMMON] PTR volatile struct __BD
		 -> RAM(4096), NULL(0), BDT(48), 
 Return value:  Size  Location     Type
                  2    0[COMMON] PTR void 
 Registers used:
		wreg, fsr1l, fsr1h, status,2, status,0
 Tracked objects:
		On entry : 
		On exit  : 
		Unchanged: 
 Data sizes:     COMMON   BANK0   BANK1   BANK2   BANK3   BANK4   BANK5   BANK6   BANK7   BANK8   BANK9  BANK10  BANK11  BANK12
      Params:         4       0       0       0       0       0       0       0       0       0       0       0       0       0
      Locals:         3       0       0       0       0       0       0       0       0       0       0       0       0       0
      Temps:          4       0       0       0       0       0       0       0       0       0       0       0       0       0
      Totals:        11       0       0       0       0       0       0       0       0       0       0       0       0       0
Total ram usage:       11 bytes
 Hardware stack levels used:    1
 This function calls:
		Nothing
 This function is called by:
		i1_CDCInitEP
 This function uses a non-reentrant model


 *************** function i1_USBEnableEndpoint *****************
 Defined at:
		line 878 in file "../lib/usb/src/usb_device.c"
 Parameters:    Size  Location     Type
  ep              1    wreg     unsigned char 
  options         1    7[COMMON] unsigned char 
 Auto vars:     Size  Location     Type
  ep              1   12[COMMON] unsigned char 
  USBEnableEnd    2   10[COMMON] PTR unsigned char 
		 -> UEP0(1), 
 Return value:  Size  Location     Type
                  1    wreg      void 
 Registers used:
		wreg, fsr1l, fsr1h, status,2, status,0, pclath, cstack
 Tracked objects:
		On entry : 
		On exit  : 
		Unchanged: 
 Data sizes:     COMMON   BANK0   BANK1   BANK2   BANK3   BANK4   BANK5   BANK6   BANK7   BANK8   BANK9  BANK10  BANK11  BANK12
      Params:         1       0       0       0       0       0       0       0       0       0       0       0       0       0
      Locals:         3       0       0       0       0       0       0       0       0       0       0       0       0       0
      Temps:          2       0       0       0       0       0       0       0       0       0       0       0       0       0
      Totals:         6       0       0       0       0       0       0       0       0       0       0       0       0       0
Total ram usage:        6 bytes
 Hardware stack levels used:    1
 Hardware stack levels required when called:    1
 This function calls:
		i1_USBConfigureEndpoint
 This function is called by:
		i1_CDCInitEP
 This function uses a non-reentrant model


 *************** function i1_USBConfigureEndpoint *****************
 Defined at:
		line 1543 in file "../lib/usb/src/usb_device.c"
 Parameters:    Size  Location     Type
  EPNum           1    wreg     unsigned char 
  direction       1    0[COMMON] unsigned char 
 Auto vars:     Size  Location     Type
  EPNum           1    5[COMMON] unsigned char 
  USBConfigure    1    6[COMMON] PTR volatile struct __BD
		 -> BDT(48), 
 Return value:  Size  Location     Type
                  1    wreg      void 
 Registers used:
		wreg, fsr1l, fsr1h, status,2, status,0
 Tracked objects:
		On entry : 
		On exit  : 
		Unchanged: 
 Data sizes:     COMMON   BANK0   BANK1   BANK2   BANK3   BANK4   BANK5   BANK6   BANK7   BANK8   BANK9  BANK10  BANK11  BANK12
      Params:         1       0       0       0       0       0       0       0       0       0       0       0       0       0
      Locals:         2       0       0       0       0       0       0       0       0       0       0       0       0       0
      Temps:          4       0       0       0       0       0       0       0       0       0       0       0       0       0
      Totals:         7       0       0       0       0       0       0       0       0       0       0       0       0       0
Total ram usage:        7 bytes
 Hardware stack levels used:    1
 This function calls:
		Nothing
 This function is called by:
		i1_USBEnableEndpoint
 This function uses a non-reentrant model


 *************** function _USBCheckCDCRequest *****************
 Defined at:
		line 147 in file "../lib/usb/src/usb_device_cdc.c"
 Parameters:    Size  Location     Type
		None
 Auto vars:     Size  Location     Type
		None
 Return value:  Size  Location     Type
                  1    wreg      void 
 Registers used:
		wreg, fsr0l, fsr0h, status,2, status,0
 Tracked objects:
		On entry : 
		On exit  : 
		Unchanged: 
 Data sizes:     COMMON   BANK0   BANK1   BANK2   BANK3   BANK4   BANK5   BANK6   BANK7   BANK8   BANK9  BANK10  BANK11  BANK12
      Params:         0       0       0       0       0       0       0       0       0       0       0       0       0       0
      Locals:         0       0       0       0       0       0       0       0       0       0       0       0       0       0
      Temps:          1       0       0       0       0       0       0       0       0       0       0       0       0       0
      Totals:         1       0       0       0       0       0       0       0       0       0       0       0       0       0
Total ram usage:        1 bytes
 Hardware stack levels used:    1
 This function calls:
		Nothing
 This function is called by:
		_USER_USB_CALLBACK_EVENT_HANDLER
 This function uses a non-reentrant model


 *************** function _USBCtrlTrfOutHandler *****************
 Defined at:
		line 2538 in file "../lib/usb/src/usb_device.c"
 Parameters:    Size  Location     Type
		None
 Auto vars:     Size  Location     Type
		None
 Return value:  Size  Location     Type
                  1    wreg      void 
 Registers used:
		wreg, fsr1l, fsr1h, status,2, status,0, pclath, cstack
 Tracked objects:
		On entry : 
		On exit  : 
		Unchanged: 
 Data sizes:     COMMON   BANK0   BANK1   BANK2   BANK3   BANK4   BANK5   BANK6   BANK7   BANK8   BANK9  BANK10  BANK11  BANK12
      Params:         0       0       0       0       0       0       0       0       0       0       0       0       0       0
      Locals:         0       0       0       0       0       0       0       0       0       0       0       0       0       0
      Temps:          2       0       0       0       0       0       0       0       0       0       0       0       0       0
      Totals:         2       0       0       0       0       0       0       0       0       0       0       0       0       0
Total ram usage:        2 bytes
 Hardware stack levels used:    1
 Hardware stack levels required when called:    2
 This function calls:
		_USBCtrlTrfRxService
 This function is called by:
		_USBCtrlEPService
 This function uses a non-reentrant model


 *************** function _USBCtrlTrfRxService *****************
 Defined at:
		line 1852 in file "../lib/usb/src/usb_device.c"
 Parameters:    Size  Location     Type
		None
 Auto vars:     Size  Location     Type
  byteToRead      1    5[COMMON] unsigned char 
  i               1    4[COMMON] unsigned char 
 Return value:  Size  Location     Type
                  1    wreg      void 
 Registers used:
		wreg, fsr1l, fsr1h, status,2, status,0, pclath, cstack
 Tracked objects:
		On entry : 
		On exit  : 
		Unchanged: 
 Data sizes:     COMMON   BANK0   BANK1   BANK2   BANK3   BANK4   BANK5   BANK6   BANK7   BANK8   BANK9  BANK10  BANK11  BANK12
      Params:         0       0       0       0       0       0       0       0       0       0       0       0       0       0
      Locals:         2       0       0       0       0       0       0       0       0       0       0       0       0       0
      Temps:          2       0       0       0       0       0       0       0       0       0       0       0       0       0
      Totals:         4       0       0       0       0       0       0       0       0       0       0       0       0       0
Total ram usage:        4 bytes
 Hardware stack levels used:    1
 Hardware stack levels required when called:    1
 This function calls:
		_USBCtrlEPAllowStatusStage
 This function is called by:
		_USBCtrlTrfOutHandler
 This function uses a non-reentrant model


 *************** function _USBCtrlEPAllowStatusStage *****************
 Defined at:
		line 1416 in file "../lib/usb/src/usb_device.c"
 Parameters:    Size  Location     Type
		None
 Auto vars:     Size  Location     Type
		None
 Return value:  Size  Location     Type
                  1    wreg      void 
 Registers used:
		wreg, fsr1l, fsr1h, status,2, status,0
 Tracked objects:
		On entry : 
		On exit  : 
		Unchanged: 
 Data sizes:     COMMON   BANK0   BANK1   BANK2   BANK3   BANK4   BANK5   BANK6   BANK7   BANK8   BANK9  BANK10  BANK11  BANK12
      Params:         0       0       0       0       0       0       0       0       0       0       0       0       0       0
      Locals:         0       0       0       0       0       0       0       0       0       0       0       0       0       0
      Temps:          2       0       0       0       0       0       0       0       0       0       0       0       0       0
      Totals:         2       0       0       0       0       0       0       0       0       0       0       0       0       0
Total ram usage:        2 bytes
 Hardware stack levels used:    1
 This function calls:
		Nothing
 This function is called by:
		_USBDeviceTasks
		_USBCtrlEPServiceComplete
		_USBCtrlTrfRxService
 This function uses a non-reentrant model


 *************** function _USBCtrlTrfInHandler *****************
 Defined at:
		line 2592 in file "../lib/usb/src/usb_device.c"
 Parameters:    Size  Location     Type
		None
 Auto vars:     Size  Location     Type
  lastDTS         1    5[COMMON] unsigned char 
 Return value:  Size  Location     Type
                  1    wreg      void 
 Registers used:
		wreg, fsr0l, fsr0h, fsr1l, fsr1h, status,2, status,0, pclath, cstack
 Tracked objects:
		On entry : 
		On exit  : 
		Unchanged: 
 Data sizes:     COMMON   BANK0   BANK1   BANK2   BANK3   BANK4   BANK5   BANK6   BANK7   BANK8   BANK9  BANK10  BANK11  BANK12
      Params:         0       0       0       0       0       0       0       0       0       0       0       0       0       0
      Locals:         1       0       0       0       0       0       0       0       0       0       0       0       0       0
      Temps:          2       0       0       0       0       0       0       0       0       0       0       0       0       0
      Totals:         3       0       0       0       0       0       0       0       0       0       0       0       0       0
Total ram usage:        3 bytes
 Hardware stack levels used:    1
 Hardware stack levels required when called:    1
 This function calls:
		_USBCtrlTrfTxService
 This function is called by:
		_USBCtrlEPService
 This function uses a non-reentrant model


 *************** function _USBCtrlTrfTxService *****************
 Defined at:
		line 1771 in file "../lib/usb/src/usb_device.c"
 Parameters:    Size  Location     Type
		None
 Auto vars:     Size  Location     Type
  byteToSend      1    2[COMMON] unsigned char 
 Return value:  Size  Location     Type
                  1    wreg      void 
 Registers used:
		wreg, fsr0l, fsr0h, fsr1l, fsr1h, status,2, status,0, pclath
 Tracked objects:
		On entry : 
		On exit  : 
		Unchanged: 
 Data sizes:     COMMON   BANK0   BANK1   BANK2   BANK3   BANK4   BANK5   BANK6   BANK7   BANK8   BANK9  BANK10  BANK11  BANK12
      Params:         0       0       0       0       0       0       0       0       0       0       0       0       0       0
      Locals:         1       0       0       0       0       0       0       0       0       0       0       0       0       0
      Temps:          2       0       0       0       0       0       0       0       0       0       0       0       0       0
      Totals:         3       0       0       0       0       0       0       0       0       0       0       0       0       0
Total ram usage:        3 bytes
 Hardware stack levels used:    1
 This function calls:
		Nothing
 This function is called by:
		_USBCtrlEPAllowDataStage
		_USBCtrlTrfInHandler
 This function uses a non-reentrant model



MODULE INFORMATION

Module		Function		Class		Link	Load	Size
../lib/usb/src/usb_device_cdc.c
		_CDCTxService  		CODE           	03D2	0000	178
		_CDCInitEP     		CODE           	0A31	0000	63
		_putUSBUSART   		CODE           	084D	0000	28
		_USBCheckCDCRequest		CODE           	0C4D	0000	97

../lib/usb/src/usb_device_cdc.c estimated size: 366

../src/usb_events.c
		_USER_USB_CALLBACK_EVENT_HANDLER		CODE           	09F9	0000	57

../src/usb_events.c estimated size: 57

../lib/usb/src/usb_device.c
		_USBCtrlTrfInHandler		CODE           	0D0F	0000	109
		_USBTransferOnePacket		CODE           	0EEF	0000	133
		_USBDeviceAttach		CODE           	0868	0000	30
		_USBStdGetDscHandler		CODE           	0DED	0000	128
		_USBCtrlEPAllowDataStage		CODE           	0BF1	0000	93
		_USBStdFeatureReqHandler		CODE           	0044	0000	298
		_USBCtrlEPAllowStatusStage		CODE           	0D7B	0000	115
		_USBCtrlTrfSetupHandler		CODE           	0AF4	0000	85
		_USBCtrlTrfOutHandler		CODE           	09C2	0000	56
		_USBCtrlEPServiceComplete		CODE           	0668	0000	148
		_USBSuspend    		CODE           	0885	0000	32
		_USBStdSetCfgHandler		CODE           	06FB	0000	143
		_USBStdGetStatusHandler		CODE           	0B9C	0000	86
		_USBWakeFromSuspend		CODE           	08C4	0000	33
		_USBCtrlTrfRxService		CODE           	0531	0000	162
		_USBCtrlTrfTxService		CODE           	0789	0000	117
		_USBEnableEndpoint		CODE           	090B	0000	44
		_USBConfigureEndpoint		CODE           	0AB1	0000	68
		_USBDeviceInit 		CODE           	031A	0000	185
		_USBIncrement1msInternalTimers		CODE           	0835	0000	25
		_USBCtrlEPService		CODE           	0B48	0000	85
		_USBStallHandler		CODE           	08E4	0000	40
		_USBDeviceTasks		CODE           	016D	0000	229
		_USBCheckStdRequest		CODE           	0CAD	0000	99

../lib/usb/src/usb_device.c estimated size: 2543

nRF24L01P.c
		_nRF_Setup     		CODE           	0F73	0000	142
		_WriteRegister 		CODE           	179B	0000	16
		_ReadPayload   		CODE           	0961	0000	45
		_WriteAddress  		CODE           	0936	0000	44
		_ReadRegister  		CODE           	17BF	0000	22
		_WriteCommand  		CODE           	1792	0000	10

nRF24L01P.c estimated size: 279

spi.c
		_SPI_init      		CODE           	17D4	0000	22
		_SPI_transfer  		CODE           	1789	0000	10

spi.c estimated size: 32

shared
		_configDescriptor1		STRCODE        	0259	0000	68
		_USB_CD_Ptr    		STRCODE        	0257	0000	3
		_sd001         		STRCODE        	029C	0000	53
		_sd002         		STRCODE        	02D0	0000	53
		i1_USBDeviceInit		CODE           	0483	0000	175
		i1_USBConfigureEndpoint		CODE           	0A6F	0000	67
		__initialization		CODE           	0014	0000	45
		_device_dsc    		STRCODE        	0304	0000	19
		i1_CDCInitEP   		CODE           	098D	0000	54
		i1_SYSTEM_Initialize		CODE           	17AA	0000	22
		_USB_SD_Ptr    		STRCODE        	0251	0000	7
		i1_USBEnableEndpoint		CODE           	08A4	0000	33
		_sd000         		STRCODE        	0316	0000	5
		i1_USBTransferOnePacket		CODE           	0E6C	0000	132

shared estimated size: 736

C:\Program Files (x86)\Microchip\xc8\v1.38\sources\common\memset.c
		_memset        		CODE           	081D	0000	25

C:\Program Files (x86)\Microchip\xc8\v1.38\sources\common\memset.c estimated size: 25

../src/main.c
		_main          		CODE           	05D2	0000	151

../src/main.c estimated size: 151

system.c
		_SYS_InterruptHigh		CODE           	0004	0000	15
		_SYSTEM_Initialize		CODE           	17E9	0000	24

system.c estimated size: 39

