Microchip MPLAB XC8 Compiler V1.38 ()

Linker command line:

--edf=C:\Program Files (x86)\Microchip\xc8\v1.38\dat\en_msgs.txt -cs \
  -h+dist/LPCUSBDK_16F1459/debug\USB-to-SPI.x.debug.sym \
  --cmf=dist/LPCUSBDK_16F1459/debug\USB-to-SPI.x.debug.cmf -z -Q16LF1459 \
  -oC:\Users\nino\AppData\Local\Temp\s3nc.2 \
  -Mdist/LPCUSBDK_16F1459/debug/USB-to-SPI.x.debug.map -E1 -ver=XC8 \
  -ASTACK=02220h-023efh -pstack=STACK -ACODE=00h-07FFhx4 \
  -ASTRCODE=00h-01FFFh -ASTRING=00h-0FFhx32 -ACONST=00h-0FFhx32 \
  -AENTRY=00h-0FFhx32 -ACOMMON=070h-07Fh -ABANK0=020h-06Fh \
  -ABANK1=0A0h-0EFh -ABANK2=0120h-016Fh -ABANK3=01A0h-01EFh \
  -ABANK4=0220h-026Fh -ABANK5=02A0h-02EFh -ABANK6=0320h-036Fh \
  -ABANK7=03A0h-03EFh -ABANK8=0420h-046Fh -ABANK9=04A0h-04EFh \
  -ABANK10=0520h-056Fh -ABANK11=05A0h-05EFh -ABANK12=0620h-064Fh \
  -ABIGRAM=02000h-023EFh \
  -ARAM=020h-06Fh,0A0h-0EFh,0120h-016Fh,01A0h-01EFh,0220h-026Fh,02A0h-02EFh,0320h-036Fh,03A0h-03EFh,0420h-046Fh,04A0h-04EFh,0520h-056Fh,05A0h-05EFh,0620h-064Fh \
  -AABS1=020h-07Fh,0A0h-0EFh,0120h-016Fh,01A0h-01EFh,0220h-026Fh,02A0h-02EFh,0320h-036Fh,03A0h-03EFh,0420h-046Fh,04A0h-04EFh,0520h-056Fh,05A0h-05EFh,0620h-064Fh \
  -ASFR0=00h-01Fh -ASFR1=080h-09Fh -ASFR2=0100h-011Fh -ASFR3=0180h-019Fh \
  -ASFR4=0200h-021Fh -ASFR5=0280h-029Fh -ASFR6=0300h-031Fh \
  -ASFR7=0380h-039Fh -ASFR8=0400h-041Fh -ASFR9=0480h-049Fh \
  -ASFR10=0500h-051Fh -ASFR11=0580h-059Fh -ASFR12=0600h-061Fh \
  -ASFR13=0680h-06EFh -ASFR14=0700h-076Fh -ASFR15=0780h-07EFh \
  -ASFR16=0800h-086Fh -ASFR17=0880h-08EFh -ASFR18=0900h-096Fh \
  -ASFR19=0980h-09EFh -ASFR20=0A00h-0A6Fh -ASFR21=0A80h-0AEFh \
  -ASFR22=0B00h-0B6Fh -ASFR23=0B80h-0BEFh -ASFR24=0C00h-0C6Fh \
  -ASFR25=0C80h-0CEFh -ASFR26=0D00h-0D6Fh -ASFR27=0D80h-0DEFh \
  -ASFR28=0E00h-0E6Fh -ASFR29=0E80h-0EEFh -ASFR30=0F00h-0F6Fh \
  -ASFR31=0F80h-0FEFh -preset_vec=00h,intentry=04h,init,end_init \
  -ppowerup=CODE -pcinit=CODE -pfunctab=CODE -ACONFIG=08007h-08008h \
  -pconfig=CONFIG -DCONFIG=2 -AIDLOC=08000h-08003h -pidloc=IDLOC -DIDLOC=2 \
  -DCODE=2 -DSTRCODE=2 -DSTRING=2 -DCONST=2 -DENTRY=2 -k \
  C:\Users\nino\AppData\Local\Temp\s3nc.obj \
  dist/LPCUSBDK_16F1459/debug\USB-to-SPI.x.debug.obj 

Object code version is 3.11

Machine type is 16LF1459



                Name                               Link     Load   Length Selector   Space Scale
C:\Users\nino\AppData\Local\Temp\s3nc.obj
                end_init                             12       12        2        8       0
                reset_vec                             0        0        3        0       0
                config                             8007     8007        2    1000E       0
dist/LPCUSBDK_16F1459/debug\USB-to-SPI.x.debug.obj
                cinit                                14       14       2A        8       0
                intentry                              4        4        E        8       0
                text45                              D1B      D1B       68     1A36       0
                text44                              793      793       6C      7C8       0
                text43                              D83      D83       72     1B06       0
                text42                              548      548       A1      7C8       0
                text41                              993      993       37     1326       0
                text40                              C5A      C5A       5F     18B4       0
                text39                              A7D      A7D       42     14FA       0
                text38                              85A      85A       20     10B4       0
                text37                              E74      E74       83     1CE8       0
                text36                              95E      95E       35     12BC       0
                text35                             17A4     17A4       15     2F48       0
                text34                              9CA      9CA       38     1394       0
                text33                               3E       3E      129        8       0
                text32                              DF5      DF5       7F     1BEA       0
                text31                              BA9      BA9       55     1752       0
                text30                             17D0     17D0       18     2FA0       0
                text29                              67B      67B       8E      7C8       0
                swtext1                            1000     1000       1A     2000       0
                text28                              CB9      CB9       62     1972       0
                text27                              BFE      BFE       5C     17FC       0
                text26                              5E9      5E9       92      7C8       0
                text25                              B02      B02       53     1604       0
                text24                              B55      B55       54     16AA       0
                text23                             17E8     17E8       18     2FD0       0
                text22                              8E0      8E0       27     11C0       0
                text21                              83B      83B       1F     1076       0
                text20                              87A      87A       20     10F4       0
                text19                              49B      49B       AD      7C8       0
                text18                              167      167       E4        8       0
                text16                              ABF      ABF       43     157E       0
                text15                              89A      89A       23     1134       0
                text14                              EF7      EF7       84     1DEE       0
                text13                              A02      A02       3D     1404       0
                text12                              24B      24B       D0        8       0
                text11                             1788     1788        9     2F10       0
                text10                              931      931       2D     1262       0
                text9                              1791     1791       13     2F22       0
                text8                              17B9     17B9       17     2F72       0
                text7                               81E      81E       1D     103C       0
                text6                               3E4      3E4       B7      7C8       0
                text5                               907      907       2A     120E       0
                text4                               A3F      A3F       3E     147E       0
                text3                               8BD      8BD       23     117A       0
                text2                               709      709       8A      7C8       0
                text1                               803      803       1B     1006       0
                maintext                            F7B      F7B       85     1EF6       0
                cstackBANK0                          60       60       10       60       1
                cstackCOMMON                         70       70        E       70       1
                cstackBANK1                          E6       E6        6       E0       1
                cstackBANK2                         160      160       10      160       1
                cstackBANK3                         1ED      1ED        3      1A0       1
                cstackBANK4                         232      232        3      220       1
                clrtext                            1782     1782        6     2F04       0
                bssBANK6                            320      320       40      320       1
                bssBANK5                            2A0      2A0       40      2A0       1
                bssBANK4                            220      220       12      220       1
                bssBANK3                            1A0      1A0       4D      1A0       1
                bssBANK1                             E0       E0        6       E0       1
                stringtext                          31B      31B       C9      636       0

TOTAL           Name                               Link     Load   Length     Space
        CLASS   STACK          

        CLASS   CODE           
                end_init                             12       12        2         0
                cinit                                14       14       2A         0
                intentry                              4        4        E         0
                reset_vec                             0        0        3         0
                text45                              D1B      D1B       68         0
                text44                              793      793       6C         0
                text43                              D83      D83       72         0
                text42                              548      548       A1         0
                text41                              993      993       37         0
                text40                              C5A      C5A       5F         0
                text39                              A7D      A7D       42         0
                text38                              85A      85A       20         0
                text37                              E74      E74       83         0
                text36                              95E      95E       35         0
                text35                             17A4     17A4       15         0
                text34                              9CA      9CA       38         0
                text33                               3E       3E      129         0
                text32                              DF5      DF5       7F         0
                text31                              BA9      BA9       55         0
                text30                             17D0     17D0       18         0
                text29                              67B      67B       8E         0
                text28                              CB9      CB9       62         0
                text27                              BFE      BFE       5C         0
                text26                              5E9      5E9       92         0
                text25                              B02      B02       53         0
                text24                              B55      B55       54         0
                text23                             17E8     17E8       18         0
                text22                              8E0      8E0       27         0
                text21                              83B      83B       1F         0
                text20                              87A      87A       20         0
                text19                              49B      49B       AD         0
                text18                              167      167       E4         0
                text16                              ABF      ABF       43         0
                text15                              89A      89A       23         0
                text14                              EF7      EF7       84         0
                text13                              A02      A02       3D         0
                text12                              24B      24B       D0         0
                text11                             1788     1788        9         0
                text10                              931      931       2D         0
                text9                              1791     1791       13         0
                text8                              17B9     17B9       17         0
                text7                               81E      81E       1D         0
                text6                               3E4      3E4       B7         0
                text5                               907      907       2A         0
                text4                               A3F      A3F       3E         0
                text3                               8BD      8BD       23         0
                text2                               709      709       8A         0
                text1                               803      803       1B         0
                maintext                            F7B      F7B       85         0
                clrtext                            1782     1782        6         0

        CLASS   STRCODE        
                stringtext                          31B      31B       C9         0

        CLASS   STRING         

        CLASS   CONST          
                swtext1                            1000     1000       1A         0

        CLASS   ENTRY          

        CLASS   COMMON         
                cstackCOMMON                         70       70        E         1

        CLASS   BANK0          
                cstackBANK0                          60       60       10         1

        CLASS   BANK1          
                cstackBANK1                          E6       E6        6         1
                bssBANK1                             E0       E0        6         1

        CLASS   BANK2          
                cstackBANK2                         160      160       10         1

        CLASS   BANK3          
                cstackBANK3                         1ED      1ED        3         1
                bssBANK3                            1A0      1A0       4D         1

        CLASS   BANK4          
                cstackBANK4                         232      232        3         1
                bssBANK4                            220      220       12         1

        CLASS   BANK5          
                bssBANK5                            2A0      2A0       40         1

        CLASS   BANK6          
                bssBANK6                            320      320       40         1

        CLASS   BANK7          

        CLASS   BANK8          

        CLASS   BANK9          

        CLASS   BANK10         

        CLASS   BANK11         

        CLASS   BANK12         

        CLASS   BIGRAM         

        CLASS   RAM            

        CLASS   ABS1           
                abs_s1                               20       20       40         1
                abs_s1                               7E       7E        2         1
                abs_s1                               A0       A0       40         1
                abs_s1                              120      120       40         1

        CLASS   SFR0           

        CLASS   SFR1           

        CLASS   SFR2           

        CLASS   SFR3           

        CLASS   SFR4           

        CLASS   SFR5           

        CLASS   SFR6           

        CLASS   SFR7           

        CLASS   SFR8           

        CLASS   SFR9           

        CLASS   SFR10          

        CLASS   SFR11          

        CLASS   SFR12          

        CLASS   SFR13          

        CLASS   SFR14          

        CLASS   SFR15          

        CLASS   SFR16          

        CLASS   SFR17          

        CLASS   SFR18          

        CLASS   SFR19          

        CLASS   SFR20          

        CLASS   SFR21          

        CLASS   SFR22          

        CLASS   SFR23          

        CLASS   SFR24          

        CLASS   SFR25          

        CLASS   SFR26          

        CLASS   SFR27          

        CLASS   SFR28          

        CLASS   SFR29          

        CLASS   SFR30          

        CLASS   SFR31          

        CLASS   CONFIG         
                config                             8007     8007        2         0

        CLASS   IDLOC          

        CLASS   BANK31         

        CLASS   BANK30         

        CLASS   BANK29         

        CLASS   BANK28         

        CLASS   BANK27         

        CLASS   BANK26         

        CLASS   BANK25         

        CLASS   BANK24         

        CLASS   BANK23         

        CLASS   BANK22         

        CLASS   BANK21         

        CLASS   BANK20         

        CLASS   BANK19         

        CLASS   BANK18         

        CLASS   BANK17         

        CLASS   BANK16         

        CLASS   BANK15         

        CLASS   BANK14         

        CLASS   BANK13         

        CLASS   EEDATA         



SEGMENTS        Name                           Load    Length   Top    Selector   Space  Class     Delta

                reset_vec                      000000  000003  000003         0       0  CODE        2
                intentry                       000004  000317  00031B         8       0  CODE        2
                cstackBANK0                    000060  000010  000070        60       1  BANK0       1
                cstackCOMMON                   000070  00000E  00007E        70       1  COMMON      1
                bssBANK1                       0000E0  00000C  0000EC        E0       1  BANK1       1
                cstackBANK2                    000160  000010  000170       160       1  BANK2       1
                bssBANK3                       0001A0  000050  0001F0       1A0       1  BANK3       1
                bssBANK4                       000220  000015  000235       220       1  BANK4       1
                bssBANK5                       0002A0  000040  0002E0       2A0       1  BANK5       1
                bssBANK6                       000320  000040  000360       320       1  BANK6       1
                stringtext                     00031B  0000C9  0003E4       636       0  STRCODE     2
                text6                          0003E4  00041B  0007FF       7C8       0  CODE        2
                text1                          000803  00001B  00081E      1006       0  CODE        2
                text7                          00081E  00001D  00083B      103C       0  CODE        2
                text21                         00083B  00001F  00085A      1076       0  CODE        2
                text38                         00085A  000020  00087A      10B4       0  CODE        2
                text20                         00087A  000020  00089A      10F4       0  CODE        2
                text15                         00089A  000023  0008BD      1134       0  CODE        2
                text3                          0008BD  000023  0008E0      117A       0  CODE        2
                text22                         0008E0  000027  000907      11C0       0  CODE        2
                text5                          000907  00002A  000931      120E       0  CODE        2
                text10                         000931  00002D  00095E      1262       0  CODE        2
                text36                         00095E  000035  000993      12BC       0  CODE        2
                text41                         000993  000037  0009CA      1326       0  CODE        2
                text34                         0009CA  000038  000A02      1394       0  CODE        2
                text13                         000A02  00003D  000A3F      1404       0  CODE        2
                text4                          000A3F  00003E  000A7D      147E       0  CODE        2
                text39                         000A7D  000042  000ABF      14FA       0  CODE        2
                text16                         000ABF  000043  000B02      157E       0  CODE        2
                text25                         000B02  000053  000B55      1604       0  CODE        2
                text24                         000B55  000054  000BA9      16AA       0  CODE        2
                text31                         000BA9  000055  000BFE      1752       0  CODE        2
                text27                         000BFE  00005C  000C5A      17FC       0  CODE        2
                text40                         000C5A  00005F  000CB9      18B4       0  CODE        2
                text28                         000CB9  000062  000D1B      1972       0  CODE        2
                text45                         000D1B  000068  000D83      1A36       0  CODE        2
                text43                         000D83  000072  000DF5      1B06       0  CODE        2
                text32                         000DF5  00007F  000E74      1BEA       0  CODE        2
                text37                         000E74  000083  000EF7      1CE8       0  CODE        2
                text14                         000EF7  000084  000F7B      1DEE       0  CODE        2
                maintext                       000F7B  000085  001000      1EF6       0  CODE        2
                swtext1                        001000  00001A  00101A      2000       0  CONST       2
                clrtext                        001782  000006  001788      2F04       0  CODE        2
                text11                         001788  000009  001791      2F10       0  CODE        2
                text9                          001791  000013  0017A4      2F22       0  CODE        2
                text35                         0017A4  000015  0017B9      2F48       0  CODE        2
                text8                          0017B9  000017  0017D0      2F72       0  CODE        2
                text30                         0017D0  000018  0017E8      2FA0       0  CODE        2
                text23                         0017E8  000018  001800      2FD0       0  CODE        2
                config                         008007  000002  008009     1000E       0  CONFIG      2


UNUSED ADDRESS RANGES

        Name                Unused          Largest block    Delta
        BANK1            000EC-000EF               4           1
        BANK10           00520-0056F              50           1
        BANK11           005A0-005EF              50           1
        BANK12           00620-0064F              30           1
        BANK4            00235-0026F              3B           1
        BANK5            002E0-002EF              10           1
        BANK6            00360-0036F              10           1
        BANK7            003A0-003EF              50           1
        BANK8            00420-0046F              50           1
        BANK9            004A0-004EF              50           1
        BIGRAM           02000-023EF             3F0           1
        CODE             00003-00003               1           2
                         007FF-00802               1
                         0101A-01781             768
                         01800-01FFF             800
        CONST            00003-00003               1           2
                         007FF-00802               1
                         0101A-01781             100
                         01800-01FFF             100
        ENTRY            00003-00003               1           2
                         007FF-00802               1
                         0101A-01781             100
                         01800-01FFF             100
        IDLOC            08000-08003               4           2
        RAM              000EC-000EF               4           1
                         00235-0026F              3B
                         002E0-002EF              10
                         00360-0036F              10
                         003A0-003EF              50
                         00420-0046F              50
                         004A0-004EF              50
                         00520-0056F              50
                         005A0-005EF              50
                         00620-0064F              30
        SFR0             00000-0001F              20           1
        SFR1             00080-0009F              20           1
        SFR10            00500-0051F              20           1
        SFR11            00580-0059F              20           1
        SFR12            00600-0061F              20           1
        SFR13            00680-006EF              70           1
        SFR14            00700-0076F              70           1
        SFR15            00780-007EF              70           1
        SFR16            00800-0086F              70           1
        SFR17            00880-008EF              70           1
        SFR18            00900-0096F              70           1
        SFR19            00980-009EF              70           1
        SFR2             00100-0011F              20           1
        SFR20            00A00-00A6F              70           1
        SFR21            00A80-00AEF              70           1
        SFR22            00B00-00B6F              70           1
        SFR23            00B80-00BEF              70           1
        SFR24            00C00-00C6F              70           1
        SFR25            00C80-00CEF              70           1
        SFR26            00D00-00D6F              70           1
        SFR27            00D80-00DEF              70           1
        SFR28            00E00-00E6F              70           1
        SFR29            00E80-00EEF              70           1
        SFR3             00180-0019F              20           1
        SFR30            00F00-00F6F              70           1
        SFR31            00F80-00FEF              70           1
        SFR4             00200-0021F              20           1
        SFR5             00280-0029F              20           1
        SFR6             00300-0031F              20           1
        SFR7             00380-0039F              20           1
        SFR8             00400-0041F              20           1
        SFR9             00480-0049F              20           1
        STACK            02220-023EF             1D0           1
        STRCODE          00003-00003               1           2
                         007FF-00802               4
                         0101A-01781             768
                         01800-01FFF             800
        STRING           00003-00003               1           2
                         007FF-00802               1
                         0101A-01781             100
                         01800-01FFF             100

                                  Symbol Table

?_USBTransferOnePacket                    cstackBANK2  00160
?i1_USBTransferOnePacket                  cstackCOMMON 00070
CDCTxService@byte_to_send                 cstackBANK2  0016D
CDCTxService@i                            cstackBANK2  0016C
ReadPayload@data                          cstackBANK2  00161
ReadPayload@i                             cstackBANK2  00165
ReadPayload@num                           cstackBANK2  00164
ReadRegister@reg                          cstackBANK2  00163
ReadRegister@temp                         cstackBANK2  00164
ReadRegister@temp1                        cstackBANK2  00165
SPI_transfer@data                         cstackBANK2  00160
SYSTEM_Initialize@state                   cstackBANK2  00160
USBConfigureEndpoint@EPNum                cstackBANK2  00165
USBConfigureEndpoint@direction            cstackBANK2  00160
USBConfigureEndpoint@handle               cstackBANK2  00166
USBCtrlTrfInHandler@lastDTS               cstackCOMMON 00075
USBCtrlTrfRxService@byteToRead            cstackCOMMON 00075
USBCtrlTrfRxService@i                     cstackCOMMON 00074
USBCtrlTrfTxService@byteToSend            cstackCOMMON 00072
USBDeviceInit@i                           cstackBANK2  00164
USBDeviceInit@i_821                       cstackBANK2  00163
USBDeviceInit@p                           cstackBANK2  00161
USBDeviceTasks@i                          cstackBANK0  0006F
USBEnableEndpoint@ep                      cstackBANK2  0016C
USBEnableEndpoint@options                 cstackBANK2  00167
USBEnableEndpoint@p                       cstackBANK2  0016A
USBStdFeatureReqHandler@current_ep_data   cstackBANK0  0006A
USBStdFeatureReqHandler@p                 cstackBANK0  0006B
USBStdFeatureReqHandler@pUEP              cstackBANK0  00068
USBStdGetStatusHandler@p                  cstackCOMMON 00071
USBStdSetCfgHandler@i                     cstackBANK0  0006A
USBStdSetCfgHandler@i_1174                cstackBANK0  00069
USBStdSetCfgHandler@p                     cstackBANK0  00067
USBTransferOnePacket@data                 cstackBANK2  00161
USBTransferOnePacket@dir                  cstackBANK2  00160
USBTransferOnePacket@ep                   cstackBANK2  00168
USBTransferOnePacket@handle               cstackBANK2  00169
USBTransferOnePacket@len                  cstackBANK2  00163
USER_USB_CALLBACK_EVENT_HANDLER@event     cstackBANK0  00060
USER_USB_CALLBACK_EVENT_HANDLER@pdata     cstackBANK0  00062
USER_USB_CALLBACK_EVENT_HANDLER@size      cstackBANK0  00064
WriteAddress@addr                         cstackBANK2  00162
WriteAddress@i                            cstackBANK2  00166
WriteAddress@num                          cstackBANK2  00161
WriteAddress@reg                          cstackBANK2  00165
WriteRegister@reg                         cstackBANK2  00164
WriteRegister@val                         cstackBANK2  00161
_ACTCON                                   (abs)        0039B
_ANSELA                                   (abs)        0018C
_ANSELB                                   (abs)        0018D
_ANSELC                                   (abs)        0018E
_BDT                                      (abs)        00020
_BothEP0OutUOWNsSet                       bssBANK3     001CE
_CDCDataInHandle                          bssBANK3     001C6
_CDCDataOutHandle                         bssBANK3     001C8
_CDCInitEP                                text13       00A02
_CDCTxService                             text12       0024B
_CtrlTrfData                              (abs)        00058
_INTCONbits                               (abs)        0000B
_IOCBPbits                                (abs)        00394
_LATAbits                                 (abs)        0010C
_LATCbits                                 (abs)        0010E
_OSCCON                                   (abs)        00099
_OSCCONbits                               (abs)        00099
_PIE2bits                                 (abs)        00092
_PIR2bits                                 (abs)        00012
_ReadPayload                              text10       00931
_ReadRegister                             text5        00907
_RemoteWakeup                             bssBANK3     001D0
_SPI_init                                 text9        01791
_SPI_transfer                             text11       01788
_SSPBUF                                   (abs)        00211
_SSPCON1bits                              (abs)        00215
_SSPSTATbits                              (abs)        00214
_SYSTEM_Initialize                        text8        017B9
_SYS_InterruptHigh                        intentry     00004
_SetupPkt                                 (abs)        00050
_TRISAbits                                (abs)        0008C
_TRISBbits                                (abs)        0008D
_TRISCbits                                (abs)        0008E
_UADDR                                    (abs)        00E96
_UCFG                                     (abs)        00E91
_UCON                                     (abs)        00E8E
_UCONbits                                 (abs)        00E8E
_UEIE                                     (abs)        00E97
_UEIR                                     (abs)        00E93
_UEP0                                     (abs)        00E98
_UEP0bits                                 (abs)        00E98
_UEP1                                     (abs)        00E99
_UIE                                      (abs)        00E92
_UIEbits                                  (abs)        00E92
_UIR                                      (abs)        00E90
_UIRbits                                  (abs)        00E90
_USB1msTickCount                          bssBANK3     001BC
_USBActiveConfiguration                   bssBANK3     001EC
_USBAlternateInterface                    bssBANK3     001EA
_USBBusIsSuspended                        bssBANK3     001D3
_USBCheckCDCRequest                       text40       00C5A
_USBCheckStdRequest                       text28       00CB9
_USBConfigureEndpoint                     text16       00ABF
_USBCtrlEPAllowDataStage                  text27       00BFE
_USBCtrlEPAllowStatusStage                text43       00D83
_USBCtrlEPService                         text24       00B55
_USBCtrlEPServiceComplete                 text26       005E9
_USBCtrlTrfInHandler                      text44       00793
_USBCtrlTrfOutHandler                     text41       00993
_USBCtrlTrfRxService                      text42       00548
_USBCtrlTrfSetupHandler                   text25       00B02
_USBCtrlTrfTxService                      text45       00D1B
_USBDeferINDataStagePackets               bssBANK3     001D4
_USBDeferOUTDataStagePackets              bssBANK3     001D5
_USBDeferStatusStagePacket                bssBANK3     001D6
_USBDeviceAttach                          text7        0081E
_USBDeviceInit                            text6        003E4
_USBDeviceState                           bssBANK1     000E2
_USBDeviceTasks                           text18       00167
_USBEnableEndpoint                        text15       0089A
_USBIncrement1msInternalTimers            text23       017E8
_USBStallHandler                          text22       008E0
_USBStatusStageEnabledFlag1               bssBANK3     001D7
_USBStatusStageEnabledFlag2               bssBANK3     001D8
_USBStatusStageTimeoutCounter             bssBANK3     001D9
_USBStdFeatureReqHandler                  text33       0003E
_USBStdGetDscHandler                      text32       00DF5
_USBStdGetStatusHandler                   text31       00BA9
_USBStdSetCfgHandler                      text29       0067B
_USBSuspend                               text21       0083B
_USBTicksSinceSuspendEnd                  bssBANK3     001DA
_USBTransferOnePacket                     text14       00EF7
_USBWakeFromSuspend                       text20       0087A
_USB_CD_Ptr                               stringtext   00321
_USB_SD_Ptr                               stringtext   0031B
_USER_USB_CALLBACK_EVENT_HANDLER          text34       009CA
_USTAT                                    (abs)        00E8F
_USTATcopy                                bssBANK1     000E5
_WriteAddress                             text4        00A3F
_WriteRegister                            text3        008BD
__CFG_BOREN$OFF                           (abs)        00000
__CFG_BORV$LO                             (abs)        00000
__CFG_CLKOUTEN$ON                         (abs)        00000
__CFG_CP$OFF                              (abs)        00000
__CFG_CPUDIV$NOCLKDIV                     (abs)        00000
__CFG_FCMEN$OFF                           (abs)        00000
__CFG_FOSC$INTOSC                         (abs)        00000
__CFG_IESO$OFF                            (abs)        00000
__CFG_LPBOR$OFF                           (abs)        00000
__CFG_LVP$OFF                             (abs)        00000
__CFG_MCLRE$OFF                           (abs)        00000
__CFG_PLLEN$DISABLED                      (abs)        00000
__CFG_PLLMULT$3x                          (abs)        00000
__CFG_PWRTE$OFF                           (abs)        00000
__CFG_STVREN$OFF                          (abs)        00000
__CFG_USBLSCLK$48MHz                      (abs)        00000
__CFG_WDTE$OFF                            (abs)        00000
__CFG_WRT$OFF                             (abs)        00000
__Habs1                                   abs1         00000
__Hbank0                                  bank0        00000
__Hbank1                                  bank1        00000
__Hbank10                                 bank10       00000
__Hbank11                                 bank11       00000
__Hbank12                                 bank12       00000
__Hbank13                                 bank13       00000
__Hbank14                                 bank14       00000
__Hbank15                                 bank15       00000
__Hbank16                                 bank16       00000
__Hbank17                                 bank17       00000
__Hbank18                                 bank18       00000
__Hbank19                                 bank19       00000
__Hbank2                                  bank2        00000
__Hbank20                                 bank20       00000
__Hbank21                                 bank21       00000
__Hbank22                                 bank22       00000
__Hbank23                                 bank23       00000
__Hbank24                                 bank24       00000
__Hbank25                                 bank25       00000
__Hbank26                                 bank26       00000
__Hbank27                                 bank27       00000
__Hbank28                                 bank28       00000
__Hbank29                                 bank29       00000
__Hbank3                                  bank3        00000
__Hbank30                                 bank30       00000
__Hbank31                                 bank31       00000
__Hbank4                                  bank4        00000
__Hbank5                                  bank5        00000
__Hbank6                                  bank6        00000
__Hbank7                                  bank7        00000
__Hbank8                                  bank8        00000
__Hbank9                                  bank9        00000
__Hbigram                                 bigram       00000
__HbssBANK1                               bssBANK1     00000
__HbssBANK3                               bssBANK3     00000
__HbssBANK4                               bssBANK4     00000
__HbssBANK5                               bssBANK5     00000
__HbssBANK6                               bssBANK6     00000
__Hcinit                                  cinit        0003E
__Hclrtext                                clrtext      00000
__Hcode                                   code         00000
__Hcommon                                 common       00000
__Hconfig                                 config       08009
__HcstackBANK0                            cstackBANK0  00000
__HcstackBANK1                            cstackBANK1  00000
__HcstackBANK2                            cstackBANK2  00000
__HcstackBANK3                            cstackBANK3  00000
__HcstackBANK4                            cstackBANK4  00000
__HcstackCOMMON                           cstackCOMMON 00000
__Heeprom_data                            eeprom_data  00000
__Hend_init                               end_init     00014
__Hfunctab                                functab      00000
__Hidloc                                  idloc        00000
__Hinit                                   init         00012
__Hintentry                               intentry     00012
__Hmaintext                               maintext     00000
__Hpowerup                                powerup      00000
__Hram                                    ram          00000
__Hreset_vec                              reset_vec    00003
__Hsfr0                                   sfr0         00000
__Hsfr1                                   sfr1         00000
__Hsfr10                                  sfr10        00000
__Hsfr11                                  sfr11        00000
__Hsfr12                                  sfr12        00000
__Hsfr13                                  sfr13        00000
__Hsfr14                                  sfr14        00000
__Hsfr15                                  sfr15        00000
__Hsfr16                                  sfr16        00000
__Hsfr17                                  sfr17        00000
__Hsfr18                                  sfr18        00000
__Hsfr19                                  sfr19        00000
__Hsfr2                                   sfr2         00000
__Hsfr20                                  sfr20        00000
__Hsfr21                                  sfr21        00000
__Hsfr22                                  sfr22        00000
__Hsfr23                                  sfr23        00000
__Hsfr24                                  sfr24        00000
__Hsfr25                                  sfr25        00000
__Hsfr26                                  sfr26        00000
__Hsfr27                                  sfr27        00000
__Hsfr28                                  sfr28        00000
__Hsfr29                                  sfr29        00000
__Hsfr3                                   sfr3         00000
__Hsfr30                                  sfr30        00000
__Hsfr31                                  sfr31        00000
__Hsfr4                                   sfr4         00000
__Hsfr5                                   sfr5         00000
__Hsfr6                                   sfr6         00000
__Hsfr7                                   sfr7         00000
__Hsfr8                                   sfr8         00000
__Hsfr9                                   sfr9         00000
__Hspace_0                                (abs)        08009
__Hspace_1                                (abs)        00360
__Hspace_2                                (abs)        00000
__Hspace_3                                (abs)        00000
__Hstack                                  stack        00000
__Hstrings                                strings      00000
__Hstringtext                             stringtext   00000
__Htext                                   text         00000
__Labs1                                   abs1         00000
__Lbank0                                  bank0        00000
__Lbank1                                  bank1        00000
__Lbank10                                 bank10       00000
__Lbank11                                 bank11       00000
__Lbank12                                 bank12       00000
__Lbank13                                 bank13       00000
__Lbank14                                 bank14       00000
__Lbank15                                 bank15       00000
__Lbank16                                 bank16       00000
__Lbank17                                 bank17       00000
__Lbank18                                 bank18       00000
__Lbank19                                 bank19       00000
__Lbank2                                  bank2        00000
__Lbank20                                 bank20       00000
__Lbank21                                 bank21       00000
__Lbank22                                 bank22       00000
__Lbank23                                 bank23       00000
__Lbank24                                 bank24       00000
__Lbank25                                 bank25       00000
__Lbank26                                 bank26       00000
__Lbank27                                 bank27       00000
__Lbank28                                 bank28       00000
__Lbank29                                 bank29       00000
__Lbank3                                  bank3        00000
__Lbank30                                 bank30       00000
__Lbank31                                 bank31       00000
__Lbank4                                  bank4        00000
__Lbank5                                  bank5        00000
__Lbank6                                  bank6        00000
__Lbank7                                  bank7        00000
__Lbank8                                  bank8        00000
__Lbank9                                  bank9        00000
__Lbigram                                 bigram       00000
__LbssBANK1                               bssBANK1     00000
__LbssBANK3                               bssBANK3     00000
__LbssBANK4                               bssBANK4     00000
__LbssBANK5                               bssBANK5     00000
__LbssBANK6                               bssBANK6     00000
__Lcinit                                  cinit        00014
__Lclrtext                                clrtext      00000
__Lcode                                   code         00000
__Lcommon                                 common       00000
__Lconfig                                 config       08007
__LcstackBANK0                            cstackBANK0  00000
__LcstackBANK1                            cstackBANK1  00000
__LcstackBANK2                            cstackBANK2  00000
__LcstackBANK3                            cstackBANK3  00000
__LcstackBANK4                            cstackBANK4  00000
__LcstackCOMMON                           cstackCOMMON 00000
__Leeprom_data                            eeprom_data  00000
__Lend_init                               end_init     00012
__Lfunctab                                functab      00000
__Lidloc                                  idloc        00000
__Linit                                   init         00012
__Lintentry                               intentry     00004
__Lmaintext                               maintext     00000
__Lpowerup                                powerup      00000
__Lram                                    ram          00000
__Lreset_vec                              reset_vec    00000
__Lsfr0                                   sfr0         00000
__Lsfr1                                   sfr1         00000
__Lsfr10                                  sfr10        00000
__Lsfr11                                  sfr11        00000
__Lsfr12                                  sfr12        00000
__Lsfr13                                  sfr13        00000
__Lsfr14                                  sfr14        00000
__Lsfr15                                  sfr15        00000
__Lsfr16                                  sfr16        00000
__Lsfr17                                  sfr17        00000
__Lsfr18                                  sfr18        00000
__Lsfr19                                  sfr19        00000
__Lsfr2                                   sfr2         00000
__Lsfr20                                  sfr20        00000
__Lsfr21                                  sfr21        00000
__Lsfr22                                  sfr22        00000
__Lsfr23                                  sfr23        00000
__Lsfr24                                  sfr24        00000
__Lsfr25                                  sfr25        00000
__Lsfr26                                  sfr26        00000
__Lsfr27                                  sfr27        00000
__Lsfr28                                  sfr28        00000
__Lsfr29                                  sfr29        00000
__Lsfr3                                   sfr3         00000
__Lsfr30                                  sfr30        00000
__Lsfr31                                  sfr31        00000
__Lsfr4                                   sfr4         00000
__Lsfr5                                   sfr5         00000
__Lsfr6                                   sfr6         00000
__Lsfr7                                   sfr7         00000
__Lsfr8                                   sfr8         00000
__Lsfr9                                   sfr9         00000
__Lspace_0                                (abs)        00000
__Lspace_1                                (abs)        00000
__Lspace_2                                (abs)        00000
__Lspace_3                                (abs)        00000
__Lstack                                  stack        00000
__Lstrings                                strings      00000
__Lstringtext                             stringtext   00000
__Ltext                                   text         00000
__S0                                      (abs)        08009
__S1                                      (abs)        00360
__S2                                      (abs)        00000
___int_sp                                 stack        00000
___latbits                                (abs)        00002
___sp                                     stack        00000
__end_of_CDCInitEP                        text13       00A3F
__end_of_CDCTxService                     text12       0031B
__end_of_ReadPayload                      text10       0095E
__end_of_ReadRegister                     text5        00931
__end_of_SPI_init                         text9        017A4
__end_of_SPI_transfer                     text11       01791
__end_of_SYSTEM_Initialize                text8        017D0
__end_of_SYS_InterruptHigh                intentry     00012
__end_of_USBCheckCDCRequest               text40       00CB9
__end_of_USBCheckStdRequest               text28       00D1B
__end_of_USBConfigureEndpoint             text16       00B02
__end_of_USBCtrlEPAllowDataStage          text27       00C5A
__end_of_USBCtrlEPAllowStatusStage        text43       00DF5
__end_of_USBCtrlEPService                 text24       00BA9
__end_of_USBCtrlEPServiceComplete         text26       0067B
__end_of_USBCtrlTrfInHandler              text44       007FF
__end_of_USBCtrlTrfOutHandler             text41       009CA
__end_of_USBCtrlTrfRxService              text42       005E9
__end_of_USBCtrlTrfSetupHandler           text25       00B55
__end_of_USBCtrlTrfTxService              text45       00D83
__end_of_USBDeviceAttach                  text7        0083B
__end_of_USBDeviceInit                    text6        0049B
__end_of_USBDeviceTasks                   text18       0024B
__end_of_USBEnableEndpoint                text15       008BD
__end_of_USBIncrement1msInternalTimers    text23       01800
__end_of_USBStallHandler                  text22       00907
__end_of_USBStdFeatureReqHandler          text33       00167
__end_of_USBStdGetDscHandler              text32       00E74
__end_of_USBStdGetStatusHandler           text31       00BFE
__end_of_USBStdSetCfgHandler              text29       00709
__end_of_USBSuspend                       text21       0085A
__end_of_USBTransferOnePacket             text14       00F7B
__end_of_USBWakeFromSuspend               text20       0089A
__end_of_USB_CD_Ptr                       stringtext   00323
__end_of_USB_SD_Ptr                       stringtext   00321
__end_of_USER_USB_CALLBACK_EVENT_HANDLER  text34       00A02
__end_of_WriteAddress                     text4        00A7D
__end_of_WriteRegister                    text3        008E0
__end_of__initialization                  cinit        0003A
__end_of_configDescriptor1                stringtext   00366
__end_of_device_dsc                       stringtext   003E0
__end_of_main                             maintext     01000
__end_of_memset                           text30       017E8
__end_of_nRF_Setup                        text2        00793
__end_of_putUSBUSART                      text1        0081E
__end_of_sd000                            stringtext   003E4
__end_of_sd001                            stringtext   0039A
__end_of_sd002                            stringtext   003CE
__end_ofi1_CDCInitEP                      text36       00993
__end_ofi1_SYSTEM_Initialize              text35       017B9
__end_ofi1_USBConfigureEndpoint           text39       00ABF
__end_ofi1_USBDeviceInit                  text19       00548
__end_ofi1_USBEnableEndpoint              text38       0087A
__end_ofi1_USBTransferOnePacket           text37       00EF7
__initialization                          cinit        00014
__pbssBANK1                               bssBANK1     000E0
__pbssBANK3                               bssBANK3     001A0
__pbssBANK4                               bssBANK4     00220
__pbssBANK5                               bssBANK5     002A0
__pbssBANK6                               bssBANK6     00320
__pcstackBANK0                            cstackBANK0  00060
__pcstackBANK1                            cstackBANK1  000E6
__pcstackBANK2                            cstackBANK2  00160
__pcstackBANK3                            cstackBANK3  001ED
__pcstackBANK4                            cstackBANK4  00232
__pcstackCOMMON                           cstackCOMMON 00070
__pintentry                               intentry     00004
__pmaintext                               maintext     00F7B
__pstringtext                             stringtext   0031B
__pswtext1                                swtext1      01000
__ptext1                                  text1        00803
__ptext10                                 text10       00931
__ptext11                                 text11       01788
__ptext12                                 text12       0024B
__ptext13                                 text13       00A02
__ptext14                                 text14       00EF7
__ptext15                                 text15       0089A
__ptext16                                 text16       00ABF
__ptext18                                 text18       00167
__ptext19                                 text19       0049B
__ptext2                                  text2        00709
__ptext20                                 text20       0087A
__ptext21                                 text21       0083B
__ptext22                                 text22       008E0
__ptext23                                 text23       017E8
__ptext24                                 text24       00B55
__ptext25                                 text25       00B02
__ptext26                                 text26       005E9
__ptext27                                 text27       00BFE
__ptext28                                 text28       00CB9
__ptext29                                 text29       0067B
__ptext3                                  text3        008BD
__ptext30                                 text30       017D0
__ptext31                                 text31       00BA9
__ptext32                                 text32       00DF5
__ptext33                                 text33       0003E
__ptext34                                 text34       009CA
__ptext35                                 text35       017A4
__ptext36                                 text36       0095E
__ptext37                                 text37       00E74
__ptext38                                 text38       0085A
__ptext39                                 text39       00A7D
__ptext4                                  text4        00A3F
__ptext40                                 text40       00C5A
__ptext41                                 text41       00993
__ptext42                                 text42       00548
__ptext43                                 text43       00D83
__ptext44                                 text44       00793
__ptext45                                 text45       00D1B
__ptext5                                  text5        00907
__ptext6                                  text6        003E4
__ptext7                                  text7        0081E
__ptext8                                  text8        017B9
__ptext9                                  text9        01791
__size_of_CDCInitEP                       (abs)        00000
__size_of_CDCTxService                    (abs)        00000
__size_of_ReadPayload                     (abs)        00000
__size_of_ReadRegister                    (abs)        00000
__size_of_SPI_init                        (abs)        00000
__size_of_SPI_transfer                    (abs)        00000
__size_of_SYSTEM_Initialize               (abs)        00000
__size_of_SYS_InterruptHigh               (abs)        00000
__size_of_USBCheckCDCRequest              (abs)        00000
__size_of_USBCheckStdRequest              (abs)        00000
__size_of_USBConfigureEndpoint            (abs)        00000
__size_of_USBCtrlEPAllowDataStage         (abs)        00000
__size_of_USBCtrlEPAllowStatusStage       (abs)        00000
__size_of_USBCtrlEPService                (abs)        00000
__size_of_USBCtrlEPServiceComplete        (abs)        00000
__size_of_USBCtrlTrfInHandler             (abs)        00000
__size_of_USBCtrlTrfOutHandler            (abs)        00000
__size_of_USBCtrlTrfRxService             (abs)        00000
__size_of_USBCtrlTrfSetupHandler          (abs)        00000
__size_of_USBCtrlTrfTxService             (abs)        00000
__size_of_USBDeviceAttach                 (abs)        00000
__size_of_USBDeviceInit                   (abs)        00000
__size_of_USBDeviceTasks                  (abs)        00000
__size_of_USBEnableEndpoint               (abs)        00000
__size_of_USBIncrement1msInternalTimers   (abs)        00000
__size_of_USBStallHandler                 (abs)        00000
__size_of_USBStdFeatureReqHandler         (abs)        00000
__size_of_USBStdGetDscHandler             (abs)        00000
__size_of_USBStdGetStatusHandler          (abs)        00000
__size_of_USBStdSetCfgHandler             (abs)        00000
__size_of_USBSuspend                      (abs)        00000
__size_of_USBTransferOnePacket            (abs)        00000
__size_of_USBWakeFromSuspend              (abs)        00000
__size_of_USER_USB_CALLBACK_EVENT_HANDLER (abs)        00000
__size_of_WriteAddress                    (abs)        00000
__size_of_WriteRegister                   (abs)        00000
__size_of_main                            (abs)        00000
__size_of_memset                          (abs)        00000
__size_of_nRF_Setup                       (abs)        00000
__size_of_putUSBUSART                     (abs)        00000
__size_ofi1_CDCInitEP                     (abs)        00000
__size_ofi1_SYSTEM_Initialize             (abs)        00000
__size_ofi1_USBConfigureEndpoint          (abs)        00000
__size_ofi1_USBDeviceInit                 (abs)        00000
__size_ofi1_USBEnableEndpoint             (abs)        00000
__size_ofi1_USBTransferOnePacket          (abs)        00000
_cdc_data_rx                              (abs)        00120
_cdc_data_tx                              (abs)        000A0
_cdc_mem_type                             bssBANK3     001DB
_cdc_rx_len                               bssBANK3     001DC
_cdc_trf_state                            bssBANK3     001DD
_cdc_tx_len                               bssBANK3     001DE
_configDescriptor1                        stringtext   00323
_controlTransferState                     bssBANK1     000E3
_control_signal_bitmap                    bssBANK3     001DF
_device_dsc                               stringtext   003CE
_dummy_encapsulated_cmd_response          bssBANK4     0022A
_endpoint_number                          bssBANK3     001E0
_ep_data_in                               bssBANK3     001C0
_ep_data_out                              bssBANK3     001C3
_inPipes                                  bssBANK3     001B3
_line_coding                              bssBANK3     001E3
_main                                     maintext     00F7B
_memset                                   text30       017D0
_nRF_Setup                                text2        00709
_outPipes                                 bssBANK3     001A0
_pBDTEntryEP0OutCurrent                   bssBANK1     000E4
_pBDTEntryEP0OutNext                      bssBANK1     000E0
_pBDTEntryIn                              bssBANK3     001A7
_pBDTEntryOut                             bssBANK3     001AD
_pCDCDst                                  bssBANK3     001CA
_pCDCSrc                                  bssBANK3     001CC
_pDst                                     bssBANK3     001E1
_putUSBUSART                              text1        00803
_sd000                                    stringtext   003E0
_sd001                                    stringtext   00366
_sd002                                    stringtext   0039A
_shortPacketStatus                        bssBANK3     001E2
btemp                                     (abs)        0007E
clear_ram0                                clrtext      01782
end_of_initialization                     cinit        0003A
i1SYSTEM_Initialize@state                 cstackCOMMON 00070
i1USBConfigureEndpoint@EPNum              cstackCOMMON 00075
i1USBConfigureEndpoint@direction          cstackCOMMON 00070
i1USBConfigureEndpoint@handle             cstackCOMMON 00076
i1USBDeviceInit@i                         cstackCOMMON 00074
i1USBDeviceInit@i_821                     cstackCOMMON 00073
i1USBDeviceInit@p                         cstackCOMMON 00071
i1USBEnableEndpoint@ep                    cstackCOMMON 0007C
i1USBEnableEndpoint@options               cstackCOMMON 00077
i1USBEnableEndpoint@p                     cstackCOMMON 0007A
i1USBTransferOnePacket@data               cstackCOMMON 00071
i1USBTransferOnePacket@dir                cstackCOMMON 00070
i1USBTransferOnePacket@ep                 cstackCOMMON 00078
i1USBTransferOnePacket@handle             cstackCOMMON 00079
i1USBTransferOnePacket@len                cstackCOMMON 00073
i1_CDCInitEP                              text36       0095E
i1_SYSTEM_Initialize                      text35       017A4
i1_USBConfigureEndpoint                   text39       00A7D
i1_USBDeviceInit                          text19       0049B
i1_USBEnableEndpoint                      text38       0085A
i1_USBTransferOnePacket                   text37       00E74
int$flags                                 (abs)        0007E
intlevel0                                 functab      00000
intlevel1                                 functab      00000
intlevel2                                 functab      00000
intlevel3                                 functab      00000
intlevel4                                 functab      00000
intlevel5                                 functab      00000
ltemp                                     (abs)        0007E
ltemp0                                    (abs)        0007E
ltemp1                                    (abs)        00082
ltemp2                                    (abs)        00086
ltemp3                                    (abs)        00080
main@data                                 cstackBANK4  00232
main@status                               cstackBANK4  00234
memset@c                                  cstackCOMMON 00072
memset@n                                  cstackCOMMON 00074
memset@p                                  cstackCOMMON 00076
memset@p1                                 cstackCOMMON 00070
nRF_Setup@RXTX_ADDR                       cstackBANK2  0016B
nRF_Setup@status                          cstackBANK2  0016A
putUSBUSART@data                          cstackBANK2  00162
putUSBUSART@length                        cstackBANK2  00160
reset_vec                                 reset_vec    00000
stackhi                                   (abs)        023EF
stacklo                                   (abs)        02220
start                                     init         00012
start_initialization                      cinit        00014
ttemp                                     (abs)        0007E
ttemp0                                    (abs)        0007E
ttemp1                                    (abs)        00081
ttemp2                                    (abs)        00084
ttemp3                                    (abs)        00087
ttemp4                                    (abs)        0007F
wtemp                                     (abs)        0007E
wtemp0                                    (abs)        0007E
wtemp1                                    (abs)        00080
wtemp2                                    (abs)        00082
wtemp3                                    (abs)        00084
wtemp4                                    (abs)        00086
wtemp5                                    (abs)        00088
wtemp6                                    (abs)        0007F


FUNCTION INFORMATION:

 *************** function _main *****************
 Defined at:
		line 19 in file "../src/main.c"
 Parameters:    Size  Location     Type
		None
 Auto vars:     Size  Location     Type
  data            2    0[BANK4 ] unsigned char [2]
  status          1    2[BANK4 ] unsigned char 
 Return value:  Size  Location     Type
                  1    wreg      void 
 Registers used:
		wreg, fsr0l, fsr0h, fsr1l, fsr1h, status,2, status,0, pclath, cstack
 Tracked objects:
		On entry : 
		On exit  : 
		Unchanged: 
 Data sizes:     COMMON   BANK0   BANK1   BANK2   BANK3   BANK4   BANK5   BANK6   BANK7   BANK8   BANK9  BANK10  BANK11  BANK12
      Params:         0       0       0       0       0       0       0       0       0       0       0       0       0       0
      Locals:         0       0       0       0       0       3       0       0       0       0       0       0       0       0
      Temps:          0       0       0       0       3       0       0       0       0       0       0       0       0       0
      Totals:         0       0       0       0       3       3       0       0       0       0       0       0       0       0
Total ram usage:        6 bytes
 Hardware stack levels required when called:   13
 This function calls:
		_CDCInitEP
		_CDCTxService
		_ReadPayload
		_ReadRegister
		_SPI_init
		_SYSTEM_Initialize
		_USBDeviceAttach
		_USBDeviceInit
		_nRF_Setup
		_putUSBUSART
 This function is called by:
		Startup code after reset
 This function uses a non-reentrant model


 *************** function _putUSBUSART *****************
 Defined at:
		line 556 in file "../lib/usb/src/usb_device_cdc.c"
 Parameters:    Size  Location     Type
  data            1    wreg     PTR unsigned char 
		 -> main@data(2), 
  length          1    0[BANK2 ] unsigned char 
 Auto vars:     Size  Location     Type
  data            1    2[BANK2 ] PTR unsigned char 
		 -> main@data(2), 
 Return value:  Size  Location     Type
                  1    wreg      void 
 Registers used:
		wreg, status,2, status,0
 Tracked objects:
		On entry : 
		On exit  : 
		Unchanged: 
 Data sizes:     COMMON   BANK0   BANK1   BANK2   BANK3   BANK4   BANK5   BANK6   BANK7   BANK8   BANK9  BANK10  BANK11  BANK12
      Params:         0       0       0       1       0       0       0       0       0       0       0       0       0       0
      Locals:         0       0       0       1       0       0       0       0       0       0       0       0       0       0
      Temps:          0       0       0       1       0       0       0       0       0       0       0       0       0       0
      Totals:         0       0       0       3       0       0       0       0       0       0       0       0       0       0
Total ram usage:        3 bytes
 Hardware stack levels used:    1
 Hardware stack levels required when called:   10
 This function calls:
		Nothing
 This function is called by:
		_main
 This function uses a non-reentrant model


 *************** function _nRF_Setup *****************
 Defined at:
		line 20 in file "nRF24L01P.c"
 Parameters:    Size  Location     Type
		None
 Auto vars:     Size  Location     Type
  RXTX_ADDR       5   11[BANK2 ] unsigned char [5]
  status          1   10[BANK2 ] unsigned char 
 Return value:  Size  Location     Type
                  2  597[None  ] int 
 Registers used:
		wreg, fsr1l, fsr1h, status,2, status,0, pclath, cstack
 Tracked objects:
		On entry : 
		On exit  : 
		Unchanged: 
 Data sizes:     COMMON   BANK0   BANK1   BANK2   BANK3   BANK4   BANK5   BANK6   BANK7   BANK8   BANK9  BANK10  BANK11  BANK12
      Params:         0       0       0       0       0       0       0       0       0       0       0       0       0       0
      Locals:         0       0       0       6       0       0       0       0       0       0       0       0       0       0
      Temps:          0       0       0       2       0       0       0       0       0       0       0       0       0       0
      Totals:         0       0       0       8       0       0       0       0       0       0       0       0       0       0
Total ram usage:        8 bytes
 Hardware stack levels used:    1
 Hardware stack levels required when called:   12
 This function calls:
		_ReadRegister
		_WriteAddress
		_WriteRegister
 This function is called by:
		_main
 This function uses a non-reentrant model


 *************** function _WriteRegister *****************
 Defined at:
		line 72 in file "nRF24L01P.c"
 Parameters:    Size  Location     Type
  reg             1    wreg     unsigned char 
  val             1    1[BANK2 ] unsigned char 
 Auto vars:     Size  Location     Type
  reg             1    4[BANK2 ] unsigned char 
 Return value:  Size  Location     Type
                  1    wreg      void 
 Registers used:
		wreg, status,2, status,0, pclath, cstack
 Tracked objects:
		On entry : 
		On exit  : 
		Unchanged: 
 Data sizes:     COMMON   BANK0   BANK1   BANK2   BANK3   BANK4   BANK5   BANK6   BANK7   BANK8   BANK9  BANK10  BANK11  BANK12
      Params:         0       0       0       1       0       0       0       0       0       0       0       0       0       0
      Locals:         0       0       0       1       0       0       0       0       0       0       0       0       0       0
      Temps:          0       0       0       2       0       0       0       0       0       0       0       0       0       0
      Totals:         0       0       0       4       0       0       0       0       0       0       0       0       0       0
Total ram usage:        4 bytes
 Hardware stack levels used:    1
 Hardware stack levels required when called:   11
 This function calls:
		_SPI_transfer
 This function is called by:
		_nRF_Setup
		_FlushTXRX
 This function uses a non-reentrant model


 *************** function _WriteAddress *****************
 Defined at:
		line 84 in file "nRF24L01P.c"
 Parameters:    Size  Location     Type
  reg             1    wreg     unsigned char 
  num             1    1[BANK2 ] unsigned char 
  addr            1    2[BANK2 ] PTR unsigned char 
		 -> nRF_Setup@RXTX_ADDR(5), 
 Auto vars:     Size  Location     Type
  reg             1    5[BANK2 ] unsigned char 
  i               2    6[BANK2 ] int 
 Return value:  Size  Location     Type
                  1    wreg      void 
 Registers used:
		wreg, fsr1l, fsr1h, status,2, status,0, pclath, cstack
 Tracked objects:
		On entry : 
		On exit  : 
		Unchanged: 
 Data sizes:     COMMON   BANK0   BANK1   BANK2   BANK3   BANK4   BANK5   BANK6   BANK7   BANK8   BANK9  BANK10  BANK11  BANK12
      Params:         0       0       0       2       0       0       0       0       0       0       0       0       0       0
      Locals:         0       0       0       3       0       0       0       0       0       0       0       0       0       0
      Temps:          0       0       0       2       0       0       0       0       0       0       0       0       0       0
      Totals:         0       0       0       7       0       0       0       0       0       0       0       0       0       0
Total ram usage:        7 bytes
 Hardware stack levels used:    1
 Hardware stack levels required when called:   11
 This function calls:
		_SPI_transfer
 This function is called by:
		_nRF_Setup
 This function uses a non-reentrant model


 *************** function _ReadRegister *****************
 Defined at:
		line 95 in file "nRF24L01P.c"
 Parameters:    Size  Location     Type
  reg             1    wreg     unsigned char 
 Auto vars:     Size  Location     Type
  reg             1    3[BANK2 ] unsigned char 
  temp1           1    5[BANK2 ] unsigned char 
  temp            1    4[BANK2 ] unsigned char 
 Return value:  Size  Location     Type
                  1    wreg      unsigned char 
 Registers used:
		wreg, status,2, status,0, pclath, cstack
 Tracked objects:
		On entry : 
		On exit  : 
		Unchanged: 
 Data sizes:     COMMON   BANK0   BANK1   BANK2   BANK3   BANK4   BANK5   BANK6   BANK7   BANK8   BANK9  BANK10  BANK11  BANK12
      Params:         0       0       0       0       0       0       0       0       0       0       0       0       0       0
      Locals:         0       0       0       3       0       0       0       0       0       0       0       0       0       0
      Temps:          0       0       0       2       0       0       0       0       0       0       0       0       0       0
      Totals:         0       0       0       5       0       0       0       0       0       0       0       0       0       0
Total ram usage:        5 bytes
 Hardware stack levels used:    1
 Hardware stack levels required when called:   11
 This function calls:
		_SPI_transfer
 This function is called by:
		_main
		_nRF_Setup
 This function uses a non-reentrant model


 *************** function _USBDeviceInit *****************
 Defined at:
		line 277 in file "../lib/usb/src/usb_device.c"
 Parameters:    Size  Location     Type
		None
 Auto vars:     Size  Location     Type
  p               2    1[BANK2 ] PTR unsigned char 
		 -> UEP1(1), 
  i               1    3[BANK2 ] unsigned char 
  i               1    4[BANK2 ] unsigned char 
 Return value:  Size  Location     Type
                  1    wreg      void 
 Registers used:
		wreg, fsr1l, fsr1h, status,2, status,0
 Tracked objects:
		On entry : 
		On exit  : 
		Unchanged: 
 Data sizes:     COMMON   BANK0   BANK1   BANK2   BANK3   BANK4   BANK5   BANK6   BANK7   BANK8   BANK9  BANK10  BANK11  BANK12
      Params:         0       0       0       0       0       0       0       0       0       0       0       0       0       0
      Locals:         0       0       0       4       0       0       0       0       0       0       0       0       0       0
      Temps:          0       0       0       1       0       0       0       0       0       0       0       0       0       0
      Totals:         0       0       0       5       0       0       0       0       0       0       0       0       0       0
Total ram usage:        5 bytes
 Hardware stack levels used:    1
 Hardware stack levels required when called:   10
 This function calls:
		Nothing
 This function is called by:
		_main
 This function uses a non-reentrant model


 *************** function _USBDeviceAttach *****************
 Defined at:
		line 1352 in file "../lib/usb/src/usb_device.c"
 Parameters:    Size  Location     Type
		None
 Auto vars:     Size  Location     Type
		None
 Return value:  Size  Location     Type
                  1    wreg      void 
 Registers used:
		wreg, status,2, status,0
 Tracked objects:
		On entry : 
		On exit  : 
		Unchanged: 
 Data sizes:     COMMON   BANK0   BANK1   BANK2   BANK3   BANK4   BANK5   BANK6   BANK7   BANK8   BANK9  BANK10  BANK11  BANK12
      Params:         0       0       0       0       0       0       0       0       0       0       0       0       0       0
      Locals:         0       0       0       0       0       0       0       0       0       0       0       0       0       0
      Temps:          0       0       0       1       0       0       0       0       0       0       0       0       0       0
      Totals:         0       0       0       1       0       0       0       0       0       0       0       0       0       0
Total ram usage:        1 bytes
 Hardware stack levels used:    1
 Hardware stack levels required when called:   10
 This function calls:
		Nothing
 This function is called by:
		_main
 This function uses a non-reentrant model


 *************** function _SYSTEM_Initialize *****************
 Defined at:
		line 82 in file "system.c"
 Parameters:    Size  Location     Type
  state           1    wreg     enum E2598
 Auto vars:     Size  Location     Type
  state           1    0[BANK2 ] enum E2598
 Return value:  Size  Location     Type
                  1    wreg      void 
 Registers used:
		wreg, fsr0l, fsr0h, status,2, status,0
 Tracked objects:
		On entry : 
		On exit  : 
		Unchanged: 
 Data sizes:     COMMON   BANK0   BANK1   BANK2   BANK3   BANK4   BANK5   BANK6   BANK7   BANK8   BANK9  BANK10  BANK11  BANK12
      Params:         0       0       0       0       0       0       0       0       0       0       0       0       0       0
      Locals:         0       0       0       1       0       0       0       0       0       0       0       0       0       0
      Temps:          0       0       0       0       0       0       0       0       0       0       0       0       0       0
      Totals:         0       0       0       1       0       0       0       0       0       0       0       0       0       0
Total ram usage:        1 bytes
 Hardware stack levels used:    1
 Hardware stack levels required when called:   10
 This function calls:
		Nothing
 This function is called by:
		_main
 This function uses a non-reentrant model


 *************** function _SPI_init *****************
 Defined at:
		line 13 in file "spi_nino.c"
 Parameters:    Size  Location     Type
		None
 Auto vars:     Size  Location     Type
		None
 Return value:  Size  Location     Type
                  1    wreg      void 
 Registers used:
		wreg, status,2, status,0
 Tracked objects:
		On entry : 
		On exit  : 
		Unchanged: 
 Data sizes:     COMMON   BANK0   BANK1   BANK2   BANK3   BANK4   BANK5   BANK6   BANK7   BANK8   BANK9  BANK10  BANK11  BANK12
      Params:         0       0       0       0       0       0       0       0       0       0       0       0       0       0
      Locals:         0       0       0       0       0       0       0       0       0       0       0       0       0       0
      Temps:          0       0       0       0       0       0       0       0       0       0       0       0       0       0
      Totals:         0       0       0       0       0       0       0       0       0       0       0       0       0       0
Total ram usage:        0 bytes
 Hardware stack levels used:    1
 Hardware stack levels required when called:   10
 This function calls:
		Nothing
 This function is called by:
		_main
 This function uses a non-reentrant model


 *************** function _ReadPayload *****************
 Defined at:
		line 132 in file "nRF24L01P.c"
 Parameters:    Size  Location     Type
[...]
      Temps:          0       0       0       0       0       0       0       0       0       0       0       0       0       0
      Totals:         0       6       0       0       0       0       0       0       0       0       0       0       0       0
Total ram usage:        6 bytes
 Hardware stack levels used:    1
 Hardware stack levels required when called:    3
 This function calls:
		_USBCheckCDCRequest
		i1_CDCInitEP
		i1_SYSTEM_Initialize
 This function is called by:
		_USBDeviceTasks
		_USBStdSetCfgHandler
		_USBSuspend
		_USBWakeFromSuspend
		_USBCtrlTrfSetupHandler
		_USBCheckStdRequest
		_USBStdFeatureReqHandler
 This function uses a non-reentrant model


 *************** function i1_SYSTEM_Initialize *****************
 Defined at:
		line 82 in file "system.c"
 Parameters:    Size  Location     Type
  state           1    wreg     enum E2598
 Auto vars:     Size  Location     Type
  state           1    0[COMMON] enum E2598
 Return value:  Size  Location     Type
                  1    wreg      void 
 Registers used:
		wreg, fsr0l, fsr0h, status,2, status,0
 Tracked objects:
		On entry : 
		On exit  : 
		Unchanged: 
 Data sizes:     COMMON   BANK0   BANK1   BANK2   BANK3   BANK4   BANK5   BANK6   BANK7   BANK8   BANK9  BANK10  BANK11  BANK12
      Params:         0       0       0       0       0       0       0       0       0       0       0       0       0       0
      Locals:         1       0       0       0       0       0       0       0       0       0       0       0       0       0
      Temps:          0       0       0       0       0       0       0       0       0       0       0       0       0       0
      Totals:         1       0       0       0       0       0       0       0       0       0       0       0       0       0
Total ram usage:        1 bytes
 Hardware stack levels used:    1
 This function calls:
		Nothing
 This function is called by:
		_USER_USB_CALLBACK_EVENT_HANDLER
 This function uses a non-reentrant model


 *************** function i1_CDCInitEP *****************
 Defined at:
		line 294 in file "../lib/usb/src/usb_device_cdc.c"
 Parameters:    Size  Location     Type
		None
 Auto vars:     Size  Location     Type
		None
 Return value:  Size  Location     Type
                  1    wreg      void 
 Registers used:
		wreg, fsr1l, fsr1h, status,2, status,0, pclath, cstack
 Tracked objects:
		On entry : 
		On exit  : 
		Unchanged: 
 Data sizes:     COMMON   BANK0   BANK1   BANK2   BANK3   BANK4   BANK5   BANK6   BANK7   BANK8   BANK9  BANK10  BANK11  BANK12
      Params:         0       0       0       0       0       0       0       0       0       0       0       0       0       0
      Locals:         0       0       0       0       0       0       0       0       0       0       0       0       0       0
      Temps:          1       0       0       0       0       0       0       0       0       0       0       0       0       0
      Totals:         1       0       0       0       0       0       0       0       0       0       0       0       0       0
Total ram usage:        1 bytes
 Hardware stack levels used:    1
 Hardware stack levels required when called:    2
 This function calls:
		i1_USBEnableEndpoint
		i1_USBTransferOnePacket
 This function is called by:
		_USER_USB_CALLBACK_EVENT_HANDLER
 This function uses a non-reentrant model


 *************** function i1_USBTransferOnePacket *****************
 Defined at:
		line 995 in file "../lib/usb/src/usb_device.c"
 Parameters:    Size  Location     Type
  ep              1    wreg     unsigned char 
  dir             1    0[COMMON] unsigned char 
  data            2    1[COMMON] PTR unsigned char 
		 -> cdc_data_tx(64), cdc_data_rx(64), NULL(0), 
  len             1    3[COMMON] unsigned char 
 Auto vars:     Size  Location     Type
  ep              1    8[COMMON] unsigned char 
  USBTransferO    2    9[COMMON] PTR volatile struct __BD
		 -> RAM(4096), NULL(0), BDT(48), 
 Return value:  Size  Location     Type
                  2    0[COMMON] PTR void 
 Registers used:
		wreg, fsr1l, fsr1h, status,2, status,0
 Tracked objects:
		On entry : 
		On exit  : 
		Unchanged: 
 Data sizes:     COMMON   BANK0   BANK1   BANK2   BANK3   BANK4   BANK5   BANK6   BANK7   BANK8   BANK9  BANK10  BANK11  BANK12
      Params:         4       0       0       0       0       0       0       0       0       0       0       0       0       0
      Locals:         3       0       0       0       0       0       0       0       0       0       0       0       0       0
      Temps:          4       0       0       0       0       0       0       0       0       0       0       0       0       0
      Totals:        11       0       0       0       0       0       0       0       0       0       0       0       0       0
Total ram usage:       11 bytes
 Hardware stack levels used:    1
 This function calls:
		Nothing
 This function is called by:
		i1_CDCInitEP
 This function uses a non-reentrant model


 *************** function i1_USBEnableEndpoint *****************
 Defined at:
		line 878 in file "../lib/usb/src/usb_device.c"
 Parameters:    Size  Location     Type
  ep              1    wreg     unsigned char 
  options         1    7[COMMON] unsigned char 
 Auto vars:     Size  Location     Type
  ep              1   12[COMMON] unsigned char 
  USBEnableEnd    2   10[COMMON] PTR unsigned char 
		 -> UEP0(1), 
 Return value:  Size  Location     Type
                  1    wreg      void 
 Registers used:
		wreg, fsr1l, fsr1h, status,2, status,0, pclath, cstack
 Tracked objects:
		On entry : 
		On exit  : 
		Unchanged: 
 Data sizes:     COMMON   BANK0   BANK1   BANK2   BANK3   BANK4   BANK5   BANK6   BANK7   BANK8   BANK9  BANK10  BANK11  BANK12
      Params:         1       0       0       0       0       0       0       0       0       0       0       0       0       0
      Locals:         3       0       0       0       0       0       0       0       0       0       0       0       0       0
      Temps:          2       0       0       0       0       0       0       0       0       0       0       0       0       0
      Totals:         6       0       0       0       0       0       0       0       0       0       0       0       0       0
Total ram usage:        6 bytes
 Hardware stack levels used:    1
 Hardware stack levels required when called:    1
 This function calls:
		i1_USBConfigureEndpoint
 This function is called by:
		i1_CDCInitEP
 This function uses a non-reentrant model


 *************** function i1_USBConfigureEndpoint *****************
 Defined at:
		line 1543 in file "../lib/usb/src/usb_device.c"
 Parameters:    Size  Location     Type
  EPNum           1    wreg     unsigned char 
  direction       1    0[COMMON] unsigned char 
 Auto vars:     Size  Location     Type
  EPNum           1    5[COMMON] unsigned char 
  USBConfigure    1    6[COMMON] PTR volatile struct __BD
		 -> BDT(48), 
 Return value:  Size  Location     Type
                  1    wreg      void 
 Registers used:
		wreg, fsr1l, fsr1h, status,2, status,0
 Tracked objects:
		On entry : 
		On exit  : 
		Unchanged: 
 Data sizes:     COMMON   BANK0   BANK1   BANK2   BANK3   BANK4   BANK5   BANK6   BANK7   BANK8   BANK9  BANK10  BANK11  BANK12
      Params:         1       0       0       0       0       0       0       0       0       0       0       0       0       0
      Locals:         2       0       0       0       0       0       0       0       0       0       0       0       0       0
      Temps:          4       0       0       0       0       0       0       0       0       0       0       0       0       0
      Totals:         7       0       0       0       0       0       0       0       0       0       0       0       0       0
Total ram usage:        7 bytes
 Hardware stack levels used:    1
 This function calls:
		Nothing
 This function is called by:
		i1_USBEnableEndpoint
 This function uses a non-reentrant model


 *************** function _USBCheckCDCRequest *****************
 Defined at:
		line 147 in file "../lib/usb/src/usb_device_cdc.c"
 Parameters:    Size  Location     Type
		None
 Auto vars:     Size  Location     Type
		None
 Return value:  Size  Location     Type
                  1    wreg      void 
 Registers used:
		wreg, fsr0l, fsr0h, status,2, status,0
 Tracked objects:
		On entry : 
		On exit  : 
		Unchanged: 
 Data sizes:     COMMON   BANK0   BANK1   BANK2   BANK3   BANK4   BANK5   BANK6   BANK7   BANK8   BANK9  BANK10  BANK11  BANK12
      Params:         0       0       0       0       0       0       0       0       0       0       0       0       0       0
      Locals:         0       0       0       0       0       0       0       0       0       0       0       0       0       0
      Temps:          1       0       0       0       0       0       0       0       0       0       0       0       0       0
      Totals:         1       0       0       0       0       0       0       0       0       0       0       0       0       0
Total ram usage:        1 bytes
 Hardware stack levels used:    1
 This function calls:
		Nothing
 This function is called by:
		_USER_USB_CALLBACK_EVENT_HANDLER
 This function uses a non-reentrant model


 *************** function _USBCtrlTrfOutHandler *****************
 Defined at:
		line 2538 in file "../lib/usb/src/usb_device.c"
 Parameters:    Size  Location     Type
		None
 Auto vars:     Size  Location     Type
		None
 Return value:  Size  Location     Type
                  1    wreg      void 
 Registers used:
		wreg, fsr1l, fsr1h, status,2, status,0, pclath, cstack
 Tracked objects:
		On entry : 
		On exit  : 
		Unchanged: 
 Data sizes:     COMMON   BANK0   BANK1   BANK2   BANK3   BANK4   BANK5   BANK6   BANK7   BANK8   BANK9  BANK10  BANK11  BANK12
      Params:         0       0       0       0       0       0       0       0       0       0       0       0       0       0
      Locals:         0       0       0       0       0       0       0       0       0       0       0       0       0       0
      Temps:          2       0       0       0       0       0       0       0       0       0       0       0       0       0
      Totals:         2       0       0       0       0       0       0       0       0       0       0       0       0       0
Total ram usage:        2 bytes
 Hardware stack levels used:    1
 Hardware stack levels required when called:    2
 This function calls:
		_USBCtrlTrfRxService
 This function is called by:
		_USBCtrlEPService
 This function uses a non-reentrant model


 *************** function _USBCtrlTrfRxService *****************
 Defined at:
		line 1852 in file "../lib/usb/src/usb_device.c"
 Parameters:    Size  Location     Type
		None
 Auto vars:     Size  Location     Type
  byteToRead      1    5[COMMON] unsigned char 
  i               1    4[COMMON] unsigned char 
 Return value:  Size  Location     Type
                  1    wreg      void 
 Registers used:
		wreg, fsr1l, fsr1h, status,2, status,0, pclath, cstack
 Tracked objects:
		On entry : 
		On exit  : 
		Unchanged: 
 Data sizes:     COMMON   BANK0   BANK1   BANK2   BANK3   BANK4   BANK5   BANK6   BANK7   BANK8   BANK9  BANK10  BANK11  BANK12
      Params:         0       0       0       0       0       0       0       0       0       0       0       0       0       0
      Locals:         2       0       0       0       0       0       0       0       0       0       0       0       0       0
      Temps:          2       0       0       0       0       0       0       0       0       0       0       0       0       0
      Totals:         4       0       0       0       0       0       0       0       0       0       0       0       0       0
Total ram usage:        4 bytes
 Hardware stack levels used:    1
 Hardware stack levels required when called:    1
 This function calls:
		_USBCtrlEPAllowStatusStage
 This function is called by:
		_USBCtrlTrfOutHandler
 This function uses a non-reentrant model


 *************** function _USBCtrlEPAllowStatusStage *****************
 Defined at:
		line 1416 in file "../lib/usb/src/usb_device.c"
 Parameters:    Size  Location     Type
		None
 Auto vars:     Size  Location     Type
		None
 Return value:  Size  Location     Type
                  1    wreg      void 
 Registers used:
		wreg, fsr1l, fsr1h, status,2, status,0
 Tracked objects:
		On entry : 
		On exit  : 
		Unchanged: 
 Data sizes:     COMMON   BANK0   BANK1   BANK2   BANK3   BANK4   BANK5   BANK6   BANK7   BANK8   BANK9  BANK10  BANK11  BANK12
      Params:         0       0       0       0       0       0       0       0       0       0       0       0       0       0
      Locals:         0       0       0       0       0       0       0       0       0       0       0       0       0       0
      Temps:          2       0       0       0       0       0       0       0       0       0       0       0       0       0
      Totals:         2       0       0       0       0       0       0       0       0       0       0       0       0       0
Total ram usage:        2 bytes
 Hardware stack levels used:    1
 This function calls:
		Nothing
 This function is called by:
		_USBDeviceTasks
		_USBCtrlEPServiceComplete
		_USBCtrlTrfRxService
 This function uses a non-reentrant model


 *************** function _USBCtrlTrfInHandler *****************
 Defined at:
		line 2592 in file "../lib/usb/src/usb_device.c"
 Parameters:    Size  Location     Type
		None
 Auto vars:     Size  Location     Type
  lastDTS         1    5[COMMON] unsigned char 
 Return value:  Size  Location     Type
                  1    wreg      void 
 Registers used:
		wreg, fsr0l, fsr0h, fsr1l, fsr1h, status,2, status,0, pclath, cstack
 Tracked objects:
		On entry : 
		On exit  : 
		Unchanged: 
 Data sizes:     COMMON   BANK0   BANK1   BANK2   BANK3   BANK4   BANK5   BANK6   BANK7   BANK8   BANK9  BANK10  BANK11  BANK12
      Params:         0       0       0       0       0       0       0       0       0       0       0       0       0       0
      Locals:         1       0       0       0       0       0       0       0       0       0       0       0       0       0
      Temps:          2       0       0       0       0       0       0       0       0       0       0       0       0       0
      Totals:         3       0       0       0       0       0       0       0       0       0       0       0       0       0
Total ram usage:        3 bytes
 Hardware stack levels used:    1
 Hardware stack levels required when called:    1
 This function calls:
		_USBCtrlTrfTxService
 This function is called by:
		_USBCtrlEPService
 This function uses a non-reentrant model


 *************** function _USBCtrlTrfTxService *****************
 Defined at:
		line 1771 in file "../lib/usb/src/usb_device.c"
 Parameters:    Size  Location     Type
		None
 Auto vars:     Size  Location     Type
  byteToSend      1    2[COMMON] unsigned char 
 Return value:  Size  Location     Type
                  1    wreg      void 
 Registers used:
		wreg, fsr0l, fsr0h, fsr1l, fsr1h, status,2, status,0, pclath
 Tracked objects:
		On entry : 
		On exit  : 
		Unchanged: 
 Data sizes:     COMMON   BANK0   BANK1   BANK2   BANK3   BANK4   BANK5   BANK6   BANK7   BANK8   BANK9  BANK10  BANK11  BANK12
      Params:         0       0       0       0       0       0       0       0       0       0       0       0       0       0
      Locals:         1       0       0       0       0       0       0       0       0       0       0       0       0       0
      Temps:          2       0       0       0       0       0       0       0       0       0       0       0       0       0
      Totals:         3       0       0       0       0       0       0       0       0       0       0       0       0       0
Total ram usage:        3 bytes
 Hardware stack levels used:    1
 This function calls:
		Nothing
 This function is called by:
		_USBCtrlEPAllowDataStage
		_USBCtrlTrfInHandler
 This function uses a non-reentrant model



MODULE INFORMATION

Module		Function		Class		Link	Load	Size
../lib/usb/src/usb_device_cdc.c
		_CDCTxService  		CODE           	024B	0000	209
		_CDCInitEP     		CODE           	0A02	0000	62
		_putUSBUSART   		CODE           	0803	0000	28
		_USBCheckCDCRequest		CODE           	0C5A	0000	96

../lib/usb/src/usb_device_cdc.c estimated size: 395

../src/usb_events.c
		_USER_USB_CALLBACK_EVENT_HANDLER		CODE           	09CA	0000	57

../src/usb_events.c estimated size: 57

../lib/usb/src/usb_device.c
		_USBCtrlTrfInHandler		CODE           	0793	0000	109
		_USBTransferOnePacket		CODE           	0EF7	0000	133
		_USBDeviceAttach		CODE           	081E	0000	30
		_USBStdGetDscHandler		CODE           	0DF5	0000	128
		_USBCtrlEPAllowDataStage		CODE           	0BFE	0000	93
		_USBStdFeatureReqHandler		CODE           	003E	0000	298
		_USBCtrlEPAllowStatusStage		CODE           	0D83	0000	115
		_USBCtrlTrfSetupHandler		CODE           	0B02	0000	84
		_USBCtrlTrfOutHandler		CODE           	0993	0000	56
		_USBCtrlEPServiceComplete		CODE           	05E9	0000	147
		_USBSuspend    		CODE           	083B	0000	32
		_USBStdSetCfgHandler		CODE           	067B	0000	143
		_USBStdGetStatusHandler		CODE           	0BA9	0000	86
		_USBWakeFromSuspend		CODE           	087A	0000	33
		_USBCtrlTrfRxService		CODE           	0548	0000	162
		_USBCtrlTrfTxService		CODE           	0D1B	0000	105
		_USBEnableEndpoint		CODE           	089A	0000	36
		_USBConfigureEndpoint		CODE           	0ABF	0000	68
		_USBDeviceInit 		CODE           	03E4	0000	184
		_USBIncrement1msInternalTimers		CODE           	17E8	0000	25
		_USBCtrlEPService		CODE           	0B55	0000	85
		_USBStallHandler		CODE           	08E0	0000	40
		_USBDeviceTasks		CODE           	0167	0000	229
		_USBCheckStdRequest		CODE           	0CB9	0000	99

../lib/usb/src/usb_device.c estimated size: 2520

nRF24L01P.c
		_nRF_Setup     		CODE           	0709	0000	139
		_WriteRegister 		CODE           	08BD	0000	36
		_ReadPayload   		CODE           	0931	0000	46
		_WriteAddress  		CODE           	0A3F	0000	63
		_ReadRegister  		CODE           	0907	0000	43

nRF24L01P.c estimated size: 327

spi_nino.c
		_SPI_init      		CODE           	1791	0000	20
		_SPI_transfer  		CODE           	1788	0000	10

spi_nino.c estimated size: 30

shared
		_configDescriptor1		STRCODE        	0323	0000	68
		_USB_CD_Ptr    		STRCODE        	0321	0000	3
		_sd001         		STRCODE        	0366	0000	53
		_sd002         		STRCODE        	039A	0000	53
		i1_USBDeviceInit		CODE           	049B	0000	174
		i1_USBConfigureEndpoint		CODE           	0A7D	0000	67
		__initialization		CODE           	0014	0000	39
		_device_dsc    		STRCODE        	03CE	0000	19
		i1_CDCInitEP   		CODE           	095E	0000	54
		i1_SYSTEM_Initialize		CODE           	17A4	0000	22
		_USB_SD_Ptr    		STRCODE        	031B	0000	7
		i1_USBEnableEndpoint		CODE           	085A	0000	33
		_sd000         		STRCODE        	03E0	0000	5
		i1_USBTransferOnePacket		CODE           	0E74	0000	132

shared estimated size: 729

C:\Program Files (x86)\Microchip\xc8\v1.38\sources\common\memset.c
		_memset        		CODE           	17D0	0000	25

C:\Program Files (x86)\Microchip\xc8\v1.38\sources\common\memset.c estimated size: 25

../src/main.c
		_main          		CODE           	0F7B	0000	134

../src/main.c estimated size: 134

system.c
		_SYS_InterruptHigh		CODE           	0004	0000	15
		_SYSTEM_Initialize		CODE           	17B9	0000	24

system.c estimated size: 39

